Archive member included to satisfy reference by file (symbol)

c:/program files (x86)/gnu tools arm embedded/9 2019-q4-major/bin/../lib/gcc/arm-none-eabi/9.2.1/../../../../arm-none-eabi/lib/thumb/v7e-m+fp/hard\libc_nano.a(lib_a-ctype_.o)
                              _build/nrf52832_xxaa/nrf_log_str_formatter.c.o (_ctype_)
c:/program files (x86)/gnu tools arm embedded/9 2019-q4-major/bin/../lib/gcc/arm-none-eabi/9.2.1/../../../../arm-none-eabi/lib/thumb/v7e-m+fp/hard\libc_nano.a(lib_a-exit.o)
                              c:/program files (x86)/gnu tools arm embedded/9 2019-q4-major/bin/../lib/gcc/arm-none-eabi/9.2.1/../../../../arm-none-eabi/lib/thumb/v7e-m+fp/hard/crt0.o (exit)
c:/program files (x86)/gnu tools arm embedded/9 2019-q4-major/bin/../lib/gcc/arm-none-eabi/9.2.1/../../../../arm-none-eabi/lib/thumb/v7e-m+fp/hard\libc_nano.a(lib_a-impure.o)
                              c:/program files (x86)/gnu tools arm embedded/9 2019-q4-major/bin/../lib/gcc/arm-none-eabi/9.2.1/../../../../arm-none-eabi/lib/thumb/v7e-m+fp/hard\libc_nano.a(lib_a-exit.o) (_global_impure_ptr)
c:/program files (x86)/gnu tools arm embedded/9 2019-q4-major/bin/../lib/gcc/arm-none-eabi/9.2.1/../../../../arm-none-eabi/lib/thumb/v7e-m+fp/hard\libc_nano.a(lib_a-init.o)
                              c:/program files (x86)/gnu tools arm embedded/9 2019-q4-major/bin/../lib/gcc/arm-none-eabi/9.2.1/../../../../arm-none-eabi/lib/thumb/v7e-m+fp/hard/crt0.o (__libc_init_array)
c:/program files (x86)/gnu tools arm embedded/9 2019-q4-major/bin/../lib/gcc/arm-none-eabi/9.2.1/../../../../arm-none-eabi/lib/thumb/v7e-m+fp/hard\libc_nano.a(lib_a-memcmp.o)
                              _build/nrf52832_xxaa/ble_advdata.c.o (memcmp)
c:/program files (x86)/gnu tools arm embedded/9 2019-q4-major/bin/../lib/gcc/arm-none-eabi/9.2.1/../../../../arm-none-eabi/lib/thumb/v7e-m+fp/hard\libc_nano.a(lib_a-memcpy-stub.o)
                              _build/nrf52832_xxaa/nrf_log_frontend.c.o (memcpy)
c:/program files (x86)/gnu tools arm embedded/9 2019-q4-major/bin/../lib/gcc/arm-none-eabi/9.2.1/../../../../arm-none-eabi/lib/thumb/v7e-m+fp/hard\libc_nano.a(lib_a-memset.o)
                              c:/program files (x86)/gnu tools arm embedded/9 2019-q4-major/bin/../lib/gcc/arm-none-eabi/9.2.1/../../../../arm-none-eabi/lib/thumb/v7e-m+fp/hard/crt0.o (memset)
c:/program files (x86)/gnu tools arm embedded/9 2019-q4-major/bin/../lib/gcc/arm-none-eabi/9.2.1/../../../../arm-none-eabi/lib/thumb/v7e-m+fp/hard\libc_nano.a(lib_a-strcpy.o)
                              _build/nrf52832_xxaa/SEGGER_RTT.c.o (strcpy)
c:/program files (x86)/gnu tools arm embedded/9 2019-q4-major/bin/../lib/gcc/arm-none-eabi/9.2.1/../../../../arm-none-eabi/lib/thumb/v7e-m+fp/hard\libc_nano.a(lib_a-strlen.o)
                              _build/nrf52832_xxaa/nrf_log_frontend.c.o (strlen)
c:/program files (x86)/gnu tools arm embedded/9 2019-q4-major/bin/../lib/gcc/arm-none-eabi/9.2.1/../../../../arm-none-eabi/lib/thumb/v7e-m+fp/hard\libnosys.a(_exit.o)
                              c:/program files (x86)/gnu tools arm embedded/9 2019-q4-major/bin/../lib/gcc/arm-none-eabi/9.2.1/../../../../arm-none-eabi/lib/thumb/v7e-m+fp/hard\libc_nano.a(lib_a-exit.o) (_exit)

Allocating common symbols
Common symbol       size              file

nrf_nvic_state      0xc               _build/nrf52832_xxaa/app_util_platform.c.o
nrf_drv_uart_use_easy_dma
                    0x1               _build/nrf52832_xxaa/nrf_drv_uart.c.o
_SEGGER_RTT         0x78              _build/nrf52832_xxaa/SEGGER_RTT.c.o

Discarded input sections

 .text          0x00000000        0x0 c:/program files (x86)/gnu tools arm embedded/9 2019-q4-major/bin/../lib/gcc/arm-none-eabi/9.2.1/thumb/v7e-m+fp/hard/crti.o
 .data          0x00000000        0x0 c:/program files (x86)/gnu tools arm embedded/9 2019-q4-major/bin/../lib/gcc/arm-none-eabi/9.2.1/thumb/v7e-m+fp/hard/crti.o
 .bss           0x00000000        0x0 c:/program files (x86)/gnu tools arm embedded/9 2019-q4-major/bin/../lib/gcc/arm-none-eabi/9.2.1/thumb/v7e-m+fp/hard/crti.o
 .data          0x00000000        0x4 c:/program files (x86)/gnu tools arm embedded/9 2019-q4-major/bin/../lib/gcc/arm-none-eabi/9.2.1/thumb/v7e-m+fp/hard/crtbegin.o
 .data          0x00000000        0x0 c:/program files (x86)/gnu tools arm embedded/9 2019-q4-major/bin/../lib/gcc/arm-none-eabi/9.2.1/../../../../arm-none-eabi/lib/thumb/v7e-m+fp/hard/crt0.o
 .bss           0x00000000        0x0 c:/program files (x86)/gnu tools arm embedded/9 2019-q4-major/bin/../lib/gcc/arm-none-eabi/9.2.1/../../../../arm-none-eabi/lib/thumb/v7e-m+fp/hard/crt0.o
 .ARM.extab     0x00000000        0x0 c:/program files (x86)/gnu tools arm embedded/9 2019-q4-major/bin/../lib/gcc/arm-none-eabi/9.2.1/../../../../arm-none-eabi/lib/thumb/v7e-m+fp/hard/crt0.o
 .data          0x00000000        0x0 _build/nrf52832_xxaa/gcc_startup_nrf52.S.o
 .bss           0x00000000        0x0 _build/nrf52832_xxaa/gcc_startup_nrf52.S.o
[...]
Memory Configuration

Name             Origin             Length             Attributes
FLASH            0x00026000         0x0005a000         xr
RAM              0x200022b8         0x0000dd48         xrw
*default*        0x00000000         0xffffffff

Linker script and memory map


.text           0x00026000     0x62ec
 *(.isr_vector)
 .isr_vector    0x00026000      0x200 _build/nrf52832_xxaa/gcc_startup_nrf52.S.o
                0x00026000                __isr_vector
 *(.text*)
 .text          0x00026200       0x40 c:/program files (x86)/gnu tools arm embedded/9 2019-q4-major/bin/../lib/gcc/arm-none-eabi/9.2.1/thumb/v7e-m+fp/hard/crtbegin.o
 .text          0x00026240       0x74 c:/program files (x86)/gnu tools arm embedded/9 2019-q4-major/bin/../lib/gcc/arm-none-eabi/9.2.1/../../../../arm-none-eabi/lib/thumb/v7e-m+fp/hard/crt0.o
                0x00026240                _start
                0x00026240                _mainCRTStartup
 .text          0x000262b4       0x3c _build/nrf52832_xxaa/gcc_startup_nrf52.S.o
                0x000262b4                Reset_Handler
                0x000262dc                NMI_Handler
                0x000262de                HardFault_Handler
                0x000262e0                MemoryManagement_Handler
                0x000262e2                BusFault_Handler
                0x000262e4                UsageFault_Handler
                0x000262e6                SVC_Handler
                0x000262e8                DebugMon_Handler
                0x000262ea                PendSV_Handler
                0x000262ec                SysTick_Handler
                0x000262ee                TEMP_IRQHandler
                0x000262ee                QDEC_IRQHandler
                0x000262ee                TIMER3_IRQHandler
                0x000262ee                FPU_IRQHandler
                0x000262ee                SPIM0_SPIS0_TWIM0_TWIS0_SPI0_TWI0_IRQHandler
                0x000262ee                PDM_IRQHandler
                0x000262ee                TIMER4_IRQHandler
                0x000262ee                I2S_IRQHandler
                0x000262ee                SWI4_EGU4_IRQHandler
                0x000262ee                TIMER0_IRQHandler
                0x000262ee                RADIO_IRQHandler
                0x000262ee                RTC0_IRQHandler
                0x000262ee                PWM2_IRQHandler
                0x000262ee                ECB_IRQHandler
                0x000262ee                SPIM1_SPIS1_TWIM1_TWIS1_SPI1_TWI1_IRQHandler
                0x000262ee                Default_Handler
                0x000262ee                SAADC_IRQHandler
                0x000262ee                CCM_AAR_IRQHandler
                0x000262ee                WDT_IRQHandler
                0x000262ee                PWM1_IRQHandler
                0x000262ee                SWI5_EGU5_IRQHandler
                0x000262ee                RNG_IRQHandler
                0x000262ee                RTC2_IRQHandler
                0x000262ee                PWM0_IRQHandler
                0x000262ee                SWI3_EGU3_IRQHandler
                0x000262ee                SWI1_EGU1_IRQHandler
                0x000262ee                SPIM2_SPIS2_SPI2_IRQHandler
                0x000262ee                NFCT_IRQHandler
                0x000262ee                TIMER1_IRQHandler
                0x000262ee                MWU_IRQHandler
                0x000262ee                TIMER2_IRQHandler
                0x000262ee                COMP_LPCOMP_IRQHandler
 .text.nrf_log_backend_serial_put
                0x000262f0       0xd8 _build/nrf52832_xxaa/nrf_log_backend_serial.c.o
                0x000262f0                nrf_log_backend_serial_put
 .text.uart_evt_handler
                0x000263c8        0xc _build/nrf52832_xxaa/nrf_log_backend_uart.c.o
 .text.nrf_log_backend_uart_flush
                0x000263d4        0x4 _build/nrf52832_xxaa/nrf_log_backend_uart.c.o
 .text.nrf_log_backend_uart_put
                0x000263d8       0x20 _build/nrf52832_xxaa/nrf_log_backend_uart.c.o
 .text.serial_tx
                0x000263f8       0x4c _build/nrf52832_xxaa/nrf_log_backend_uart.c.o
 .text.nrf_log_backend_uart_panic_set
                0x00026444       0x7c _build/nrf52832_xxaa/nrf_log_backend_uart.c.o
 .text.nrf_log_backend_uart_init
                0x000264c0       0x68 _build/nrf52832_xxaa/nrf_log_backend_uart.c.o
                0x000264c0                nrf_log_backend_uart_init
 .text.nrf_log_default_backends_init
                0x00026528       0x1c _build/nrf52832_xxaa/nrf_log_default_backends.c.o
                0x00026528                nrf_log_default_backends_init
 .text.nrf_log_init
                0x00026544       0x54 _build/nrf52832_xxaa/nrf_log_frontend.c.o
                0x00026544                nrf_log_init
 .text.nrf_log_module_name_get
                0x00026598       0x48 _build/nrf52832_xxaa/nrf_log_frontend.c.o
                0x00026598                nrf_log_module_name_get
 .text.nrf_log_color_id_get
                0x000265e0       0x2c _build/nrf52832_xxaa/nrf_log_frontend.c.o
                0x000265e0                nrf_log_color_id_get
 .text.nrf_log_frontend_dequeue
                0x0002660c      0x254 _build/nrf52832_xxaa/nrf_log_frontend.c.o
                0x0002660c                nrf_log_frontend_dequeue
 .text.nrf_log_frontend_std_0
                0x00026860      0x194 _build/nrf52832_xxaa/nrf_log_frontend.c.o
                0x00026860                nrf_log_frontend_std_0
 .text.nrf_log_frontend_std_1
                0x000269f4      0x1b0 _build/nrf52832_xxaa/nrf_log_frontend.c.o
                0x000269f4                nrf_log_frontend_std_1
 .text.nrf_log_frontend_std_2
                0x00026ba4      0x1b0 _build/nrf52832_xxaa/nrf_log_frontend.c.o
                0x00026ba4                nrf_log_frontend_std_2
 .text.nrf_log_backend_add
                0x00026d54       0x50 _build/nrf52832_xxaa/nrf_log_frontend.c.o
                0x00026d54                nrf_log_backend_add
 .text.nrf_log_panic
                0x00026da4       0x28 _build/nrf52832_xxaa/nrf_log_frontend.c.o
                0x00026da4                nrf_log_panic
 .text.prefix_process
                0x00026dcc       0x80 _build/nrf52832_xxaa/nrf_log_str_formatter.c.o
 .text.nrf_log_std_entry_process
                0x00026e4c       0xf0 _build/nrf52832_xxaa/nrf_log_str_formatter.c.o
                0x00026e4c                nrf_log_std_entry_process
 .text.nrf_log_hexdump_entry_process
                0x00026f3c       0xf4 _build/nrf52832_xxaa/nrf_log_str_formatter.c.o
                0x00026f3c                nrf_log_hexdump_entry_process
 .text.detection_delay_timeout_handler
                0x00027030      0x10c _build/nrf52832_xxaa/app_button.c.o
 .text.gpiote_event_handler
                0x0002713c       0xa0 _build/nrf52832_xxaa/app_button.c.o
 .text.app_button_init
                0x000271dc       0xb0 _build/nrf52832_xxaa/app_button.c.o
                0x000271dc                app_button_init
 .text.app_button_enable
                0x0002728c       0x2c _build/nrf52832_xxaa/app_button.c.o
                0x0002728c                app_button_enable
 .text.app_button_disable
                0x000272b8       0x34 _build/nrf52832_xxaa/app_button.c.o
                0x000272b8                app_button_disable
 .text.app_error_handler_bare
                0x000272ec       0x20 _build/nrf52832_xxaa/app_error.c.o
                0x000272ec                app_error_handler_bare
 .text.app_error_fault_handler
                0x0002730c       0x6c _build/nrf52832_xxaa/app_error_weak.c.o
                0x0002730c                app_error_fault_handler
 .text.RTC1_IRQHandler
                0x00027378       0xa0 _build/nrf52832_xxaa/app_timer.c.o
                0x00027378                RTC1_IRQHandler
 .text.SWI0_EGU0_IRQHandler
                0x00027418      0x3e0 _build/nrf52832_xxaa/app_timer.c.o
                0x00027418                SWI0_EGU0_IRQHandler
 .text.app_timer_init
                0x000277f8       0xa8 _build/nrf52832_xxaa/app_timer.c.o
                0x000277f8                app_timer_init
 .text.app_timer_create
                0x000278a0       0x24 _build/nrf52832_xxaa/app_timer.c.o
                0x000278a0                app_timer_create
 .text.app_timer_start
                0x000278c4       0xac _build/nrf52832_xxaa/app_timer.c.o
                0x000278c4                app_timer_start
 .text.app_timer_stop
                0x00027970       0x78 _build/nrf52832_xxaa/app_timer.c.o
                0x00027970                app_timer_stop
 .text.app_util_critical_region_enter
                0x000279e8       0x4c _build/nrf52832_xxaa/app_util_platform.c.o
                0x000279e8                app_util_critical_region_enter
 .text.app_util_critical_region_exit
                0x00027a34       0x30 _build/nrf52832_xxaa/app_util_platform.c.o
                0x00027a34                app_util_critical_region_exit
 .text.nrf_atflags_set
                0x00027a64       0x14 _build/nrf52832_xxaa/nrf_atflags.c.o
                0x00027a64                nrf_atflags_set
 .text.nrf_atflags_clear
                0x00027a78       0x14 _build/nrf52832_xxaa/nrf_atflags.c.o
                0x00027a78                nrf_atflags_clear
 .text.nrf_atflags_get
                0x00027a8c       0x14 _build/nrf52832_xxaa/nrf_atflags.c.o
                0x00027a8c                nrf_atflags_get
 .text.nrf_atomic_u32_fetch_store
                0x00027aa0       0x1c _build/nrf52832_xxaa/nrf_atomic.c.o
                0x00027aa0                nrf_atomic_u32_fetch_store
 .text.nrf_atomic_u32_or
                0x00027abc       0x1c _build/nrf52832_xxaa/nrf_atomic.c.o
                0x00027abc                nrf_atomic_u32_or
 .text.nrf_atomic_u32_and
                0x00027ad8       0x1c _build/nrf52832_xxaa/nrf_atomic.c.o
                0x00027ad8                nrf_atomic_u32_and
 .text.nrf_atomic_u32_add
                0x00027af4       0x1c _build/nrf52832_xxaa/nrf_atomic.c.o
                0x00027af4                nrf_atomic_u32_add
 .text.nrf_atomic_u32_sub
                0x00027b10       0x1c _build/nrf52832_xxaa/nrf_atomic.c.o
                0x00027b10                nrf_atomic_u32_sub
 .text.nrf_atomic_flag_set
                0x00027b2c       0x20 _build/nrf52832_xxaa/nrf_atomic.c.o
                0x00027b2c                nrf_atomic_flag_set
 .text.nrf_atomic_flag_clear_fetch
                0x00027b4c       0x20 _build/nrf52832_xxaa/nrf_atomic.c.o
                0x00027b4c                nrf_atomic_flag_clear_fetch
 .text.nrf_balloc_init
                0x00027b6c       0x38 _build/nrf52832_xxaa/nrf_balloc.c.o
                0x00027b6c                nrf_balloc_init
 .text.nrf_balloc_alloc
                0x00027ba4       0x50 _build/nrf52832_xxaa/nrf_balloc.c.o
                0x00027ba4                nrf_balloc_alloc
 .text.nrf_balloc_free
                0x00027bf4       0x38 _build/nrf52832_xxaa/nrf_balloc.c.o
                0x00027bf4                nrf_balloc_free
 .text.nrf_fprintf_buffer_flush
                0x00027c2c       0x18 _build/nrf52832_xxaa/nrf_fprintf.c.o
                0x00027c2c                nrf_fprintf_buffer_flush
 .text.nrf_fprintf
                0x00027c44       0x20 _build/nrf52832_xxaa/nrf_fprintf.c.o
                0x00027c44                nrf_fprintf
 .text.unsigned_print
                0x00027c64      0x118 _build/nrf52832_xxaa/nrf_fprintf_format.c.o
 .text.nrf_fprintf_fmt
                0x00027d7c      0x4bc _build/nrf52832_xxaa/nrf_fprintf_format.c.o
                0x00027d7c                nrf_fprintf_fmt
 .text.nrf_memobj_pool_init
                0x00028238        0x4 _build/nrf52832_xxaa/nrf_memobj.c.o
                0x00028238                nrf_memobj_pool_init
 .text.nrf_memobj_alloc
                0x0002823c       0x94 _build/nrf52832_xxaa/nrf_memobj.c.o
                0x0002823c                nrf_memobj_alloc
 .text.nrf_memobj_get
                0x000282d0        0x8 _build/nrf52832_xxaa/nrf_memobj.c.o
                0x000282d0                nrf_memobj_get
 .text.nrf_memobj_put
                0x000282d8       0x58 _build/nrf52832_xxaa/nrf_memobj.c.o
                0x000282d8                nrf_memobj_put
 .text.nrf_memobj_write
                0x00028330       0x58 _build/nrf52832_xxaa/nrf_memobj.c.o
                0x00028330                nrf_memobj_write
 .text.nrf_memobj_read
                0x00028388       0x58 _build/nrf52832_xxaa/nrf_memobj.c.o
                0x00028388                nrf_memobj_read
 .text.sd_app_evt_wait
                0x000283e0        0x4 _build/nrf52832_xxaa/nrf_pwr_mgmt.c.o
 .text.nrf_pwr_mgmt_init
                0x000283e4       0x2c _build/nrf52832_xxaa/nrf_pwr_mgmt.c.o
                0x000283e4                nrf_pwr_mgmt_init
 .text.nrf_pwr_mgmt_run
                0x00028410       0x54 _build/nrf52832_xxaa/nrf_pwr_mgmt.c.o
                0x00028410                nrf_pwr_mgmt_run
 .text.nrf_section_iter_init
                0x00028464       0x14 _build/nrf52832_xxaa/nrf_section_iter.c.o
                0x00028464                nrf_section_iter_init
 .text.nrf_section_iter_next
                0x00028478       0x18 _build/nrf52832_xxaa/nrf_section_iter.c.o
                0x00028478                nrf_section_iter_next
 .text.nrf_strerror_get
                0x00028490       0x50 _build/nrf52832_xxaa/nrf_strerror.c.o
                0x00028490                nrf_strerror_get
 .text.SystemInit
                0x000284e0      0x3b4 _build/nrf52832_xxaa/system_nrf52.c.o
                0x000284e0                SystemInit
 .text.bsp_board_led_on
                0x00028894       0x18 _build/nrf52832_xxaa/boards.c.o
                0x00028894                bsp_board_led_on
 .text.bsp_board_led_off
                0x000288ac       0x18 _build/nrf52832_xxaa/boards.c.o
                0x000288ac                bsp_board_led_off
 .text.bsp_board_init
                0x000288c4       0x5c _build/nrf52832_xxaa/boards.c.o
                0x000288c4                bsp_board_init
 .text.clock_irq_handler
                0x00028920       0x44 _build/nrf52832_xxaa/nrf_drv_clock.c.o
 .text.soc_evt_handler
                0x00028964       0x28 _build/nrf52832_xxaa/nrf_drv_clock.c.o
 .text.sd_state_evt_handler
                0x0002898c       0xa8 _build/nrf52832_xxaa/nrf_drv_clock.c.o
 .text.uarte_evt_handler
                0x00028a34       0x34 _build/nrf52832_xxaa/nrf_drv_uart.c.o
 .text.uart_evt_handler
                0x00028a68       0x34 _build/nrf52832_xxaa/nrf_drv_uart.c.o
 .text.nrf_drv_uart_init
                0x00028a9c       0x80 _build/nrf52832_xxaa/nrf_drv_uart.c.o
                0x00028a9c                nrf_drv_uart_init
 .text.nrfx_clock_init
                0x00028b1c       0x18 _build/nrf52832_xxaa/nrfx_clock.c.o
                0x00028b1c                nrfx_clock_init
 .text.nrfx_clock_enable
                0x00028b34       0x28 _build/nrf52832_xxaa/nrfx_clock.c.o
                0x00028b34                nrfx_clock_enable
 .text.nrfx_clock_lfclk_stop
                0x00028b5c       0x18 _build/nrf52832_xxaa/nrfx_clock.c.o
                0x00028b5c                nrfx_clock_lfclk_stop
 .text.POWER_CLOCK_IRQHandler
                0x00028b74       0x6c _build/nrf52832_xxaa/nrfx_clock.c.o
                0x00028b74                POWER_CLOCK_IRQHandler
 .text.nrfx_gpiote_init
                0x00028be0       0x98 _build/nrf52832_xxaa/nrfx_gpiote.c.o
                0x00028be0                nrfx_gpiote_init
 .text.nrfx_gpiote_is_init
                0x00028c78       0x14 _build/nrf52832_xxaa/nrfx_gpiote.c.o
                0x00028c78                nrfx_gpiote_is_init
 .text.nrfx_gpiote_in_init
                0x00028c8c      0x1c8 _build/nrf52832_xxaa/nrfx_gpiote.c.o
                0x00028c8c                nrfx_gpiote_in_init
 .text.nrfx_gpiote_in_event_enable
                0x00028e54       0xbc _build/nrf52832_xxaa/nrfx_gpiote.c.o
                0x00028e54                nrfx_gpiote_in_event_enable
 .text.nrfx_gpiote_in_event_disable
                0x00028f10       0x64 _build/nrf52832_xxaa/nrfx_gpiote.c.o
                0x00028f10                nrfx_gpiote_in_event_disable
 .text.nrfx_gpiote_in_is_set
                0x00028f74       0x14 _build/nrf52832_xxaa/nrfx_gpiote.c.o
                0x00028f74                nrfx_gpiote_in_is_set
 .text.GPIOTE_IRQHandler
                0x00028f88      0x4ec _build/nrf52832_xxaa/nrfx_gpiote.c.o
                0x00028f88                GPIOTE_IRQHandler
 .text.UARTE0_UART0_IRQHandler
                0x00029474        0xc _build/nrf52832_xxaa/nrfx_prs.c.o
                0x00029474                UARTE0_UART0_IRQHandler
 .text.nrfx_prs_acquire
                0x00029480       0x50 _build/nrf52832_xxaa/nrfx_prs.c.o
                0x00029480                nrfx_prs_acquire
 .text.nrfx_prs_release
                0x000294d0       0x18 _build/nrf52832_xxaa/nrfx_prs.c.o
                0x000294d0                nrfx_prs_release
 .text.nrfx_uart_0_irq_handler
                0x000294e8      0x1c0 _build/nrf52832_xxaa/nrfx_uart.c.o
                0x000294e8                nrfx_uart_0_irq_handler
 .text.nrfx_uart_init
                0x000296a8      0x1a8 _build/nrf52832_xxaa/nrfx_uart.c.o
                0x000296a8                nrfx_uart_init
 .text.nrfx_uart_uninit
                0x00029850       0xcc _build/nrf52832_xxaa/nrfx_uart.c.o
                0x00029850                nrfx_uart_uninit
 .text.nrfx_uart_tx
                0x0002991c       0xd0 _build/nrf52832_xxaa/nrfx_uart.c.o
                0x0002991c                nrfx_uart_tx
 .text.nrfx_uarte_0_irq_handler
                0x000299ec      0x130 _build/nrf52832_xxaa/nrfx_uarte.c.o
                0x000299ec                nrfx_uarte_0_irq_handler
 .text.nrfx_uarte_init
                0x00029b1c      0x1cc _build/nrf52832_xxaa/nrfx_uarte.c.o
                0x00029b1c                nrfx_uarte_init
 .text.nrfx_uarte_uninit
                0x00029ce8       0xd4 _build/nrf52832_xxaa/nrfx_uarte.c.o
                0x00029ce8                nrfx_uarte_uninit
 .text.nrfx_uarte_tx
                0x00029dbc       0xa4 _build/nrf52832_xxaa/nrfx_uarte.c.o
                0x00029dbc                nrfx_uarte_tx
 .text.sd_ble_gap_adv_set_configure
                0x00029e60        0x4 _build/nrf52832_xxaa/main.c.o
 .text.sd_ble_gap_adv_start
                0x00029e64        0x4 _build/nrf52832_xxaa/main.c.o
 .text.sd_ble_gap_disconnect
                0x00029e68        0x4 _build/nrf52832_xxaa/main.c.o
 .text.sd_ble_gap_ppcp_set
                0x00029e6c        0x4 _build/nrf52832_xxaa/main.c.o
 .text.sd_ble_gap_device_name_set
                0x00029e70        0x4 _build/nrf52832_xxaa/main.c.o
 .text.sd_ble_gap_sec_params_reply
                0x00029e74        0x4 _build/nrf52832_xxaa/main.c.o
 .text.sd_ble_gap_phy_update
                0x00029e78        0x4 _build/nrf52832_xxaa/main.c.o
 .text.sd_ble_gatts_sys_attr_set
                0x00029e7c        0x4 _build/nrf52832_xxaa/main.c.o
 .text.nrf_qwr_error_handler
                0x00029e80        0x4 _build/nrf52832_xxaa/main.c.o
 .text.on_conn_params_evt
                0x00029e84       0x24 _build/nrf52832_xxaa/main.c.o
 .text.button_event_handler
                0x00029ea8       0x58 _build/nrf52832_xxaa/main.c.o
 .text.led_write_handler
                0x00029f00       0x34 _build/nrf52832_xxaa/main.c.o
 .text.conn_params_error_handler
                0x00029f34        0x4 _build/nrf52832_xxaa/main.c.o
 .text.ble_evt_handler
                0x00029f38      0x128 _build/nrf52832_xxaa/main.c.o
 .text.startup.main
                0x0002a060      0x278 _build/nrf52832_xxaa/main.c.o
                0x0002a060                main
 .text.sd_ble_gap_addr_get
                0x0002a2d8        0x4 _build/nrf52832_xxaa/ble_advdata.c.o
 .text.sd_ble_gap_appearance_get
                0x0002a2dc        0x4 _build/nrf52832_xxaa/ble_advdata.c.o
 .text.sd_ble_gap_device_name_get
                0x0002a2e0        0x4 _build/nrf52832_xxaa/ble_advdata.c.o
 .text.sd_ble_uuid_encode
                0x0002a2e4        0x4 _build/nrf52832_xxaa/ble_advdata.c.o
 .text.uuid_list_sized_encode.isra.0
                0x0002a2e8       0xf0 _build/nrf52832_xxaa/ble_advdata.c.o
 .text.ble_advdata_encode
                0x0002a3d8      0x400 _build/nrf52832_xxaa/ble_advdata.c.o
                0x0002a3d8                ble_advdata_encode
 .text.sd_ble_gap_conn_param_update
                0x0002a7d8        0x4 _build/nrf52832_xxaa/ble_conn_params.c.o
 .text.sd_ble_gap_disconnect
                0x0002a7dc        0x4 _build/nrf52832_xxaa/ble_conn_params.c.o
 .text.sd_ble_gap_ppcp_set
                0x0002a7e0        0x4 _build/nrf52832_xxaa/ble_conn_params.c.o
 .text.sd_ble_gap_ppcp_get
                0x0002a7e4        0x4 _build/nrf52832_xxaa/ble_conn_params.c.o
 .text.update_timeout_handler
                0x0002a7e8       0x78 _build/nrf52832_xxaa/ble_conn_params.c.o
 .text.ble_evt_handler
                0x0002a860      0x1d4 _build/nrf52832_xxaa/ble_conn_params.c.o
 .text.ble_conn_params_init
                0x0002aa34       0x78 _build/nrf52832_xxaa/ble_conn_params.c.o
                0x0002aa34                ble_conn_params_init
 .text.ble_evt_handler
                0x0002aaac      0x124 _build/nrf52832_xxaa/ble_conn_state.c.o
 .text.ble_srv_is_notification_enabled
                0x0002abd0        0x8 _build/nrf52832_xxaa/ble_srv_common.c.o
                0x0002abd0                ble_srv_is_notification_enabled
 .text.sd_ble_gap_data_length_update
                0x0002abd8        0x4 _build/nrf52832_xxaa/nrf_ble_gatt.c.o
 .text.sd_ble_gattc_exchange_mtu_request
                0x0002abdc        0x4 _build/nrf52832_xxaa/nrf_ble_gatt.c.o
 .text.sd_ble_gatts_exchange_mtu_reply
                0x0002abe0        0x4 _build/nrf52832_xxaa/nrf_ble_gatt.c.o
 .text.data_length_update.constprop.0
                0x0002abe4       0x90 _build/nrf52832_xxaa/nrf_ble_gatt.c.o
 .text.nrf_ble_gatt_init
                0x0002ac74       0x28 _build/nrf52832_xxaa/nrf_ble_gatt.c.o
                0x0002ac74                nrf_ble_gatt_init
 .text.nrf_ble_gatt_on_ble_evt
                0x0002ac9c      0x1bc _build/nrf52832_xxaa/nrf_ble_gatt.c.o
                0x0002ac9c                nrf_ble_gatt_on_ble_evt
 .text.sd_ble_gatts_rw_authorize_reply
                0x0002ae58        0x4 _build/nrf52832_xxaa/nrf_ble_qwr.c.o
 .text.sd_ble_user_mem_reply
                0x0002ae5c        0x4 _build/nrf52832_xxaa/nrf_ble_qwr.c.o
 .text.nrf_ble_qwr_init
                0x0002ae60       0x24 _build/nrf52832_xxaa/nrf_ble_qwr.c.o
                0x0002ae60                nrf_ble_qwr_init
 .text.nrf_ble_qwr_conn_handle_assign
                0x0002ae84       0x18 _build/nrf52832_xxaa/nrf_ble_qwr.c.o
                0x0002ae84                nrf_ble_qwr_conn_handle_assign
 .text.nrf_ble_qwr_on_ble_evt
                0x0002ae9c       0xf4 _build/nrf52832_xxaa/nrf_ble_qwr.c.o
                0x0002ae9c                nrf_ble_qwr_on_ble_evt
 .text.sd_ble_gatts_service_add
                0x0002af90        0x4 _build/nrf52832_xxaa/ble_lbs.c.o
 .text.sd_ble_gatts_characteristic_add
                0x0002af94        0x4 _build/nrf52832_xxaa/ble_lbs.c.o
 .text.sd_ble_gatts_hvx
                0x0002af98        0x4 _build/nrf52832_xxaa/ble_lbs.c.o
 .text.sd_ble_uuid_vs_add
                0x0002af9c        0x4 _build/nrf52832_xxaa/ble_lbs.c.o
 .text.ble_lbs_on_ble_evt
                0x0002afa0       0x30 _build/nrf52832_xxaa/ble_lbs.c.o
                0x0002afa0                ble_lbs_on_ble_evt
 .text.ble_lbs_init
                0x0002afd0      0x174 _build/nrf52832_xxaa/ble_lbs.c.o
                0x0002afd0                ble_lbs_init
 .text.ble_lbs_on_button_change
                0x0002b144       0x40 _build/nrf52832_xxaa/ble_lbs.c.o
                0x0002b144                ble_lbs_on_button_change
 .text.sd_softdevice_enable
                0x0002b184        0x4 _build/nrf52832_xxaa/nrf_sdh.c.o
 .text.nrf_sdh_enable_request
                0x0002b188      0x124 _build/nrf52832_xxaa/nrf_sdh.c.o
                0x0002b188                nrf_sdh_enable_request
 .text.nrf_sdh_is_enabled
                0x0002b2ac        0xc _build/nrf52832_xxaa/nrf_sdh.c.o
                0x0002b2ac                nrf_sdh_is_enabled
 .text.SWI2_EGU2_IRQHandler
                0x0002b2b8       0x2c _build/nrf52832_xxaa/nrf_sdh.c.o
                0x0002b2b8                SWI2_EGU2_IRQHandler
 .text.sd_ble_enable
                0x0002b2e4        0x4 _build/nrf52832_xxaa/nrf_sdh_ble.c.o
 .text.sd_ble_cfg_set
                0x0002b2e8        0x4 _build/nrf52832_xxaa/nrf_sdh_ble.c.o
 .text.sd_ble_evt_get
                0x0002b2ec        0x4 _build/nrf52832_xxaa/nrf_sdh_ble.c.o
 .text.nrf_sdh_ble_evts_poll
                0x0002b2f0       0x5c _build/nrf52832_xxaa/nrf_sdh_ble.c.o
 .text.nrf_sdh_ble_default_cfg_set
                0x0002b34c      0x16c _build/nrf52832_xxaa/nrf_sdh_ble.c.o
                0x0002b34c                nrf_sdh_ble_default_cfg_set
 .text.nrf_sdh_ble_enable
                0x0002b4b8       0x9c _build/nrf52832_xxaa/nrf_sdh_ble.c.o
                0x0002b4b8                nrf_sdh_ble_enable
 .text.sd_evt_get
                0x0002b554        0x4 _build/nrf52832_xxaa/nrf_sdh_soc.c.o
 .text.nrf_sdh_soc_evts_poll
                0x0002b558       0x4c _build/nrf52832_xxaa/nrf_sdh_soc.c.o
 .text.exit     0x0002b5a4       0x28 c:/program files (x86)/gnu tools arm embedded/9 2019-q4-major/bin/../lib/gcc/arm-none-eabi/9.2.1/../../../../arm-none-eabi/lib/thumb/v7e-m+fp/hard\libc_nano.a(lib_a-exit.o)
                0x0002b5a4                exit
 .text.__libc_init_array
                0x0002b5cc       0x48 c:/program files (x86)/gnu tools arm embedded/9 2019-q4-major/bin/../lib/gcc/arm-none-eabi/9.2.1/../../../../arm-none-eabi/lib/thumb/v7e-m+fp/hard\libc_nano.a(lib_a-init.o)
                0x0002b5cc                __libc_init_array
 .text.memcpy   0x0002b614       0x1c c:/program files (x86)/gnu tools arm embedded/9 2019-q4-major/bin/../lib/gcc/arm-none-eabi/9.2.1/../../../../arm-none-eabi/lib/thumb/v7e-m+fp/hard\libc_nano.a(lib_a-memcpy-stub.o)
                0x0002b614                memcpy
 .text.memset   0x0002b630       0x10 c:/program files (x86)/gnu tools arm embedded/9 2019-q4-major/bin/../lib/gcc/arm-none-eabi/9.2.1/../../../../arm-none-eabi/lib/thumb/v7e-m+fp/hard\libc_nano.a(lib_a-memset.o)
                0x0002b630                memset
 .text          0x0002b640       0x10 c:/program files (x86)/gnu tools arm embedded/9 2019-q4-major/bin/../lib/gcc/arm-none-eabi/9.2.1/../../../../arm-none-eabi/lib/thumb/v7e-m+fp/hard\libc_nano.a(lib_a-strlen.o)
                0x0002b640                strlen
 .text._exit    0x0002b650        0x4 c:/program files (x86)/gnu tools arm embedded/9 2019-q4-major/bin/../lib/gcc/arm-none-eabi/9.2.1/../../../../arm-none-eabi/lib/thumb/v7e-m+fp/hard\libnosys.a(_exit.o)
                0x0002b650                _exit
 *(.init)
 .init          0x0002b654        0x4 c:/program files (x86)/gnu tools arm embedded/9 2019-q4-major/bin/../lib/gcc/arm-none-eabi/9.2.1/thumb/v7e-m+fp/hard/crti.o
                0x0002b654                _init
 .init          0x0002b658        0x8 c:/program files (x86)/gnu tools arm embedded/9 2019-q4-major/bin/../lib/gcc/arm-none-eabi/9.2.1/thumb/v7e-m+fp/hard/crtn.o
 *(.fini)
 .fini          0x0002b660        0x4 c:/program files (x86)/gnu tools arm embedded/9 2019-q4-major/bin/../lib/gcc/arm-none-eabi/9.2.1/thumb/v7e-m+fp/hard/crti.o
                0x0002b660                _fini
 .fini          0x0002b664        0x8 c:/program files (x86)/gnu tools arm embedded/9 2019-q4-major/bin/../lib/gcc/arm-none-eabi/9.2.1/thumb/v7e-m+fp/hard/crtn.o
 *crtbegin.o(.ctors)
 *crtbegin?.o(.ctors)
 *(EXCLUDE_FILE(*crtend.o *crtend?.o) .ctors)
 *(SORT_BY_NAME(.ctors.*))
 *(.ctors)
 *crtbegin.o(.dtors)
 *crtbegin?.o(.dtors)
 *(EXCLUDE_FILE(*crtend.o *crtend?.o) .dtors)
 *(SORT_BY_NAME(.dtors.*))
 *(.dtors)
 *(.rodata*)
 .rodata        0x0002b66c       0x20 _build/nrf52832_xxaa/nrf_log_backend_uart.c.o
 .rodata.nrf_log_backend_uart_api
                0x0002b68c        0xc _build/nrf52832_xxaa/nrf_log_backend_uart.c.o
                0x0002b68c                nrf_log_backend_uart_api
 .rodata.nrf_log_frontend_dequeue.str1.4
                0x0002b698       0x11 _build/nrf52832_xxaa/nrf_log_frontend.c.o
 *fill*         0x0002b6a9        0x3 
 .rodata.str1.4
                0x0002b6ac       0x17 _build/nrf52832_xxaa/nrf_log_frontend.c.o
 *fill*         0x0002b6c3        0x1 
 .rodata.prefix_process.str1.4
                0x0002b6c4       0x36 _build/nrf52832_xxaa/nrf_log_str_formatter.c.o
 *fill*         0x0002b6fa        0x2 
 .rodata.nrf_log_std_entry_process.str1.4
                0x0002b6fc        0x3 _build/nrf52832_xxaa/nrf_log_str_formatter.c.o
 *fill*         0x0002b6ff        0x1 
 .rodata.nrf_log_hexdump_entry_process.str1.4
                0x0002b700       0x13 _build/nrf52832_xxaa/nrf_log_str_formatter.c.o
                                 0x16 (size before relaxing)
 *fill*         0x0002b713        0x1 
 .rodata.str1.4
                0x0002b714       0x56 _build/nrf52832_xxaa/nrf_log_str_formatter.c.o
 *fill*         0x0002b76a        0x2 
 .rodata.m_colors
                0x0002b76c       0x24 _build/nrf52832_xxaa/nrf_log_str_formatter.c.o
 .rodata.severity_names
                0x0002b790       0x14 _build/nrf52832_xxaa/nrf_log_str_formatter.c.o
 .rodata.m_detection_delay_timer_id
                0x0002b7a4        0x4 _build/nrf52832_xxaa/app_button.c.o
 .rodata.app_error_fault_handler.str1.4
                0x0002b7a8       0x19 _build/nrf52832_xxaa/app_error_weak.c.o
 *fill*         0x0002b7c1        0xf 
 .rodata.delay_bytecode.8808
                0x0002b7d0        0x6 _build/nrf52832_xxaa/app_timer.c.o
 *fill*         0x0002b7d6        0x2 
 .rodata._aV2C.7510
                0x0002b7d8       0x10 _build/nrf52832_xxaa/nrf_fprintf_format.c.o
 .rodata.str1.4
                0x0002b7e8        0x9 _build/nrf52832_xxaa/nrf_pwr_mgmt.c.o
 *fill*         0x0002b7f1        0x3 
 .rodata.pwr_mgmt_data
                0x0002b7f4        0xc _build/nrf52832_xxaa/nrf_pwr_mgmt.c.o
 .rodata.str1.4
                0x0002b800      0x3e9 _build/nrf52832_xxaa/nrf_strerror.c.o
 *fill*         0x0002bbe9        0x3 
 .rodata.m_unknown_str
                0x0002bbec       0x13 _build/nrf52832_xxaa/nrf_strerror.c.o
 *fill*         0x0002bbff        0x1 
 .rodata.nrf_strerror_array
                0x0002bc00      0x128 _build/nrf52832_xxaa/nrf_strerror.c.o
 .rodata.m_board_led_list
                0x0002bd28        0x4 _build/nrf52832_xxaa/boards.c.o
 .rodata.str1.4
                0x0002bd2c        0x6 _build/nrf52832_xxaa/nrf_drv_clock.c.o
 *fill*         0x0002bd32        0x2 
 .rodata.str1.4
                0x0002bd34        0x6 _build/nrf52832_xxaa/nrfx_clock.c.o
 *fill*         0x0002bd3a        0x2 
 .rodata.str1.4
                0x0002bd3c        0x7 _build/nrf52832_xxaa/nrfx_gpiote.c.o
 *fill*         0x0002bd43        0x1 
 .rodata.str1.4
                0x0002bd44        0x4 _build/nrf52832_xxaa/nrfx_prs.c.o
 .rodata.str1.4
                0x0002bd48        0x5 _build/nrf52832_xxaa/nrfx_uart.c.o
 *fill*         0x0002bd4d        0x3 
 .rodata.str1.4
                0x0002bd50        0x6 _build/nrf52832_xxaa/nrfx_uarte.c.o
 *fill*         0x0002bd56        0x2 
 .rodata.button_event_handler.str1.4
                0x0002bd58       0x1a _build/nrf52832_xxaa/main.c.o
 *fill*         0x0002bd72        0x2 
 .rodata.led_write_handler.str1.4
                0x0002bd74       0x26 _build/nrf52832_xxaa/main.c.o
 *fill*         0x0002bd9a        0x2 
 .rodata.ble_evt_handler.str1.4
                0x0002bd9c       0x19 _build/nrf52832_xxaa/main.c.o
 *fill*         0x0002bdb5        0x3 
 .rodata.main.str1.4
                0x0002bdb8       0x28 _build/nrf52832_xxaa/main.c.o
 .rodata.data_length_update.constprop.0.str1.4
                0x0002bde0       0xe2 _build/nrf52832_xxaa/nrf_ble_gatt.c.o
 *fill*         0x0002bec2        0x2 
 .rodata.nrf_ble_gatt_on_ble_evt.str1.4
                0x0002bec4       0x63 _build/nrf52832_xxaa/nrf_ble_gatt.c.o
 *fill*         0x0002bf27        0x1 
 .rodata.str1.4
                0x0002bf28        0xd _build/nrf52832_xxaa/nrf_ble_gatt.c.o
 *fill*         0x0002bf35        0x3 
 .rodata        0x0002bf38       0x10 _build/nrf52832_xxaa/ble_lbs.c.o
 .rodata.str1.4
                0x0002bf48        0x8 _build/nrf52832_xxaa/nrf_sdh.c.o
 .rodata        0x0002bf50        0x4 _build/nrf52832_xxaa/nrf_sdh.c.o
 .rodata.sdh_req_observers
                0x0002bf54        0xc _build/nrf52832_xxaa/nrf_sdh.c.o
 .rodata.sdh_stack_observers
                0x0002bf60        0xc _build/nrf52832_xxaa/nrf_sdh.c.o
 .rodata.sdh_state_observers
                0x0002bf6c        0xc _build/nrf52832_xxaa/nrf_sdh.c.o
 .rodata.nrf_sdh_ble_default_cfg_set.str1.4
                0x0002bf78      0x187 _build/nrf52832_xxaa/nrf_sdh_ble.c.o
 *fill*         0x0002c0ff        0x1 
 .rodata.nrf_sdh_ble_enable.str1.4
                0x0002c100       0xad _build/nrf52832_xxaa/nrf_sdh_ble.c.o
 *fill*         0x0002c1ad        0x3 
 .rodata.str1.4
                0x0002c1b0        0xc _build/nrf52832_xxaa/nrf_sdh_ble.c.o
 .rodata.sdh_ble_observers
                0x0002c1bc        0xc _build/nrf52832_xxaa/nrf_sdh_ble.c.o
 .rodata.str1.4
                0x0002c1c8        0xc _build/nrf52832_xxaa/nrf_sdh_soc.c.o
 .rodata.sdh_soc_observers
                0x0002c1d4        0xc _build/nrf52832_xxaa/nrf_sdh_soc.c.o
 .rodata._ctype_
                0x0002c1e0      0x101 c:/program files (x86)/gnu tools arm embedded/9 2019-q4-major/bin/../lib/gcc/arm-none-eabi/9.2.1/../../../../arm-none-eabi/lib/thumb/v7e-m+fp/hard\libc_nano.a(lib_a-ctype_.o)
                0x0002c1e0                _ctype_
 *fill*         0x0002c2e1        0x3 
 .rodata._global_impure_ptr
                0x0002c2e4        0x4 c:/program files (x86)/gnu tools arm embedded/9 2019-q4-major/bin/../lib/gcc/arm-none-eabi/9.2.1/../../../../arm-none-eabi/lib/thumb/v7e-m+fp/hard\libc_nano.a(lib_a-impure.o)
                0x0002c2e4                _global_impure_ptr
 *(.eh_frame*)
 .eh_frame      0x0002c2e8        0x0 c:/program files (x86)/gnu tools arm embedded/9 2019-q4-major/bin/../lib/gcc/arm-none-eabi/9.2.1/thumb/v7e-m+fp/hard/crtbegin.o
 .eh_frame      0x0002c2e8        0x4 c:/program files (x86)/gnu tools arm embedded/9 2019-q4-major/bin/../lib/gcc/arm-none-eabi/9.2.1/thumb/v7e-m+fp/hard/crtend.o

.glue_7         0x0002c2ec        0x0
 .glue_7        0x0002c2ec        0x0 linker stubs

.glue_7t        0x0002c2ec        0x0
 .glue_7t       0x0002c2ec        0x0 linker stubs

.vfp11_veneer   0x0002c2ec        0x0
 .vfp11_veneer  0x0002c2ec        0x0 linker stubs

.v4_bx          0x0002c2ec        0x0
 .v4_bx         0x0002c2ec        0x0 linker stubs

.iplt           0x0002c2ec        0x0
 .iplt          0x0002c2ec        0x0 c:/program files (x86)/gnu tools arm embedded/9 2019-q4-major/bin/../lib/gcc/arm-none-eabi/9.2.1/thumb/v7e-m+fp/hard/crtbegin.o

.mem_section_dummy_rom

.sdh_soc_observers
                0x0002c2ec        0x8
                0x0002c2ec                PROVIDE (__start_sdh_soc_observers = .)
 *(SORT_BY_NAME(.sdh_soc_observers*))
 .sdh_soc_observers0
                0x0002c2ec        0x8 _build/nrf52832_xxaa/nrf_drv_clock.c.o
                0x0002c2f4                PROVIDE (__stop_sdh_soc_observers = .)

.pwr_mgmt_data  0x0002c2f4        0x0
                0x0002c2f4                PROVIDE (__start_pwr_mgmt_data = .)
 *(SORT_BY_NAME(.pwr_mgmt_data*))
                0x0002c2f4                PROVIDE (__stop_pwr_mgmt_data = .)

.sdh_ble_observers
                0x0002c2f4       0x30
                0x0002c2f4                PROVIDE (__start_sdh_ble_observers = .)
 *(SORT_BY_NAME(.sdh_ble_observers*))
 .sdh_ble_observers0
                0x0002c2f4        0x8 _build/nrf52832_xxaa/ble_conn_state.c.o
 .sdh_ble_observers1
                0x0002c2fc        0x8 _build/nrf52832_xxaa/main.c.o
 .sdh_ble_observers1
                0x0002c304        0x8 _build/nrf52832_xxaa/ble_conn_params.c.o
 .sdh_ble_observers2
                0x0002c30c       0x10 _build/nrf52832_xxaa/main.c.o
 .sdh_ble_observers3
                0x0002c31c        0x8 _build/nrf52832_xxaa/main.c.o
                0x0002c324                PROVIDE (__stop_sdh_ble_observers = .)

.log_const_data
                0x0002c324       0x68
                0x0002c324                PROVIDE (__start_log_const_data = .)
 *(SORT_BY_NAME(.log_const_data*))
 .log_const_data_CLOCK
                0x0002c324        0x8 _build/nrf52832_xxaa/nrfx_clock.c.o
                0x0002c324                m_nrf_log_CLOCK_logs_data_const
 .log_const_data_GPIOTE
                0x0002c32c        0x8 _build/nrf52832_xxaa/nrfx_gpiote.c.o
                0x0002c32c                m_nrf_log_GPIOTE_logs_data_const
 .log_const_data_PRS
                0x0002c334        0x8 _build/nrf52832_xxaa/nrfx_prs.c.o
                0x0002c334                m_nrf_log_PRS_logs_data_const
 .log_const_data_UART
                0x0002c33c        0x8 _build/nrf52832_xxaa/nrfx_uart.c.o
                0x0002c33c                m_nrf_log_UART_logs_data_const
 .log_const_data_UARTE
                0x0002c344        0x8 _build/nrf52832_xxaa/nrfx_uarte.c.o
                0x0002c344                m_nrf_log_UARTE_logs_data_const
 .log_const_data_app
                0x0002c34c        0x8 _build/nrf52832_xxaa/nrf_log_frontend.c.o
                0x0002c34c                m_nrf_log_app_logs_data_const
 .log_const_data_balloc_log_mempool
                0x0002c354        0x8 _build/nrf52832_xxaa/nrf_log_frontend.c.o
                0x0002c354                m_nrf_log_balloc_log_mempool_logs_data_const
 .log_const_data_clock
                0x0002c35c        0x8 _build/nrf52832_xxaa/nrf_drv_clock.c.o
                0x0002c35c                m_nrf_log_clock_logs_data_const
 .log_const_data_nrf_ble_gatt
                0x0002c364        0x8 _build/nrf52832_xxaa/nrf_ble_gatt.c.o
                0x0002c364                m_nrf_log_nrf_ble_gatt_logs_data_const
 .log_const_data_nrf_sdh
                0x0002c36c        0x8 _build/nrf52832_xxaa/nrf_sdh.c.o
                0x0002c36c                m_nrf_log_nrf_sdh_logs_data_const
 .log_const_data_nrf_sdh_ble
                0x0002c374        0x8 _build/nrf52832_xxaa/nrf_sdh_ble.c.o
                0x0002c374                m_nrf_log_nrf_sdh_ble_logs_data_const
 .log_const_data_nrf_sdh_soc
                0x0002c37c        0x8 _build/nrf52832_xxaa/nrf_sdh_soc.c.o
                0x0002c37c                m_nrf_log_nrf_sdh_soc_logs_data_const
 .log_const_data_pwr_mgmt
                0x0002c384        0x8 _build/nrf52832_xxaa/nrf_pwr_mgmt.c.o
                0x0002c384                m_nrf_log_pwr_mgmt_logs_data_const
                0x0002c38c                PROVIDE (__stop_log_const_data = .)

.nrf_balloc     0x0002c38c       0x18
                [!provide]                PROVIDE (__start_nrf_balloc = .)
 *(.nrf_balloc)
 .nrf_balloc    0x0002c38c       0x18 _build/nrf52832_xxaa/nrf_log_frontend.c.o
                0x0002c38c                log_mempool
                [!provide]                PROVIDE (__stop_nrf_balloc = .)

.sdh_state_observers
                0x0002c3a4        0x8
                0x0002c3a4                PROVIDE (__start_sdh_state_observers = .)
 *(SORT_BY_NAME(.sdh_state_observers*))
 .sdh_state_observers0
                0x0002c3a4        0x8 _build/nrf52832_xxaa/nrf_drv_clock.c.o
                0x0002c3ac                PROVIDE (__stop_sdh_state_observers = .)

.sdh_stack_observers
                0x0002c3ac       0x10
                0x0002c3ac                PROVIDE (__start_sdh_stack_observers = .)
 *(SORT_BY_NAME(.sdh_stack_observers*))
 .sdh_stack_observers0
                0x0002c3ac        0x8 _build/nrf52832_xxaa/nrf_sdh_ble.c.o
 .sdh_stack_observers0
                0x0002c3b4        0x8 _build/nrf52832_xxaa/nrf_sdh_soc.c.o
                0x0002c3bc                PROVIDE (__stop_sdh_stack_observers = .)

.sdh_req_observers
                0x0002c3bc        0x0
                0x0002c3bc                PROVIDE (__start_sdh_req_observers = .)
 *(SORT_BY_NAME(.sdh_req_observers*))
                0x0002c3bc                PROVIDE (__stop_sdh_req_observers = .)

.nrf_queue      0x0002c3bc        0x0
                [!provide]                PROVIDE (__start_nrf_queue = .)
 *(.nrf_queue)
                [!provide]                PROVIDE (__stop_nrf_queue = .)

.cli_command    0x0002c3bc        0x0
                [!provide]                PROVIDE (__start_cli_command = .)
 *(.cli_command)
                [!provide]                PROVIDE (__stop_cli_command = .)

.crypto_data    0x0002c3bc        0x0
                [!provide]                PROVIDE (__start_crypto_data = .)
 *(SORT_BY_NAME(.crypto_data*))
                [!provide]                PROVIDE (__stop_crypto_data = .)

.ARM.extab
 *(.ARM.extab* .gnu.linkonce.armextab.*)
                0x0002c3bc                __exidx_start = .

.ARM.exidx      0x0002c3bc        0x8
 *(.ARM.exidx* .gnu.linkonce.armexidx.*)
 .ARM.exidx     0x0002c3bc        0x8 c:/program files (x86)/gnu tools arm embedded/9 2019-q4-major/bin/../lib/gcc/arm-none-eabi/9.2.1/../../../../arm-none-eabi/lib/thumb/v7e-m+fp/hard/crt0.o
                0x0002c3c4                __exidx_end = .
                0x0002c3c4                __etext = .

.rel.dyn        0x0002c3c4        0x0
 .rel.iplt      0x0002c3c4        0x0 c:/program files (x86)/gnu tools arm embedded/9 2019-q4-major/bin/../lib/gcc/arm-none-eabi/9.2.1/thumb/v7e-m+fp/hard/crtbegin.o

.data           0x200022b8       0xa8 load address 0x0002c3c4
                0x200022b8                __data_start__ = .
 *(vtable)
 *(.data*)
 .data.m_uart   0x200022b8       0x14 _build/nrf52832_xxaa/nrf_log_backend_uart.c.o
                0x200022b8                m_uart
 .data.uart_log_backend
                0x200022cc        0xc _build/nrf52832_xxaa/nrf_log_default_backends.c.o
 .data.SystemCoreClock
                0x200022d8        0x4 _build/nrf52832_xxaa/system_nrf52.c.o
                0x200022d8                SystemCoreClock
 .data.buttons.11245
                0x200022dc        0x8 _build/nrf52832_xxaa/main.c.o
 .data.m_adv_data
                0x200022e4       0x10 _build/nrf52832_xxaa/main.c.o
 .data.m_adv_handle
                0x200022f4        0x1 _build/nrf52832_xxaa/main.c.o
 *fill*         0x200022f5        0x1 
 .data.m_conn_handle
                0x200022f6        0x2 _build/nrf52832_xxaa/main.c.o
 .data.impure_data
                0x200022f8       0x60 c:/program files (x86)/gnu tools arm embedded/9 2019-q4-major/bin/../lib/gcc/arm-none-eabi/9.2.1/../../../../arm-none-eabi/lib/thumb/v7e-m+fp/hard\libc_nano.a(lib_a-impure.o)
                0x20002358                . = ALIGN (0x4)
                0x20002358                PROVIDE (__preinit_array_start = .)
 *(.preinit_array)
                0x20002358                PROVIDE (__preinit_array_end = .)
                0x20002358                . = ALIGN (0x4)
                0x20002358                PROVIDE (__init_array_start = .)
 *(SORT_BY_NAME(.init_array.*))
 *(.init_array)
 .init_array    0x20002358        0x4 c:/program files (x86)/gnu tools arm embedded/9 2019-q4-major/bin/../lib/gcc/arm-none-eabi/9.2.1/thumb/v7e-m+fp/hard/crtbegin.o
                0x2000235c                PROVIDE (__init_array_end = .)
                0x2000235c                . = ALIGN (0x4)
                [!provide]                PROVIDE (__fini_array_start = .)
 *(SORT_BY_NAME(.fini_array.*))
 *(.fini_array)
 .fini_array    0x2000235c        0x4 c:/program files (x86)/gnu tools arm embedded/9 2019-q4-major/bin/../lib/gcc/arm-none-eabi/9.2.1/thumb/v7e-m+fp/hard/crtbegin.o
                [!provide]                PROVIDE (__fini_array_end = .)
 *(.jcr*)
                0x20002360                . = ALIGN (0x4)
                0x20002360                __data_end__ = .
LOAD c:/program files (x86)/gnu tools arm embedded/9 2019-q4-major/bin/../lib/gcc/arm-none-eabi/9.2.1/thumb/v7e-m+fp/hard/crti.o
LOAD c:/program files (x86)/gnu tools arm embedded/9 2019-q4-major/bin/../lib/gcc/arm-none-eabi/9.2.1/thumb/v7e-m+fp/hard/crtbegin.o
LOAD c:/program files (x86)/gnu tools arm embedded/9 2019-q4-major/bin/../lib/gcc/arm-none-eabi/9.2.1/../../../../arm-none-eabi/lib/thumb/v7e-m+fp/hard/crt0.o
LOAD _build/nrf52832_xxaa/gcc_startup_nrf52.S.o
LOAD _build/nrf52832_xxaa/nrf_log_backend_rtt.c.o
LOAD _build/nrf52832_xxaa/nrf_log_backend_serial.c.o
LOAD _build/nrf52832_xxaa/nrf_log_backend_uart.c.o
LOAD _build/nrf52832_xxaa/nrf_log_default_backends.c.o
LOAD _build/nrf52832_xxaa/nrf_log_frontend.c.o
LOAD _build/nrf52832_xxaa/nrf_log_str_formatter.c.o
LOAD _build/nrf52832_xxaa/app_button.c.o
LOAD _build/nrf52832_xxaa/app_error.c.o
LOAD _build/nrf52832_xxaa/app_error_handler_gcc.c.o
LOAD _build/nrf52832_xxaa/app_error_weak.c.o
LOAD _build/nrf52832_xxaa/app_scheduler.c.o
LOAD _build/nrf52832_xxaa/app_timer.c.o
LOAD _build/nrf52832_xxaa/app_util_platform.c.o
LOAD _build/nrf52832_xxaa/hardfault_implementation.c.o
LOAD _build/nrf52832_xxaa/nrf_assert.c.o
LOAD _build/nrf52832_xxaa/nrf_atfifo.c.o
LOAD _build/nrf52832_xxaa/nrf_atflags.c.o
LOAD _build/nrf52832_xxaa/nrf_atomic.c.o
LOAD _build/nrf52832_xxaa/nrf_balloc.c.o
LOAD _build/nrf52832_xxaa/nrf_fprintf.c.o
LOAD _build/nrf52832_xxaa/nrf_fprintf_format.c.o
LOAD _build/nrf52832_xxaa/nrf_memobj.c.o
LOAD _build/nrf52832_xxaa/nrf_pwr_mgmt.c.o
LOAD _build/nrf52832_xxaa/nrf_section_iter.c.o
LOAD _build/nrf52832_xxaa/nrf_strerror.c.o
LOAD _build/nrf52832_xxaa/system_nrf52.c.o
LOAD _build/nrf52832_xxaa/boards.c.o
LOAD _build/nrf52832_xxaa/nrf_drv_clock.c.o
LOAD _build/nrf52832_xxaa/nrf_drv_uart.c.o
LOAD _build/nrf52832_xxaa/nrfx_clock.c.o
LOAD _build/nrf52832_xxaa/nrfx_gpiote.c.o
LOAD _build/nrf52832_xxaa/nrfx_power_clock.c.o
LOAD _build/nrf52832_xxaa/nrfx_prs.c.o
LOAD _build/nrf52832_xxaa/nrfx_uart.c.o
LOAD _build/nrf52832_xxaa/nrfx_uarte.c.o
LOAD _build/nrf52832_xxaa/main.c.o
LOAD _build/nrf52832_xxaa/SEGGER_RTT.c.o
LOAD _build/nrf52832_xxaa/SEGGER_RTT_Syscalls_GCC.c.o
LOAD _build/nrf52832_xxaa/SEGGER_RTT_printf.c.o
LOAD _build/nrf52832_xxaa/ble_advdata.c.o
LOAD _build/nrf52832_xxaa/ble_conn_params.c.o
LOAD _build/nrf52832_xxaa/ble_conn_state.c.o
LOAD _build/nrf52832_xxaa/ble_srv_common.c.o
LOAD _build/nrf52832_xxaa/nrf_ble_gatt.c.o
LOAD _build/nrf52832_xxaa/nrf_ble_qwr.c.o
LOAD _build/nrf52832_xxaa/ble_lbs.c.o
LOAD _build/nrf52832_xxaa/nrf_sdh.c.o
LOAD _build/nrf52832_xxaa/nrf_sdh_ble.c.o
LOAD _build/nrf52832_xxaa/nrf_sdh_soc.c.o
LOAD c:/program files (x86)/gnu tools arm embedded/9 2019-q4-major/bin/../lib/gcc/arm-none-eabi/9.2.1/../../../../arm-none-eabi/lib/thumb/v7e-m+fp/hard\libc_nano.a
LOAD c:/program files (x86)/gnu tools arm embedded/9 2019-q4-major/bin/../lib/gcc/arm-none-eabi/9.2.1/../../../../arm-none-eabi/lib/thumb/v7e-m+fp/hard\libnosys.a
LOAD c:/program files (x86)/gnu tools arm embedded/9 2019-q4-major/bin/../lib/gcc/arm-none-eabi/9.2.1/../../../../arm-none-eabi/lib/thumb/v7e-m+fp/hard\libm.a
START GROUP
LOAD c:/program files (x86)/gnu tools arm embedded/9 2019-q4-major/bin/../lib/gcc/arm-none-eabi/9.2.1/thumb/v7e-m+fp/hard\libgcc.a
LOAD c:/program files (x86)/gnu tools arm embedded/9 2019-q4-major/bin/../lib/gcc/arm-none-eabi/9.2.1/../../../../arm-none-eabi/lib/thumb/v7e-m+fp/hard\libg_nano.a
LOAD c:/program files (x86)/gnu tools arm embedded/9 2019-q4-major/bin/../lib/gcc/arm-none-eabi/9.2.1/../../../../arm-none-eabi/lib/thumb/v7e-m+fp/hard\libc_nano.a
END GROUP
START GROUP
LOAD c:/program files (x86)/gnu tools arm embedded/9 2019-q4-major/bin/../lib/gcc/arm-none-eabi/9.2.1/thumb/v7e-m+fp/hard\libgcc.a
LOAD c:/program files (x86)/gnu tools arm embedded/9 2019-q4-major/bin/../lib/gcc/arm-none-eabi/9.2.1/../../../../arm-none-eabi/lib/thumb/v7e-m+fp/hard\libc_nano.a
END GROUP
LOAD c:/program files (x86)/gnu tools arm embedded/9 2019-q4-major/bin/../lib/gcc/arm-none-eabi/9.2.1/thumb/v7e-m+fp/hard/crtend.o
LOAD c:/program files (x86)/gnu tools arm embedded/9 2019-q4-major/bin/../lib/gcc/arm-none-eabi/9.2.1/thumb/v7e-m+fp/hard/crtn.o
START GROUP
LOAD c:/program files (x86)/gnu tools arm embedded/9 2019-q4-major/bin/../lib/gcc/arm-none-eabi/9.2.1/thumb/v7e-m+fp/hard\libgcc.a
LOAD c:/program files (x86)/gnu tools arm embedded/9 2019-q4-major/bin/../lib/gcc/arm-none-eabi/9.2.1/../../../../arm-none-eabi/lib/thumb/v7e-m+fp/hard\libc.a
LOAD c:/program files (x86)/gnu tools arm embedded/9 2019-q4-major/bin/../lib/gcc/arm-none-eabi/9.2.1/../../../../arm-none-eabi/lib/thumb/v7e-m+fp/hard\libnosys.a
END GROUP

.igot.plt       0x20002360        0x0 load address 0x0002c46c
 .igot.plt      0x20002360        0x0 c:/program files (x86)/gnu tools arm embedded/9 2019-q4-major/bin/../lib/gcc/arm-none-eabi/9.2.1/thumb/v7e-m+fp/hard/crtbegin.o
                0x20002360                . = ALIGN (0x4)

.mem_section_dummy_ram

.log_dynamic_data
                0x20002360       0x34 load address 0x0002c46c
                0x20002360                PROVIDE (__start_log_dynamic_data = .)
 *(SORT_BY_NAME(.log_dynamic_data*))
 .log_dynamic_data_CLOCK
                0x20002360        0x4 _build/nrf52832_xxaa/nrfx_clock.c.o
                0x20002360                m_nrf_log_CLOCK_logs_data_dynamic
 .log_dynamic_data_GPIOTE
                0x20002364        0x4 _build/nrf52832_xxaa/nrfx_gpiote.c.o
                0x20002364                m_nrf_log_GPIOTE_logs_data_dynamic
 .log_dynamic_data_PRS
                0x20002368        0x4 _build/nrf52832_xxaa/nrfx_prs.c.o
                0x20002368                m_nrf_log_PRS_logs_data_dynamic
 .log_dynamic_data_UART
                0x2000236c        0x4 _build/nrf52832_xxaa/nrfx_uart.c.o
                0x2000236c                m_nrf_log_UART_logs_data_dynamic
 .log_dynamic_data_UARTE
                0x20002370        0x4 _build/nrf52832_xxaa/nrfx_uarte.c.o
                0x20002370                m_nrf_log_UARTE_logs_data_dynamic
 .log_dynamic_data_app
                0x20002374        0x4 _build/nrf52832_xxaa/nrf_log_frontend.c.o
                0x20002374                m_nrf_log_app_logs_data_dynamic
 .log_dynamic_data_balloc_log_mempool
                0x20002378        0x4 _build/nrf52832_xxaa/nrf_log_frontend.c.o
                0x20002378                m_nrf_log_balloc_log_mempool_logs_data_dynamic
 .log_dynamic_data_clock
                0x2000237c        0x4 _build/nrf52832_xxaa/nrf_drv_clock.c.o
                0x2000237c                m_nrf_log_clock_logs_data_dynamic
 .log_dynamic_data_nrf_ble_gatt
                0x20002380        0x4 _build/nrf52832_xxaa/nrf_ble_gatt.c.o
                0x20002380                m_nrf_log_nrf_ble_gatt_logs_data_dynamic
 .log_dynamic_data_nrf_sdh
                0x20002384        0x4 _build/nrf52832_xxaa/nrf_sdh.c.o
                0x20002384                m_nrf_log_nrf_sdh_logs_data_dynamic
 .log_dynamic_data_nrf_sdh_ble
                0x20002388        0x4 _build/nrf52832_xxaa/nrf_sdh_ble.c.o
                0x20002388                m_nrf_log_nrf_sdh_ble_logs_data_dynamic
 .log_dynamic_data_nrf_sdh_soc
                0x2000238c        0x4 _build/nrf52832_xxaa/nrf_sdh_soc.c.o
                0x2000238c                m_nrf_log_nrf_sdh_soc_logs_data_dynamic
 .log_dynamic_data_pwr_mgmt
                0x20002390        0x4 _build/nrf52832_xxaa/nrf_pwr_mgmt.c.o
                0x20002390                m_nrf_log_pwr_mgmt_logs_data_dynamic
                [!provide]                PROVIDE (__stop_log_dynamic_data = .)

.cli_sorted_cmd_ptrs
                0x20002394        0x0
                [!provide]                PROVIDE (__start_cli_sorted_cmd_ptrs = .)
 *(.cli_sorted_cmd_ptrs)
                [!provide]                PROVIDE (__stop_cli_sorted_cmd_ptrs = .)

.fs_data        0x20002394        0x0
                [!provide]                PROVIDE (__start_fs_data = .)
 *(.fs_data)
                [!provide]                PROVIDE (__stop_fs_data = .)

.bss            0x20002398      0x910 load address 0x0002c4a8
                0x20002398                . = ALIGN (0x4)
                0x20002398                __bss_start__ = .
 *(.bss*)
 .bss           0x20002398       0x1c c:/program files (x86)/gnu tools arm embedded/9 2019-q4-major/bin/../lib/gcc/arm-none-eabi/9.2.1/thumb/v7e-m+fp/hard/crtbegin.o
 .bss.m_async_mode
                0x200023b4        0x1 _build/nrf52832_xxaa/nrf_log_backend_uart.c.o
 *fill*         0x200023b5        0x3 
 .bss.m_string_buff
                0x200023b8       0x40 _build/nrf52832_xxaa/nrf_log_backend_uart.c.o
 .bss.m_xfer_done
                0x200023f8        0x1 _build/nrf52832_xxaa/nrf_log_backend_uart.c.o
 *fill*         0x200023f9        0x3 
 .bss.log_mempool_nrf_balloc_cb
                0x200023fc        0x8 _build/nrf52832_xxaa/nrf_log_frontend.c.o
 .bss.log_mempool_nrf_balloc_pool_mem
                0x20002404       0xc0 _build/nrf52832_xxaa/nrf_log_frontend.c.o
 .bss.log_mempool_nrf_balloc_pool_stack
                0x200024c4        0x8 _build/nrf52832_xxaa/nrf_log_frontend.c.o
 *fill*         0x200024cc        0x4 
 .bss.m_log_data
                0x200024d0      0x424 _build/nrf52832_xxaa/nrf_log_frontend.c.o
 .bss.m_button_count
                0x200028f4        0x1 _build/nrf52832_xxaa/app_button.c.o
 *fill*         0x200028f5        0x3 
 .bss.m_detection_delay
                0x200028f8        0x4 _build/nrf52832_xxaa/app_button.c.o
 .bss.m_detection_delay_timer_id_data
                0x200028fc       0x20 _build/nrf52832_xxaa/app_button.c.o
 *fill*         0x2000291c        0x4 
 .bss.m_pin_state
                0x20002920        0x8 _build/nrf52832_xxaa/app_button.c.o
 .bss.m_pin_transition
                0x20002928        0x8 _build/nrf52832_xxaa/app_button.c.o
 .bss.mp_buttons
                0x20002930        0x4 _build/nrf52832_xxaa/app_button.c.o
 .bss.m_op_queue
                0x20002934      0x10c _build/nrf52832_xxaa/app_timer.c.o
 .bss.m_rtc1_reset
                0x20002a40        0x1 _build/nrf52832_xxaa/app_timer.c.o
 .bss.m_rtc1_running
                0x20002a41        0x1 _build/nrf52832_xxaa/app_timer.c.o
 *fill*         0x20002a42        0x2 
 .bss.m_ticks_elapsed
                0x20002a44        0x8 _build/nrf52832_xxaa/app_timer.c.o
 .bss.m_ticks_elapsed_q_read_ind
                0x20002a4c        0x1 _build/nrf52832_xxaa/app_timer.c.o
 .bss.m_ticks_elapsed_q_write_ind
                0x20002a4d        0x1 _build/nrf52832_xxaa/app_timer.c.o
 *fill*         0x20002a4e        0x2 
 .bss.m_ticks_latest
                0x20002a50        0x4 _build/nrf52832_xxaa/app_timer.c.o
 .bss.mp_timer_id_head
                0x20002a54        0x4 _build/nrf52832_xxaa/app_timer.c.o
 .bss.m_handlers_iter
                0x20002a58        0x8 _build/nrf52832_xxaa/nrf_pwr_mgmt.c.o
 .bss.m_shutdown_started
                0x20002a60        0x1 _build/nrf52832_xxaa/nrf_pwr_mgmt.c.o
 *fill*         0x20002a61        0x3 
 .bss.m_sysoff_mtx
                0x20002a64        0x4 _build/nrf52832_xxaa/nrf_pwr_mgmt.c.o
 .bss.m_clock_cb
                0x20002a68       0x14 _build/nrf52832_xxaa/nrf_drv_clock.c.o
 .bss.m_contexts
                0x20002a7c        0x4 _build/nrf52832_xxaa/nrf_drv_uart.c.o
 .bss.m_handlers
                0x20002a80        0x4 _build/nrf52832_xxaa/nrf_drv_uart.c.o
 .bss.m_clock_cb
                0x20002a84        0x8 _build/nrf52832_xxaa/nrfx_clock.c.o
 *fill*         0x20002a8c        0x4 
 .bss.m_cb      0x20002a90       0x5c _build/nrf52832_xxaa/nrfx_gpiote.c.o
 .bss.m_prs_box_4
                0x20002aec        0x8 _build/nrf52832_xxaa/nrfx_prs.c.o
 *fill*         0x20002af4        0x4 
 .bss.m_cb      0x20002af8       0x2c _build/nrf52832_xxaa/nrfx_uart.c.o
 *fill*         0x20002b24        0x4 
 .bss.m_cb      0x20002b28       0x24 _build/nrf52832_xxaa/nrfx_uarte.c.o
 .bss.m_enc_advdata
                0x20002b4c       0x1f _build/nrf52832_xxaa/main.c.o
 *fill*         0x20002b6b        0x1 
 .bss.m_enc_scan_response_data
                0x20002b6c       0x1f _build/nrf52832_xxaa/main.c.o
 *fill*         0x20002b8b        0x1 
 .bss.m_gatt    0x20002b8c       0x14 _build/nrf52832_xxaa/main.c.o
 .bss.m_lbs     0x20002ba0       0x18 _build/nrf52832_xxaa/main.c.o
 .bss.m_qwr     0x20002bb8        0xc _build/nrf52832_xxaa/main.c.o
 .bss.m_conn_params_config
                0x20002bc4       0x1c _build/nrf52832_xxaa/ble_conn_params.c.o
 .bss.m_conn_params_instances
                0x20002be0       0x14 _build/nrf52832_xxaa/ble_conn_params.c.o
 .bss.m_preferred_conn_params
                0x20002bf4        0x8 _build/nrf52832_xxaa/ble_conn_params.c.o
 .bss.m_timer_data
                0x20002bfc       0x20 _build/nrf52832_xxaa/ble_conn_params.c.o
 .bss.m_bcs     0x20002c1c       0x78 _build/nrf52832_xxaa/ble_conn_state.c.o
 .bss.m_nrf_sdh_continue
                0x20002c94        0x1 _build/nrf52832_xxaa/nrf_sdh.c.o
 .bss.m_nrf_sdh_enabled
                0x20002c95        0x1 _build/nrf52832_xxaa/nrf_sdh.c.o
 .bss.m_nrf_sdh_suspended
                0x20002c96        0x1 _build/nrf52832_xxaa/nrf_sdh.c.o
 .bss.m_stack_is_enabled
                0x20002c97        0x1 _build/nrf52832_xxaa/nrf_sdh_ble.c.o
 *(COMMON)
 COMMON         0x20002c98        0xc _build/nrf52832_xxaa/app_util_platform.c.o
                0x20002c98                nrf_nvic_state
 COMMON         0x20002ca4        0x1 _build/nrf52832_xxaa/nrf_drv_uart.c.o
                0x20002ca4                nrf_drv_uart_use_easy_dma
                0x20002ca8                . = ALIGN (0x4)
 *fill*         0x20002ca5        0x3 
                0x20002ca8                __bss_end__ = .

.heap           0x20002ca8     0x2000
                0x20002ca8                __HeapBase = .
                0x20002ca8                __end__ = .
                [!provide]                PROVIDE (end = .)
 *(.heap*)
 .heap          0x20002ca8     0x2000 _build/nrf52832_xxaa/gcc_startup_nrf52.S.o
                0x20004ca8                __HeapLimit = .

.stack_dummy    0x20002ca8     0x2000
 *(.stack*)
 .stack         0x20002ca8     0x2000 _build/nrf52832_xxaa/gcc_startup_nrf52.S.o
                0x20010000                __StackTop = (ORIGIN (RAM) + LENGTH (RAM))
                0x2000e000                __StackLimit = (__StackTop - SIZEOF (.stack_dummy))
                0x20010000                PROVIDE (__stack = __StackTop)
                0x00000001                ASSERT ((__StackLimit >= __HeapLimit), region RAM overflowed with stack)
                0x000000e0                DataInitFlashUsed = (__bss_start__ - __data_start__)
                0x000063c4                CodeFlashUsed = (__etext - ORIGIN (FLASH))
                0x000064a4                TotalFlashUsed = (CodeFlashUsed + DataInitFlashUsed)
                0x00000001                ASSERT ((TotalFlashUsed <= LENGTH (FLASH)), region FLASH overflowed with .data and user data)
OUTPUT(_build/nrf52832_xxaa.out elf32-littlearm)

.ARM.attributes
                0x00000000       0x30
 .ARM.attributes
                0x00000000       0x1e c:/program files (x86)/gnu tools arm embedded/9 2019-q4-major/bin/../lib/gcc/arm-none-eabi/9.2.1/thumb/v7e-m+fp/hard/crti.o
 .ARM.attributes
                0x0000001e       0x34 c:/program files (x86)/gnu tools arm embedded/9 2019-q4-major/bin/../lib/gcc/arm-none-eabi/9.2.1/thumb/v7e-m+fp/hard/crtbegin.o
 .ARM.attributes
                0x00000052       0x1c c:/program files (x86)/gnu tools arm embedded/9 2019-q4-major/bin/../lib/gcc/arm-none-eabi/9.2.1/../../../../arm-none-eabi/lib/thumb/v7e-m+fp/hard/crt0.o
 .ARM.attributes
                0x0000006e       0x20 _build/nrf52832_xxaa/gcc_startup_nrf52.S.o
 .ARM.attributes
                0x0000008e       0x34 _build/nrf52832_xxaa/nrf_log_backend_serial.c.o
 .ARM.attributes
                0x000000c2       0x34 _build/nrf52832_xxaa/nrf_log_backend_uart.c.o
 .ARM.attributes
                0x000000f6       0x34 _build/nrf52832_xxaa/nrf_log_default_backends.c.o
 .ARM.attributes
                0x0000012a       0x34 _build/nrf52832_xxaa/nrf_log_frontend.c.o
 .ARM.attributes
                0x0000015e       0x34 _build/nrf52832_xxaa/nrf_log_str_formatter.c.o
 .ARM.attributes
                0x00000192       0x34 _build/nrf52832_xxaa/app_button.c.o
 .ARM.attributes
                0x000001c6       0x34 _build/nrf52832_xxaa/app_error.c.o
 .ARM.attributes
                0x000001fa       0x34 _build/nrf52832_xxaa/app_error_weak.c.o
 .ARM.attributes
                0x0000022e       0x34 _build/nrf52832_xxaa/app_timer.c.o
 .ARM.attributes
                0x00000262       0x34 _build/nrf52832_xxaa/app_util_platform.c.o
 .ARM.attributes
                0x00000296       0x34 _build/nrf52832_xxaa/nrf_atflags.c.o
 .ARM.attributes
                0x000002ca       0x34 _build/nrf52832_xxaa/nrf_atomic.c.o
 .ARM.attributes
                0x000002fe       0x34 _build/nrf52832_xxaa/nrf_balloc.c.o
 .ARM.attributes
                0x00000332       0x34 _build/nrf52832_xxaa/nrf_fprintf.c.o
 .ARM.attributes
                0x00000366       0x34 _build/nrf52832_xxaa/nrf_fprintf_format.c.o
 .ARM.attributes
                0x0000039a       0x34 _build/nrf52832_xxaa/nrf_memobj.c.o
 .ARM.attributes
                0x000003ce       0x34 _build/nrf52832_xxaa/nrf_pwr_mgmt.c.o
 .ARM.attributes
                0x00000402       0x34 _build/nrf52832_xxaa/nrf_section_iter.c.o
 .ARM.attributes
                0x00000436       0x34 _build/nrf52832_xxaa/nrf_strerror.c.o
 .ARM.attributes
                0x0000046a       0x34 _build/nrf52832_xxaa/system_nrf52.c.o
 .ARM.attributes
                0x0000049e       0x34 _build/nrf52832_xxaa/boards.c.o
 .ARM.attributes
                0x000004d2       0x34 _build/nrf52832_xxaa/nrf_drv_clock.c.o
 .ARM.attributes
                0x00000506       0x34 _build/nrf52832_xxaa/nrf_drv_uart.c.o
 .ARM.attributes
                0x0000053a       0x34 _build/nrf52832_xxaa/nrfx_clock.c.o
 .ARM.attributes
                0x0000056e       0x34 _build/nrf52832_xxaa/nrfx_gpiote.c.o
 .ARM.attributes
                0x000005a2       0x34 _build/nrf52832_xxaa/nrfx_prs.c.o
 .ARM.attributes
                0x000005d6       0x34 _build/nrf52832_xxaa/nrfx_uart.c.o
 .ARM.attributes
                0x0000060a       0x34 _build/nrf52832_xxaa/nrfx_uarte.c.o
 .ARM.attributes
                0x0000063e       0x34 _build/nrf52832_xxaa/main.c.o
 .ARM.attributes
                0x00000672       0x34 _build/nrf52832_xxaa/ble_advdata.c.o
 .ARM.attributes
                0x000006a6       0x34 _build/nrf52832_xxaa/ble_conn_params.c.o
 .ARM.attributes
                0x000006da       0x34 _build/nrf52832_xxaa/ble_conn_state.c.o
 .ARM.attributes
                0x0000070e       0x34 _build/nrf52832_xxaa/ble_srv_common.c.o
 .ARM.attributes
                0x00000742       0x34 _build/nrf52832_xxaa/nrf_ble_gatt.c.o
 .ARM.attributes
                0x00000776       0x34 _build/nrf52832_xxaa/nrf_ble_qwr.c.o
 .ARM.attributes
                0x000007aa       0x34 _build/nrf52832_xxaa/ble_lbs.c.o
 .ARM.attributes
                0x000007de       0x34 _build/nrf52832_xxaa/nrf_sdh.c.o
 .ARM.attributes
                0x00000812       0x34 _build/nrf52832_xxaa/nrf_sdh_ble.c.o
 .ARM.attributes
                0x00000846       0x34 _build/nrf52832_xxaa/nrf_sdh_soc.c.o
 .ARM.attributes
                0x0000087a       0x32 c:/program files (x86)/gnu tools arm embedded/9 2019-q4-major/bin/../lib/gcc/arm-none-eabi/9.2.1/../../../../arm-none-eabi/lib/thumb/v7e-m+fp/hard\libc_nano.a(lib_a-ctype_.o)
 .ARM.attributes
                0x000008ac       0x34 c:/program files (x86)/gnu tools arm embedded/9 2019-q4-major/bin/../lib/gcc/arm-none-eabi/9.2.1/../../../../arm-none-eabi/lib/thumb/v7e-m+fp/hard\libc_nano.a(lib_a-exit.o)
 .ARM.attributes
                0x000008e0       0x32 c:/program files (x86)/gnu tools arm embedded/9 2019-q4-major/bin/../lib/gcc/arm-none-eabi/9.2.1/../../../../arm-none-eabi/lib/thumb/v7e-m+fp/hard\libc_nano.a(lib_a-impure.o)
 .ARM.attributes
                0x00000912       0x34 c:/program files (x86)/gnu tools arm embedded/9 2019-q4-major/bin/../lib/gcc/arm-none-eabi/9.2.1/../../../../arm-none-eabi/lib/thumb/v7e-m+fp/hard\libc_nano.a(lib_a-init.o)
 .ARM.attributes
                0x00000946       0x34 c:/program files (x86)/gnu tools arm embedded/9 2019-q4-major/bin/../lib/gcc/arm-none-eabi/9.2.1/../../../../arm-none-eabi/lib/thumb/v7e-m+fp/hard\libc_nano.a(lib_a-memcpy-stub.o)
 .ARM.attributes
                0x0000097a       0x34 c:/program files (x86)/gnu tools arm embedded/9 2019-q4-major/bin/../lib/gcc/arm-none-eabi/9.2.1/../../../../arm-none-eabi/lib/thumb/v7e-m+fp/hard\libc_nano.a(lib_a-memset.o)
 .ARM.attributes
                0x000009ae       0x17 c:/program files (x86)/gnu tools arm embedded/9 2019-q4-major/bin/../lib/gcc/arm-none-eabi/9.2.1/../../../../arm-none-eabi/lib/thumb/v7e-m+fp/hard\libc_nano.a(lib_a-strlen.o)
 .ARM.attributes
                0x000009c5       0x34 c:/program files (x86)/gnu tools arm embedded/9 2019-q4-major/bin/../lib/gcc/arm-none-eabi/9.2.1/../../../../arm-none-eabi/lib/thumb/v7e-m+fp/hard\libnosys.a(_exit.o)
 .ARM.attributes
                0x000009f9       0x32 c:/program files (x86)/gnu tools arm embedded/9 2019-q4-major/bin/../lib/gcc/arm-none-eabi/9.2.1/thumb/v7e-m+fp/hard/crtend.o
 .ARM.attributes
                0x00000a2b       0x1e c:/program files (x86)/gnu tools arm embedded/9 2019-q4-major/bin/../lib/gcc/arm-none-eabi/9.2.1/thumb/v7e-m+fp/hard/crtn.o

.comment        0x00000000       0x79
 .comment       0x00000000       0x79 _build/nrf52832_xxaa/nrf_log_backend_serial.c.o
                                 0x7a (size before relaxing)
 .comment       0x00000079       0x7a _build/nrf52832_xxaa/nrf_log_backend_uart.c.o
 .comment       0x00000079       0x7a _build/nrf52832_xxaa/nrf_log_default_backends.c.o
 .comment       0x00000079       0x7a _build/nrf52832_xxaa/nrf_log_frontend.c.o
 .comment       0x00000079       0x7a _build/nrf52832_xxaa/nrf_log_str_formatter.c.o
 .comment       0x00000079       0x7a _build/nrf52832_xxaa/app_button.c.o
 .comment       0x00000079       0x7a _build/nrf52832_xxaa/app_error.c.o
 .comment       0x00000079       0x7a _build/nrf52832_xxaa/app_error_weak.c.o
 .comment       0x00000079       0x7a _build/nrf52832_xxaa/app_timer.c.o
 .comment       0x00000079       0x7a _build/nrf52832_xxaa/app_util_platform.c.o
 .comment       0x00000079       0x7a _build/nrf52832_xxaa/nrf_atflags.c.o
 .comment       0x00000079       0x7a _build/nrf52832_xxaa/nrf_atomic.c.o
 .comment       0x00000079       0x7a _build/nrf52832_xxaa/nrf_balloc.c.o
 .comment       0x00000079       0x7a _build/nrf52832_xxaa/nrf_fprintf.c.o
 .comment       0x00000079       0x7a _build/nrf52832_xxaa/nrf_fprintf_format.c.o
 .comment       0x00000079       0x7a _build/nrf52832_xxaa/nrf_memobj.c.o
 .comment       0x00000079       0x7a _build/nrf52832_xxaa/nrf_pwr_mgmt.c.o
 .comment       0x00000079       0x7a _build/nrf52832_xxaa/nrf_section_iter.c.o
 .comment       0x00000079       0x7a _build/nrf52832_xxaa/nrf_strerror.c.o
 .comment       0x00000079       0x7a _build/nrf52832_xxaa/system_nrf52.c.o
 .comment       0x00000079       0x7a _build/nrf52832_xxaa/boards.c.o
 .comment       0x00000079       0x7a _build/nrf52832_xxaa/nrf_drv_clock.c.o
 .comment       0x00000079       0x7a _build/nrf52832_xxaa/nrf_drv_uart.c.o
 .comment       0x00000079       0x7a _build/nrf52832_xxaa/nrfx_clock.c.o
 .comment       0x00000079       0x7a _build/nrf52832_xxaa/nrfx_gpiote.c.o
 .comment       0x00000079       0x7a _build/nrf52832_xxaa/nrfx_prs.c.o
 .comment       0x00000079       0x7a _build/nrf52832_xxaa/nrfx_uart.c.o
 .comment       0x00000079       0x7a _build/nrf52832_xxaa/nrfx_uarte.c.o
 .comment       0x00000079       0x7a _build/nrf52832_xxaa/main.c.o
 .comment       0x00000079       0x7a _build/nrf52832_xxaa/ble_advdata.c.o
 .comment       0x00000079       0x7a _build/nrf52832_xxaa/ble_conn_params.c.o
 .comment       0x00000079       0x7a _build/nrf52832_xxaa/ble_conn_state.c.o
 .comment       0x00000079       0x7a _build/nrf52832_xxaa/ble_srv_common.c.o
 .comment       0x00000079       0x7a _build/nrf52832_xxaa/nrf_ble_gatt.c.o
 .comment       0x00000079       0x7a _build/nrf52832_xxaa/nrf_ble_qwr.c.o
 .comment       0x00000079       0x7a _build/nrf52832_xxaa/ble_lbs.c.o
 .comment       0x00000079       0x7a _build/nrf52832_xxaa/nrf_sdh.c.o
 .comment       0x00000079       0x7a _build/nrf52832_xxaa/nrf_sdh_ble.c.o
 .comment       0x00000079       0x7a _build/nrf52832_xxaa/nrf_sdh_soc.c.o

.debug_line     0x00000000    0x23299
 .debug_line    0x00000000       0x86 _build/nrf52832_xxaa/gcc_startup_nrf52.S.o
 .debug_line    0x00000086      0x91f _build/nrf52832_xxaa/nrf_log_backend_serial.c.o
 .debug_line    0x000009a5      0xc3b _build/nrf52832_xxaa/nrf_log_backend_uart.c.o
 .debug_line    0x000015e0      0x7fd _build/nrf52832_xxaa/nrf_log_default_backends.c.o
 .debug_line    0x00001ddd     0x2c47 _build/nrf52832_xxaa/nrf_log_frontend.c.o
 .debug_line    0x00004a24      0xa35 _build/nrf52832_xxaa/nrf_log_str_formatter.c.o
 .debug_line    0x00005459      0xba7 _build/nrf52832_xxaa/app_button.c.o
 .debug_line    0x00006000      0x5cb _build/nrf52832_xxaa/app_error.c.o
 .debug_line    0x000065cb      0x903 _build/nrf52832_xxaa/app_error_weak.c.o
 .debug_line    0x00006ece     0x1792 _build/nrf52832_xxaa/app_timer.c.o
 .debug_line    0x00008660      0x809 _build/nrf52832_xxaa/app_util_platform.c.o
 .debug_line    0x00008e69      0x877 _build/nrf52832_xxaa/nrf_atflags.c.o
 .debug_line    0x000096e0      0x8e2 _build/nrf52832_xxaa/nrf_atomic.c.o
 .debug_line    0x00009fc2      0x93a _build/nrf52832_xxaa/nrf_balloc.c.o
 .debug_line    0x0000a8fc      0x59e _build/nrf52832_xxaa/nrf_fprintf.c.o
 .debug_line    0x0000ae9a      0xe1d _build/nrf52832_xxaa/nrf_fprintf_format.c.o
 .debug_line    0x0000bcb7      0xb7a _build/nrf52832_xxaa/nrf_memobj.c.o
 .debug_line    0x0000c831      0xf24 _build/nrf52832_xxaa/nrf_pwr_mgmt.c.o
 .debug_line    0x0000d755      0x5b4 _build/nrf52832_xxaa/nrf_section_iter.c.o
 .debug_line    0x0000dd09      0x605 _build/nrf52832_xxaa/nrf_strerror.c.o
 .debug_line    0x0000e30e      0x93e _build/nrf52832_xxaa/system_nrf52.c.o
 .debug_line    0x0000ec4c     0x10cc _build/nrf52832_xxaa/boards.c.o
 .debug_line    0x0000fd18     0x11ec _build/nrf52832_xxaa/nrf_drv_clock.c.o
 .debug_line    0x00010f04      0x898 _build/nrf52832_xxaa/nrf_drv_uart.c.o
 .debug_line    0x0001179c     0x10a5 _build/nrf52832_xxaa/nrfx_clock.c.o
 .debug_line    0x00012841     0x2f86 _build/nrf52832_xxaa/nrfx_gpiote.c.o
 .debug_line    0x000157c7      0x9ae _build/nrf52832_xxaa/nrfx_prs.c.o
 .debug_line    0x00016175     0x1e9b _build/nrf52832_xxaa/nrfx_uart.c.o
 .debug_line    0x00018010     0x1b7e _build/nrf52832_xxaa/nrfx_uarte.c.o
 .debug_line    0x00019b8e     0x1489 _build/nrf52832_xxaa/main.c.o
 .debug_line    0x0001b017     0x13fb _build/nrf52832_xxaa/ble_advdata.c.o
 .debug_line    0x0001c412      0xe3e _build/nrf52832_xxaa/ble_conn_params.c.o
 .debug_line    0x0001d250     0x1109 _build/nrf52832_xxaa/ble_conn_state.c.o
 .debug_line    0x0001e359      0xac9 _build/nrf52832_xxaa/ble_srv_common.c.o
 .debug_line    0x0001ee22      0xd90 _build/nrf52832_xxaa/nrf_ble_gatt.c.o
 .debug_line    0x0001fbb2      0x8b5 _build/nrf52832_xxaa/nrf_ble_qwr.c.o
 .debug_line    0x00020467      0x969 _build/nrf52832_xxaa/ble_lbs.c.o
 .debug_line    0x00020dd0     0x10e0 _build/nrf52832_xxaa/nrf_sdh.c.o
 .debug_line    0x00021eb0      0xbc6 _build/nrf52832_xxaa/nrf_sdh_ble.c.o
 .debug_line    0x00022a76      0x823 _build/nrf52832_xxaa/nrf_sdh_soc.c.o

.debug_info     0x00000000    0x4c70b
 .debug_info    0x00000000       0x26 _build/nrf52832_xxaa/gcc_startup_nrf52.S.o
 .debug_info    0x00000026     0x1185 _build/nrf52832_xxaa/nrf_log_backend_serial.c.o
 .debug_info    0x000011ab     0x1afe _build/nrf52832_xxaa/nrf_log_backend_uart.c.o
 .debug_info    0x00002ca9      0xc5a _build/nrf52832_xxaa/nrf_log_default_backends.c.o
 .debug_info    0x00003903     0x4684 _build/nrf52832_xxaa/nrf_log_frontend.c.o
 .debug_info    0x00007f87     0x11f8 _build/nrf52832_xxaa/nrf_log_str_formatter.c.o
 .debug_info    0x0000917f     0x1045 _build/nrf52832_xxaa/app_button.c.o
 .debug_info    0x0000a1c4      0xbac _build/nrf52832_xxaa/app_error.c.o
 .debug_info    0x0000ad70      0xdde _build/nrf52832_xxaa/app_error_weak.c.o
 .debug_info    0x0000bb4e     0x29ce _build/nrf52832_xxaa/app_timer.c.o
 .debug_info    0x0000e51c     0x12ef _build/nrf52832_xxaa/app_util_platform.c.o
 .debug_info    0x0000f80b      0xf4f _build/nrf52832_xxaa/nrf_atflags.c.o
 .debug_info    0x0001075a     0x13e4 _build/nrf52832_xxaa/nrf_atomic.c.o
 .debug_info    0x00011b3e      0xdc5 _build/nrf52832_xxaa/nrf_balloc.c.o
 .debug_info    0x00012903      0xb51 _build/nrf52832_xxaa/nrf_fprintf.c.o
 .debug_info    0x00013454     0x1418 _build/nrf52832_xxaa/nrf_fprintf_format.c.o
 .debug_info    0x0001486c     0x143d _build/nrf52832_xxaa/nrf_memobj.c.o
 .debug_info    0x00015ca9     0x1c74 _build/nrf52832_xxaa/nrf_pwr_mgmt.c.o
 .debug_info    0x0001791d      0xac1 _build/nrf52832_xxaa/nrf_section_iter.c.o
 .debug_info    0x000183de      0xb76 _build/nrf52832_xxaa/nrf_strerror.c.o
 .debug_info    0x00018f54     0x1258 _build/nrf52832_xxaa/system_nrf52.c.o
 .debug_info    0x0001a1ac     0x172e _build/nrf52832_xxaa/boards.c.o
 .debug_info    0x0001b8da     0x1fe8 _build/nrf52832_xxaa/nrf_drv_clock.c.o
 .debug_info    0x0001d8c2     0x1abb _build/nrf52832_xxaa/nrf_drv_uart.c.o
 .debug_info    0x0001f37d     0x1edc _build/nrf52832_xxaa/nrfx_clock.c.o
 .debug_info    0x00021259     0x4376 _build/nrf52832_xxaa/nrfx_gpiote.c.o
 .debug_info    0x000255cf     0x1168 _build/nrf52832_xxaa/nrfx_prs.c.o
 .debug_info    0x00026737     0x40ae _build/nrf52832_xxaa/nrfx_uart.c.o
 .debug_info    0x0002a7e5     0x3cb7 _build/nrf52832_xxaa/nrfx_uarte.c.o
 .debug_info    0x0002e49c     0x46da _build/nrf52832_xxaa/main.c.o
 .debug_info    0x00032b76     0x2845 _build/nrf52832_xxaa/ble_advdata.c.o
 .debug_info    0x000353bb     0x353e _build/nrf52832_xxaa/ble_conn_params.c.o
 .debug_info    0x000388f9     0x3751 _build/nrf52832_xxaa/ble_conn_state.c.o
 .debug_info    0x0003c04a     0x1702 _build/nrf52832_xxaa/ble_srv_common.c.o
 .debug_info    0x0003d74c     0x3369 _build/nrf52832_xxaa/nrf_ble_gatt.c.o
 .debug_info    0x00040ab5     0x29b1 _build/nrf52832_xxaa/nrf_ble_qwr.c.o
 .debug_info    0x00043466     0x2df9 _build/nrf52832_xxaa/ble_lbs.c.o
 .debug_info    0x0004625f     0x21a3 _build/nrf52832_xxaa/nrf_sdh.c.o
 .debug_info    0x00048402     0x3419 _build/nrf52832_xxaa/nrf_sdh_ble.c.o
 .debug_info    0x0004b81b      0xef0 _build/nrf52832_xxaa/nrf_sdh_soc.c.o

.debug_abbrev   0x00000000     0x9d33
 .debug_abbrev  0x00000000       0x14 _build/nrf52832_xxaa/gcc_startup_nrf52.S.o
 .debug_abbrev  0x00000014      0x2cc _build/nrf52832_xxaa/nrf_log_backend_serial.c.o
 .debug_abbrev  0x000002e0      0x40c _build/nrf52832_xxaa/nrf_log_backend_uart.c.o
 .debug_abbrev  0x000006ec      0x294 _build/nrf52832_xxaa/nrf_log_default_backends.c.o
 .debug_abbrev  0x00000980      0x632 _build/nrf52832_xxaa/nrf_log_frontend.c.o
 .debug_abbrev  0x00000fb2      0x320 _build/nrf52832_xxaa/nrf_log_str_formatter.c.o
 .debug_abbrev  0x000012d2      0x323 _build/nrf52832_xxaa/app_button.c.o
 .debug_abbrev  0x000015f5      0x276 _build/nrf52832_xxaa/app_error.c.o
 .debug_abbrev  0x0000186b      0x2e9 _build/nrf52832_xxaa/app_error_weak.c.o
 .debug_abbrev  0x00001b54      0x531 _build/nrf52832_xxaa/app_timer.c.o
 .debug_abbrev  0x00002085      0x3df _build/nrf52832_xxaa/app_util_platform.c.o
 .debug_abbrev  0x00002464      0x367 _build/nrf52832_xxaa/nrf_atflags.c.o
 .debug_abbrev  0x000027cb      0x378 _build/nrf52832_xxaa/nrf_atomic.c.o
 .debug_abbrev  0x00002b43      0x34d _build/nrf52832_xxaa/nrf_balloc.c.o
 .debug_abbrev  0x00002e90      0x27d _build/nrf52832_xxaa/nrf_fprintf.c.o
 .debug_abbrev  0x0000310d      0x3af _build/nrf52832_xxaa/nrf_fprintf_format.c.o
 .debug_abbrev  0x000034bc      0x388 _build/nrf52832_xxaa/nrf_memobj.c.o
 .debug_abbrev  0x00003844      0x512 _build/nrf52832_xxaa/nrf_pwr_mgmt.c.o
 .debug_abbrev  0x00003d56      0x206 _build/nrf52832_xxaa/nrf_section_iter.c.o
 .debug_abbrev  0x00003f5c      0x29c _build/nrf52832_xxaa/nrf_strerror.c.o
 .debug_abbrev  0x000041f8      0x226 _build/nrf52832_xxaa/system_nrf52.c.o
 .debug_abbrev  0x0000441e      0x408 _build/nrf52832_xxaa/boards.c.o
 .debug_abbrev  0x00004826      0x60a _build/nrf52832_xxaa/nrf_drv_clock.c.o
 .debug_abbrev  0x00004e30      0x2c9 _build/nrf52832_xxaa/nrf_drv_uart.c.o
 .debug_abbrev  0x000050f9      0x51b _build/nrf52832_xxaa/nrfx_clock.c.o
 .debug_abbrev  0x00005614      0x5fe _build/nrf52832_xxaa/nrfx_gpiote.c.o
 .debug_abbrev  0x00005c12      0x364 _build/nrf52832_xxaa/nrfx_prs.c.o
 .debug_abbrev  0x00005f76      0x57e _build/nrf52832_xxaa/nrfx_uart.c.o
 .debug_abbrev  0x000064f4      0x596 _build/nrf52832_xxaa/nrfx_uarte.c.o
 .debug_abbrev  0x00006a8a      0x4fc _build/nrf52832_xxaa/main.c.o
 .debug_abbrev  0x00006f86      0x4aa _build/nrf52832_xxaa/ble_advdata.c.o
 .debug_abbrev  0x00007430      0x587 _build/nrf52832_xxaa/ble_conn_params.c.o
 .debug_abbrev  0x000079b7      0x5bb _build/nrf52832_xxaa/ble_conn_state.c.o
 .debug_abbrev  0x00007f72      0x3be _build/nrf52832_xxaa/ble_srv_common.c.o
 .debug_abbrev  0x00008330      0x4ed _build/nrf52832_xxaa/nrf_ble_gatt.c.o
 .debug_abbrev  0x0000881d      0x3ee _build/nrf52832_xxaa/nrf_ble_qwr.c.o
 .debug_abbrev  0x00008c0b      0x3f6 _build/nrf52832_xxaa/ble_lbs.c.o
 .debug_abbrev  0x00009001      0x586 _build/nrf52832_xxaa/nrf_sdh.c.o
 .debug_abbrev  0x00009587      0x4a8 _build/nrf52832_xxaa/nrf_sdh_ble.c.o
 .debug_abbrev  0x00009a2f      0x304 _build/nrf52832_xxaa/nrf_sdh_soc.c.o

.debug_aranges  0x00000000      0xd90
 .debug_aranges
                0x00000000       0x20 _build/nrf52832_xxaa/gcc_startup_nrf52.S.o
 .debug_aranges
                0x00000020       0x20 _build/nrf52832_xxaa/nrf_log_backend_serial.c.o
 .debug_aranges
                0x00000040       0x48 _build/nrf52832_xxaa/nrf_log_backend_uart.c.o
 .debug_aranges
                0x00000088       0x20 _build/nrf52832_xxaa/nrf_log_default_backends.c.o
 .debug_aranges
                0x000000a8       0xb8 _build/nrf52832_xxaa/nrf_log_frontend.c.o
 .debug_aranges
                0x00000160       0x38 _build/nrf52832_xxaa/nrf_log_str_formatter.c.o
 .debug_aranges
                0x00000198       0x48 _build/nrf52832_xxaa/app_button.c.o
 .debug_aranges
                0x000001e0       0x28 _build/nrf52832_xxaa/app_error.c.o
 .debug_aranges
                0x00000208       0x20 _build/nrf52832_xxaa/app_error_weak.c.o
 .debug_aranges
                0x00000228       0x70 _build/nrf52832_xxaa/app_timer.c.o
 .debug_aranges
                0x00000298       0x48 _build/nrf52832_xxaa/app_util_platform.c.o
 .debug_aranges
                0x000002e0       0x58 _build/nrf52832_xxaa/nrf_atflags.c.o
 .debug_aranges
                0x00000338       0xb0 _build/nrf52832_xxaa/nrf_atomic.c.o
 .debug_aranges
                0x000003e8       0x30 _build/nrf52832_xxaa/nrf_balloc.c.o
 .debug_aranges
                0x00000418       0x28 _build/nrf52832_xxaa/nrf_fprintf.c.o
 .debug_aranges
                0x00000440       0x28 _build/nrf52832_xxaa/nrf_fprintf_format.c.o
 .debug_aranges
                0x00000468       0x50 _build/nrf52832_xxaa/nrf_memobj.c.o
 .debug_aranges
                0x000004b8       0x48 _build/nrf52832_xxaa/nrf_pwr_mgmt.c.o
 .debug_aranges
                0x00000500       0x28 _build/nrf52832_xxaa/nrf_section_iter.c.o
 .debug_aranges
                0x00000528       0x28 _build/nrf52832_xxaa/nrf_strerror.c.o
 .debug_aranges
                0x00000550       0x28 _build/nrf52832_xxaa/system_nrf52.c.o
 .debug_aranges
                0x00000578       0x78 _build/nrf52832_xxaa/boards.c.o
 .debug_aranges
                0x000005f0       0xa8 _build/nrf52832_xxaa/nrf_drv_clock.c.o
 .debug_aranges
                0x00000698       0x30 _build/nrf52832_xxaa/nrf_drv_uart.c.o
 .debug_aranges
                0x000006c8       0x78 _build/nrf52832_xxaa/nrfx_clock.c.o
 .debug_aranges
                0x00000740       0xd8 _build/nrf52832_xxaa/nrfx_gpiote.c.o
 .debug_aranges
                0x00000818       0x30 _build/nrf52832_xxaa/nrfx_prs.c.o
 .debug_aranges
                0x00000848       0x78 _build/nrf52832_xxaa/nrfx_uart.c.o
 .debug_aranges
                0x000008c0       0x68 _build/nrf52832_xxaa/nrfx_uarte.c.o
 .debug_aranges
                0x00000928       0x90 _build/nrf52832_xxaa/main.c.o
 .debug_aranges
                0x000009b8       0x78 _build/nrf52832_xxaa/ble_advdata.c.o
 .debug_aranges
                0x00000a30       0x60 _build/nrf52832_xxaa/ble_conn_params.c.o
 .debug_aranges
                0x00000a90       0xc0 _build/nrf52832_xxaa/ble_conn_state.c.o
 .debug_aranges
                0x00000b50       0x58 _build/nrf52832_xxaa/ble_srv_common.c.o
 .debug_aranges
                0x00000ba8       0x70 _build/nrf52832_xxaa/nrf_ble_gatt.c.o
 .debug_aranges
                0x00000c18       0x40 _build/nrf52832_xxaa/nrf_ble_qwr.c.o
 .debug_aranges
                0x00000c58       0x50 _build/nrf52832_xxaa/ble_lbs.c.o
 .debug_aranges
                0x00000ca8       0x70 _build/nrf52832_xxaa/nrf_sdh.c.o
 .debug_aranges
                0x00000d18       0x50 _build/nrf52832_xxaa/nrf_sdh_ble.c.o
 .debug_aranges
                0x00000d68       0x28 _build/nrf52832_xxaa/nrf_sdh_soc.c.o

.debug_str      0x00000000    0x8fadb
 .debug_str     0x00000000       0x9d _build/nrf52832_xxaa/gcc_startup_nrf52.S.o
 .debug_str     0x0000009d    0x6f35b _build/nrf52832_xxaa/nrf_log_backend_serial.c.o
                              0x71504 (size before relaxing)
 .debug_str     0x0006f3f8     0x8136 _build/nrf52832_xxaa/nrf_log_backend_uart.c.o
                              0x79111 (size before relaxing)
 .debug_str     0x0007752e      0x131 _build/nrf52832_xxaa/nrf_log_default_backends.c.o
                              0x7129c (size before relaxing)
 .debug_str     0x0007765f     0x1377 _build/nrf52832_xxaa/nrf_log_frontend.c.o
                              0x72758 (size before relaxing)
 .debug_str     0x000789d6      0x69e _build/nrf52832_xxaa/nrf_log_str_formatter.c.o
                              0x71962 (size before relaxing)
 .debug_str     0x00079074     0x163f _build/nrf52832_xxaa/app_button.c.o
                              0x765f3 (size before relaxing)
 .debug_str     0x0007a6b3       0xf4 _build/nrf52832_xxaa/app_error.c.o
                              0x60b50 (size before relaxing)
 .debug_str     0x0007a7a7      0xa20 _build/nrf52832_xxaa/app_error_weak.c.o
                              0x72210 (size before relaxing)
 .debug_str     0x0007b1c7      0xb2f _build/nrf52832_xxaa/app_timer.c.o
                              0x75fae (size before relaxing)
 .debug_str     0x0007bcf6      0x24e _build/nrf52832_xxaa/app_util_platform.c.o
                              0x61ce9 (size before relaxing)
 .debug_str     0x0007bf44      0x3c4 _build/nrf52832_xxaa/nrf_atflags.c.o
                              0x6cbdf (size before relaxing)
 .debug_str     0x0007c308      0x65b _build/nrf52832_xxaa/nrf_atomic.c.o
                              0x6cf3a (size before relaxing)
 .debug_str     0x0007c963      0x164 _build/nrf52832_xxaa/nrf_balloc.c.o
                              0x715cc (size before relaxing)
 .debug_str     0x0007cac7      0x144 _build/nrf52832_xxaa/nrf_fprintf.c.o
                              0x6cb93 (size before relaxing)
 .debug_str     0x0007cc0b      0x11d _build/nrf52832_xxaa/nrf_fprintf_format.c.o
                              0x6cc88 (size before relaxing)
 .debug_str     0x0007cd28      0x1a3 _build/nrf52832_xxaa/nrf_memobj.c.o
                              0x6f9c0 (size before relaxing)
 .debug_str     0x0007cecb     0x16c6 _build/nrf52832_xxaa/nrf_pwr_mgmt.c.o
                              0x7a30d (size before relaxing)
 .debug_str     0x0007e591       0x54 _build/nrf52832_xxaa/nrf_section_iter.c.o
                              0x6cd62 (size before relaxing)
 .debug_str     0x0007e5e5       0xed _build/nrf52832_xxaa/nrf_strerror.c.o
                              0x6c8ff (size before relaxing)
 .debug_str     0x0007e6d2      0x36e _build/nrf52832_xxaa/system_nrf52.c.o
                              0x5c610 (size before relaxing)
 .debug_str     0x0007ea40     0x148e _build/nrf52832_xxaa/boards.c.o
                              0x75fac (size before relaxing)
 .debug_str     0x0007fece      0xe49 _build/nrf52832_xxaa/nrf_drv_clock.c.o
                              0x7936d (size before relaxing)
 .debug_str     0x00080d17      0x470 _build/nrf52832_xxaa/nrf_drv_uart.c.o
                              0x75dd6 (size before relaxing)
 .debug_str     0x00081187      0x8b1 _build/nrf52832_xxaa/nrfx_clock.c.o
                              0x78926 (size before relaxing)
 .debug_str     0x00081a38      0xd3d _build/nrf52832_xxaa/nrfx_gpiote.c.o
                              0x79aa6 (size before relaxing)
 .debug_str     0x00082775      0x334 _build/nrf52832_xxaa/nrfx_prs.c.o
                              0x77f87 (size before relaxing)
 .debug_str     0x00082aa9      0x6bb _build/nrf52832_xxaa/nrfx_uart.c.o
                              0x79122 (size before relaxing)
 .debug_str     0x00083164      0x8d3 _build/nrf52832_xxaa/nrfx_uarte.c.o
                              0x79513 (size before relaxing)
 .debug_str     0x00083a37     0x9629 _build/nrf52832_xxaa/main.c.o
                              0x83cfe (size before relaxing)
 .debug_str     0x0008d060      0x556 _build/nrf52832_xxaa/ble_advdata.c.o
                              0x73c84 (size before relaxing)
 .debug_str     0x0008d5b6      0x37a _build/nrf52832_xxaa/ble_conn_params.c.o
                              0x7606b (size before relaxing)
 .debug_str     0x0008d930      0x82f _build/nrf52832_xxaa/ble_conn_state.c.o
                              0x75588 (size before relaxing)
 .debug_str     0x0008e15f      0x47c _build/nrf52832_xxaa/ble_srv_common.c.o
                              0x6baba (size before relaxing)
 .debug_str     0x0008e5db      0x4d2 _build/nrf52832_xxaa/nrf_ble_gatt.c.o
                              0x76481 (size before relaxing)
 .debug_str     0x0008eaad      0x209 _build/nrf52832_xxaa/nrf_ble_qwr.c.o
                              0x747c7 (size before relaxing)
 .debug_str     0x0008ecb6      0x112 _build/nrf52832_xxaa/ble_lbs.c.o
                              0x74d9e (size before relaxing)
 .debug_str     0x0008edc8      0x52a _build/nrf52832_xxaa/nrf_sdh.c.o
                              0x7212e (size before relaxing)
 .debug_str     0x0008f2f2      0x665 _build/nrf52832_xxaa/nrf_sdh_ble.c.o
                              0x77038 (size before relaxing)
 .debug_str     0x0008f957      0x184 _build/nrf52832_xxaa/nrf_sdh_soc.c.o
                              0x710c7 (size before relaxing)

.debug_loc      0x00000000    0x1a6d4
 .debug_loc     0x00000000      0x186 _build/nrf52832_xxaa/nrf_log_backend_serial.c.o
 .debug_loc     0x00000186      0x334 _build/nrf52832_xxaa/nrf_log_backend_uart.c.o
 .debug_loc     0x000004ba       0x17 _build/nrf52832_xxaa/nrf_log_default_backends.c.o
 .debug_loc     0x000004d1     0x56f3 _build/nrf52832_xxaa/nrf_log_frontend.c.o
 .debug_loc     0x00005bc4      0x49c _build/nrf52832_xxaa/nrf_log_str_formatter.c.o
 .debug_loc     0x00006060      0x433 _build/nrf52832_xxaa/app_button.c.o
 .debug_loc     0x00006493       0xc8 _build/nrf52832_xxaa/app_error.c.o
 .debug_loc     0x0000655b       0x6f _build/nrf52832_xxaa/app_error_weak.c.o
 .debug_loc     0x000065ca     0x1434 _build/nrf52832_xxaa/app_timer.c.o
 .debug_loc     0x000079fe      0x1e9 _build/nrf52832_xxaa/app_util_platform.c.o
 .debug_loc     0x00007be7      0x4e7 _build/nrf52832_xxaa/nrf_atflags.c.o
 .debug_loc     0x000080ce      0x587 _build/nrf52832_xxaa/nrf_atomic.c.o
 .debug_loc     0x00008655      0x1c3 _build/nrf52832_xxaa/nrf_balloc.c.o
 .debug_loc     0x00008818       0x54 _build/nrf52832_xxaa/nrf_fprintf.c.o
 .debug_loc     0x0000886c      0xf45 _build/nrf52832_xxaa/nrf_fprintf_format.c.o
 .debug_loc     0x000097b1      0xe6a _build/nrf52832_xxaa/nrf_memobj.c.o
 .debug_loc     0x0000a61b      0x120 _build/nrf52832_xxaa/nrf_pwr_mgmt.c.o
 .debug_loc     0x0000a73b      0x220 _build/nrf52832_xxaa/nrf_strerror.c.o
 .debug_loc     0x0000a95b      0xd67 _build/nrf52832_xxaa/boards.c.o
 .debug_loc     0x0000b6c2      0x58b _build/nrf52832_xxaa/nrf_drv_clock.c.o
 .debug_loc     0x0000bc4d      0x1d6 _build/nrf52832_xxaa/nrf_drv_uart.c.o
 .debug_loc     0x0000be23      0x401 _build/nrf52832_xxaa/nrfx_clock.c.o
 .debug_loc     0x0000c224     0x3d69 _build/nrf52832_xxaa/nrfx_gpiote.c.o
 .debug_loc     0x0000ff8d      0x100 _build/nrf52832_xxaa/nrfx_prs.c.o
 .debug_loc     0x0001008d     0x1ef9 _build/nrf52832_xxaa/nrfx_uart.c.o
 .debug_loc     0x00011f86     0x1bf8 _build/nrf52832_xxaa/nrfx_uarte.c.o
 .debug_loc     0x00013b7e      0xaed _build/nrf52832_xxaa/main.c.o
 .debug_loc     0x0001466b     0x1bdb _build/nrf52832_xxaa/ble_advdata.c.o
 .debug_loc     0x00016246      0xdd4 _build/nrf52832_xxaa/ble_conn_params.c.o
 .debug_loc     0x0001701a      0xfac _build/nrf52832_xxaa/ble_conn_state.c.o
 .debug_loc     0x00017fc6      0x6d9 _build/nrf52832_xxaa/ble_srv_common.c.o
 .debug_loc     0x0001869f      0xd3a _build/nrf52832_xxaa/nrf_ble_gatt.c.o
 .debug_loc     0x000193d9      0x487 _build/nrf52832_xxaa/nrf_ble_qwr.c.o
 .debug_loc     0x00019860      0x401 _build/nrf52832_xxaa/ble_lbs.c.o
 .debug_loc     0x00019c61      0x693 _build/nrf52832_xxaa/nrf_sdh.c.o
 .debug_loc     0x0001a2f4      0x349 _build/nrf52832_xxaa/nrf_sdh_ble.c.o
 .debug_loc     0x0001a63d       0x97 _build/nrf52832_xxaa/nrf_sdh_soc.c.o

.debug_ranges   0x00000000     0x7318
 .debug_ranges  0x00000000       0x28 _build/nrf52832_xxaa/nrf_log_backend_serial.c.o
 .debug_ranges  0x00000028      0x110 _build/nrf52832_xxaa/nrf_log_backend_uart.c.o
 .debug_ranges  0x00000138       0x10 _build/nrf52832_xxaa/nrf_log_default_backends.c.o
 .debug_ranges  0x00000148      0xc70 _build/nrf52832_xxaa/nrf_log_frontend.c.o
 .debug_ranges  0x00000db8       0xa8 _build/nrf52832_xxaa/nrf_log_str_formatter.c.o
 .debug_ranges  0x00000e60       0x90 _build/nrf52832_xxaa/app_button.c.o
 .debug_ranges  0x00000ef0       0x18 _build/nrf52832_xxaa/app_error.c.o
 .debug_ranges  0x00000f08       0x28 _build/nrf52832_xxaa/app_error_weak.c.o
 .debug_ranges  0x00000f30      0x788 _build/nrf52832_xxaa/app_timer.c.o
 .debug_ranges  0x000016b8      0x100 _build/nrf52832_xxaa/app_util_platform.c.o
 .debug_ranges  0x000017b8      0x188 _build/nrf52832_xxaa/nrf_atflags.c.o
 .debug_ranges  0x00001940      0x228 _build/nrf52832_xxaa/nrf_atomic.c.o
 .debug_ranges  0x00001b68       0x78 _build/nrf52832_xxaa/nrf_balloc.c.o
 .debug_ranges  0x00001be0       0x18 _build/nrf52832_xxaa/nrf_fprintf.c.o
 .debug_ranges  0x00001bf8      0x258 _build/nrf52832_xxaa/nrf_fprintf_format.c.o
 .debug_ranges  0x00001e50       0xb0 _build/nrf52832_xxaa/nrf_memobj.c.o
 .debug_ranges  0x00001f00      0x118 _build/nrf52832_xxaa/nrf_pwr_mgmt.c.o
 .debug_ranges  0x00002018       0x18 _build/nrf52832_xxaa/nrf_section_iter.c.o
 .debug_ranges  0x00002030       0xb0 _build/nrf52832_xxaa/nrf_strerror.c.o
 .debug_ranges  0x000020e0      0x208 _build/nrf52832_xxaa/system_nrf52.c.o
 .debug_ranges  0x000022e8      0x968 _build/nrf52832_xxaa/boards.c.o
 .debug_ranges  0x00002c50      0x350 _build/nrf52832_xxaa/nrf_drv_clock.c.o
 .debug_ranges  0x00002fa0       0x20 _build/nrf52832_xxaa/nrf_drv_uart.c.o
 .debug_ranges  0x00002fc0      0x388 _build/nrf52832_xxaa/nrfx_clock.c.o
 .debug_ranges  0x00003348     0x1418 _build/nrf52832_xxaa/nrfx_gpiote.c.o
 .debug_ranges  0x00004760       0x60 _build/nrf52832_xxaa/nrfx_prs.c.o
 .debug_ranges  0x000047c0      0x998 _build/nrf52832_xxaa/nrfx_uart.c.o
 .debug_ranges  0x00005158      0x878 _build/nrf52832_xxaa/nrfx_uarte.c.o
 .debug_ranges  0x000059d0      0x420 _build/nrf52832_xxaa/main.c.o
 .debug_ranges  0x00005df0      0x308 _build/nrf52832_xxaa/ble_advdata.c.o
 .debug_ranges  0x000060f8      0x2e0 _build/nrf52832_xxaa/ble_conn_params.c.o
 .debug_ranges  0x000063d8      0x388 _build/nrf52832_xxaa/ble_conn_state.c.o
 .debug_ranges  0x00006760      0x148 _build/nrf52832_xxaa/ble_srv_common.c.o
 .debug_ranges  0x000068a8      0x100 _build/nrf52832_xxaa/nrf_ble_gatt.c.o
 .debug_ranges  0x000069a8       0xe8 _build/nrf52832_xxaa/nrf_ble_qwr.c.o
 .debug_ranges  0x00006a90       0x68 _build/nrf52832_xxaa/ble_lbs.c.o
 .debug_ranges  0x00006af8      0x6a8 _build/nrf52832_xxaa/nrf_sdh.c.o
 .debug_ranges  0x000071a0      0x110 _build/nrf52832_xxaa/nrf_sdh_ble.c.o
 .debug_ranges  0x000072b0       0x68 _build/nrf52832_xxaa/nrf_sdh_soc.c.o

.debug_macro    0x00000000     0xc545
 .debug_macro   0x00000000      0x396 _build/nrf52832_xxaa/nrf_log_backend_serial.c.o
 .debug_macro   0x00000396       0x16 _build/nrf52832_xxaa/nrf_log_backend_serial.c.o
 .debug_macro   0x000003ac       0x22 _build/nrf52832_xxaa/nrf_log_backend_serial.c.o
 .debug_macro   0x000003ce       0x16 _build/nrf52832_xxaa/nrf_log_backend_serial.c.o
 .debug_macro   0x000003e4       0x46 _build/nrf52832_xxaa/nrf_log_backend_serial.c.o
 .debug_macro   0x0000042a       0x70 _build/nrf52832_xxaa/nrf_log_backend_serial.c.o
 .debug_macro   0x0000049a       0x2e _build/nrf52832_xxaa/nrf_log_backend_serial.c.o
 .debug_macro   0x000004c8       0x1c _build/nrf52832_xxaa/nrf_log_backend_serial.c.o
 .debug_macro   0x000004e4       0x10 _build/nrf52832_xxaa/nrf_log_backend_serial.c.o
 .debug_macro   0x000004f4       0x10 _build/nrf52832_xxaa/nrf_log_backend_serial.c.o
 .debug_macro   0x00000504       0xb6 _build/nrf52832_xxaa/nrf_log_backend_serial.c.o
 .debug_macro   0x000005ba       0x16 _build/nrf52832_xxaa/nrf_log_backend_serial.c.o
 .debug_macro   0x000005d0      0x129 _build/nrf52832_xxaa/nrf_log_backend_serial.c.o
 .debug_macro   0x000006f9       0x49 _build/nrf52832_xxaa/nrf_log_backend_serial.c.o
 .debug_macro   0x00000742       0x8c _build/nrf52832_xxaa/nrf_log_backend_serial.c.o
 .debug_macro   0x000007ce       0x31 _build/nrf52832_xxaa/nrf_log_backend_serial.c.o