Archive member included to satisfy reference by file (symbol)

c:/program files (x86)/gnu tools arm embedded/9 2019-q4-major/bin/../lib/gcc/arm-none-eabi/9.2.1/../../../../arm-none-eabi/lib/thumb/v7e-m+fp/hard\libc_nano.a(lib_a-ctype_.o)
                              _build/nrf52832_xxaa/nrf_log_str_formatter.c.o (_ctype_)
c:/program files (x86)/gnu tools arm embedded/9 2019-q4-major/bin/../lib/gcc/arm-none-eabi/9.2.1/../../../../arm-none-eabi/lib/thumb/v7e-m+fp/hard\libc_nano.a(lib_a-exit.o)
                              c:/program files (x86)/gnu tools arm embedded/9 2019-q4-major/bin/../lib/gcc/arm-none-eabi/9.2.1/../../../../arm-none-eabi/lib/thumb/v7e-m+fp/hard/crt0.o (exit)
c:/program files (x86)/gnu tools arm embedded/9 2019-q4-major/bin/../lib/gcc/arm-none-eabi/9.2.1/../../../../arm-none-eabi/lib/thumb/v7e-m+fp/hard\libc_nano.a(lib_a-impure.o)
                              c:/program files (x86)/gnu tools arm embedded/9 2019-q4-major/bin/../lib/gcc/arm-none-eabi/9.2.1/../../../../arm-none-eabi/lib/thumb/v7e-m+fp/hard\libc_nano.a(lib_a-exit.o) (_global_impure_ptr)
c:/program files (x86)/gnu tools arm embedded/9 2019-q4-major/bin/../lib/gcc/arm-none-eabi/9.2.1/../../../../arm-none-eabi/lib/thumb/v7e-m+fp/hard\libc_nano.a(lib_a-init.o)
                              c:/program files (x86)/gnu tools arm embedded/9 2019-q4-major/bin/../lib/gcc/arm-none-eabi/9.2.1/../../../../arm-none-eabi/lib/thumb/v7e-m+fp/hard/crt0.o (__libc_init_array)
c:/program files (x86)/gnu tools arm embedded/9 2019-q4-major/bin/../lib/gcc/arm-none-eabi/9.2.1/../../../../arm-none-eabi/lib/thumb/v7e-m+fp/hard\libc_nano.a(lib_a-memcmp.o)
                              _build/nrf52832_xxaa/ble_advdata.c.o (memcmp)
c:/program files (x86)/gnu tools arm embedded/9 2019-q4-major/bin/../lib/gcc/arm-none-eabi/9.2.1/../../../../arm-none-eabi/lib/thumb/v7e-m+fp/hard\libc_nano.a(lib_a-memcpy-stub.o)
                              _build/nrf52832_xxaa/nrf_log_frontend.c.o (memcpy)
c:/program files (x86)/gnu tools arm embedded/9 2019-q4-major/bin/../lib/gcc/arm-none-eabi/9.2.1/../../../../arm-none-eabi/lib/thumb/v7e-m+fp/hard\libc_nano.a(lib_a-memset.o)
                              c:/program files (x86)/gnu tools arm embedded/9 2019-q4-major/bin/../lib/gcc/arm-none-eabi/9.2.1/../../../../arm-none-eabi/lib/thumb/v7e-m+fp/hard/crt0.o (memset)
c:/program files (x86)/gnu tools arm embedded/9 2019-q4-major/bin/../lib/gcc/arm-none-eabi/9.2.1/../../../../arm-none-eabi/lib/thumb/v7e-m+fp/hard\libc_nano.a(lib_a-strcpy.o)
                              _build/nrf52832_xxaa/SEGGER_RTT.c.o (strcpy)
c:/program files (x86)/gnu tools arm embedded/9 2019-q4-major/bin/../lib/gcc/arm-none-eabi/9.2.1/../../../../arm-none-eabi/lib/thumb/v7e-m+fp/hard\libc_nano.a(lib_a-strlen.o)
                              _build/nrf52832_xxaa/nrf_log_frontend.c.o (strlen)
c:/program files (x86)/gnu tools arm embedded/9 2019-q4-major/bin/../lib/gcc/arm-none-eabi/9.2.1/../../../../arm-none-eabi/lib/thumb/v7e-m+fp/hard\libnosys.a(_exit.o)
                              c:/program files (x86)/gnu tools arm embedded/9 2019-q4-major/bin/../lib/gcc/arm-none-eabi/9.2.1/../../../../arm-none-eabi/lib/thumb/v7e-m+fp/hard\libc_nano.a(lib_a-exit.o) (_exit)

Allocating common symbols
Common symbol       size              file

nrf_nvic_state      0xc               _build/nrf52832_xxaa/app_util_platform.c.o
nrf_drv_uart_use_easy_dma
                    0x1               _build/nrf52832_xxaa/nrf_drv_uart.c.o
_SEGGER_RTT         0x78              _build/nrf52832_xxaa/SEGGER_RTT.c.o

Discarded input sections

 .text          0x00000000        0x0 c:/program files (x86)/gnu tools arm embedded/9 2019-q4-major/bin/../lib/gcc/arm-none-eabi/9.2.1/thumb/v7e-m+fp/hard/crti.o
 .data          0x00000000        0x0 c:/program files (x86)/gnu tools arm embedded/9 2019-q4-major/bin/../lib/gcc/arm-none-eabi/9.2.1/thumb/v7e-m+fp/hard/crti.o
 .bss           0x00000000        0x0 c:/program files (x86)/gnu tools arm embedded/9 2019-q4-major/bin/../lib/gcc/arm-none-eabi/9.2.1/thumb/v7e-m+fp/hard/crti.o
 .data          0x00000000        0x4 c:/program files (x86)/gnu tools arm embedded/9 2019-q4-major/bin/../lib/gcc/arm-none-eabi/9.2.1/thumb/v7e-m+fp/hard/crtbegin.o
 .data          0x00000000        0x0 c:/program files (x86)/gnu tools arm embedded/9 2019-q4-major/bin/../lib/gcc/arm-none-eabi/9.2.1/../../../../arm-none-eabi/lib/thumb/v7e-m+fp/hard/crt0.o
 .bss           0x00000000        0x0 c:/program files (x86)/gnu tools arm embedded/9 2019-q4-major/bin/../lib/gcc/arm-none-eabi/9.2.1/../../../../arm-none-eabi/lib/thumb/v7e-m+fp/hard/crt0.o
 .ARM.extab     0x00000000        0x0 c:/program files (x86)/gnu tools arm embedded/9 2019-q4-major/bin/../lib/gcc/arm-none-eabi/9.2.1/../../../../arm-none-eabi/lib/thumb/v7e-m+fp/hard/crt0.o
 .data          0x00000000        0x0 _build/nrf52832_xxaa/gcc_startup_nrf52.S.o
 .bss           0x00000000        0x0 _build/nrf52832_xxaa/gcc_startup_nrf52.S.o
[...]
Memory Configuration

Name             Origin             Length             Attributes
FLASH            0x00026000         0x0005a000         xr
RAM              0x200022b8         0x0000dd48         xrw
*default*        0x00000000         0xffffffff

Linker script and memory map


.text           0x00026000     0x65d4
 *(.isr_vector)
 .isr_vector    0x00026000      0x200 _build/nrf52832_xxaa/gcc_startup_nrf52.S.o
                0x00026000                __isr_vector
 *(.text*)
 .text          0x00026200       0x40 c:/program files (x86)/gnu tools arm embedded/9 2019-q4-major/bin/../lib/gcc/arm-none-eabi/9.2.1/thumb/v7e-m+fp/hard/crtbegin.o
 .text          0x00026240       0x74 c:/program files (x86)/gnu tools arm embedded/9 2019-q4-major/bin/../lib/gcc/arm-none-eabi/9.2.1/../../../../arm-none-eabi/lib/thumb/v7e-m+fp/hard/crt0.o
                0x00026240                _start
                0x00026240                _mainCRTStartup
 .text          0x000262b4       0x3c _build/nrf52832_xxaa/gcc_startup_nrf52.S.o
                0x000262b4                Reset_Handler
                0x000262dc                NMI_Handler
                0x000262de                HardFault_Handler
                0x000262e0                MemoryManagement_Handler
                0x000262e2                BusFault_Handler
                0x000262e4                UsageFault_Handler
                0x000262e6                SVC_Handler
                0x000262e8                DebugMon_Handler
                0x000262ea                PendSV_Handler
                0x000262ec                SysTick_Handler
                0x000262ee                TEMP_IRQHandler
                0x000262ee                QDEC_IRQHandler
                0x000262ee                TIMER3_IRQHandler
                0x000262ee                FPU_IRQHandler
                0x000262ee                SPIM0_SPIS0_TWIM0_TWIS0_SPI0_TWI0_IRQHandler
                0x000262ee                PDM_IRQHandler
                0x000262ee                TIMER4_IRQHandler
                0x000262ee                I2S_IRQHandler
                0x000262ee                SWI4_EGU4_IRQHandler
                0x000262ee                TIMER0_IRQHandler
                0x000262ee                RADIO_IRQHandler
                0x000262ee                RTC0_IRQHandler
                0x000262ee                PWM2_IRQHandler
                0x000262ee                ECB_IRQHandler
                0x000262ee                SPIM1_SPIS1_TWIM1_TWIS1_SPI1_TWI1_IRQHandler
                0x000262ee                Default_Handler
                0x000262ee                SAADC_IRQHandler
                0x000262ee                CCM_AAR_IRQHandler
                0x000262ee                WDT_IRQHandler
                0x000262ee                PWM1_IRQHandler
                0x000262ee                SWI5_EGU5_IRQHandler
                0x000262ee                RNG_IRQHandler
                0x000262ee                RTC2_IRQHandler
                0x000262ee                PWM0_IRQHandler
                0x000262ee                SWI3_EGU3_IRQHandler
                0x000262ee                SWI1_EGU1_IRQHandler
                0x000262ee                SPIM2_SPIS2_SPI2_IRQHandler
                0x000262ee                NFCT_IRQHandler
                0x000262ee                TIMER1_IRQHandler
                0x000262ee                MWU_IRQHandler
                0x000262ee                TIMER2_IRQHandler
                0x000262ee                COMP_LPCOMP_IRQHandler
 .text.nrf_log_backend_rtt_flush
                0x000262f0        0x4 _build/nrf52832_xxaa/nrf_log_backend_rtt.c.o
 .text.nrf_log_backend_rtt_put
                0x000262f4       0x20 _build/nrf52832_xxaa/nrf_log_backend_rtt.c.o
 .text.serial_tx
                0x00026314       0x54 _build/nrf52832_xxaa/nrf_log_backend_rtt.c.o
 .text.nrf_log_backend_rtt_panic_set
                0x00026368        0x4 _build/nrf52832_xxaa/nrf_log_backend_rtt.c.o
 .text.nrf_log_backend_rtt_init
                0x0002636c        0x4 _build/nrf52832_xxaa/nrf_log_backend_rtt.c.o
                0x0002636c                nrf_log_backend_rtt_init
 .text.nrf_log_backend_serial_put
                0x00026370       0xd8 _build/nrf52832_xxaa/nrf_log_backend_serial.c.o
                0x00026370                nrf_log_backend_serial_put
 .text.uart_evt_handler
                0x00026448        0xc _build/nrf52832_xxaa/nrf_log_backend_uart.c.o
 .text.nrf_log_backend_uart_flush
                0x00026454        0x4 _build/nrf52832_xxaa/nrf_log_backend_uart.c.o
 .text.nrf_log_backend_uart_put
                0x00026458       0x20 _build/nrf52832_xxaa/nrf_log_backend_uart.c.o
 .text.serial_tx
                0x00026478       0x4c _build/nrf52832_xxaa/nrf_log_backend_uart.c.o
 .text.nrf_log_backend_uart_panic_set
                0x000264c4       0x7c _build/nrf52832_xxaa/nrf_log_backend_uart.c.o
 .text.nrf_log_backend_uart_init
                0x00026540       0x68 _build/nrf52832_xxaa/nrf_log_backend_uart.c.o
                0x00026540                nrf_log_backend_uart_init
 .text.nrf_log_default_backends_init
                0x000265a8       0x30 _build/nrf52832_xxaa/nrf_log_default_backends.c.o
                0x000265a8                nrf_log_default_backends_init
 .text.nrf_log_init
                0x000265d8       0x54 _build/nrf52832_xxaa/nrf_log_frontend.c.o
                0x000265d8                nrf_log_init
 .text.nrf_log_module_name_get
                0x0002662c       0x48 _build/nrf52832_xxaa/nrf_log_frontend.c.o
                0x0002662c                nrf_log_module_name_get
 .text.nrf_log_color_id_get
                0x00026674       0x2c _build/nrf52832_xxaa/nrf_log_frontend.c.o
                0x00026674                nrf_log_color_id_get
 .text.nrf_log_frontend_dequeue
                0x000266a0      0x254 _build/nrf52832_xxaa/nrf_log_frontend.c.o
                0x000266a0                nrf_log_frontend_dequeue
 .text.nrf_log_frontend_std_0
                0x000268f4      0x194 _build/nrf52832_xxaa/nrf_log_frontend.c.o
                0x000268f4                nrf_log_frontend_std_0
 .text.nrf_log_frontend_std_1
                0x00026a88      0x1b0 _build/nrf52832_xxaa/nrf_log_frontend.c.o
                0x00026a88                nrf_log_frontend_std_1
 .text.nrf_log_frontend_std_2
                0x00026c38      0x1b0 _build/nrf52832_xxaa/nrf_log_frontend.c.o
                0x00026c38                nrf_log_frontend_std_2
 .text.nrf_log_backend_add
                0x00026de8       0x50 _build/nrf52832_xxaa/nrf_log_frontend.c.o
                0x00026de8                nrf_log_backend_add
 .text.nrf_log_panic
                0x00026e38       0x28 _build/nrf52832_xxaa/nrf_log_frontend.c.o
                0x00026e38                nrf_log_panic
 .text.prefix_process
                0x00026e60       0x80 _build/nrf52832_xxaa/nrf_log_str_formatter.c.o
 .text.nrf_log_std_entry_process
                0x00026ee0       0xf0 _build/nrf52832_xxaa/nrf_log_str_formatter.c.o
                0x00026ee0                nrf_log_std_entry_process
 .text.nrf_log_hexdump_entry_process
                0x00026fd0       0xf4 _build/nrf52832_xxaa/nrf_log_str_formatter.c.o
                0x00026fd0                nrf_log_hexdump_entry_process
 .text.detection_delay_timeout_handler
                0x000270c4      0x10c _build/nrf52832_xxaa/app_button.c.o
 .text.gpiote_event_handler
                0x000271d0       0xa0 _build/nrf52832_xxaa/app_button.c.o
 .text.app_button_init
                0x00027270       0xb0 _build/nrf52832_xxaa/app_button.c.o
                0x00027270                app_button_init
 .text.app_button_enable
                0x00027320       0x2c _build/nrf52832_xxaa/app_button.c.o
                0x00027320                app_button_enable
 .text.app_button_disable
                0x0002734c       0x34 _build/nrf52832_xxaa/app_button.c.o
                0x0002734c                app_button_disable
 .text.app_error_handler_bare
                0x00027380       0x20 _build/nrf52832_xxaa/app_error.c.o
                0x00027380                app_error_handler_bare
 .text.app_error_fault_handler
                0x000273a0       0x6c _build/nrf52832_xxaa/app_error_weak.c.o
                0x000273a0                app_error_fault_handler
 .text.RTC1_IRQHandler
                0x0002740c       0xa0 _build/nrf52832_xxaa/app_timer.c.o
                0x0002740c                RTC1_IRQHandler
 .text.SWI0_EGU0_IRQHandler
                0x000274ac      0x3e0 _build/nrf52832_xxaa/app_timer.c.o
                0x000274ac                SWI0_EGU0_IRQHandler
 .text.app_timer_init
                0x0002788c       0xa8 _build/nrf52832_xxaa/app_timer.c.o
                0x0002788c                app_timer_init
 .text.app_timer_create
                0x00027934       0x24 _build/nrf52832_xxaa/app_timer.c.o
                0x00027934                app_timer_create
 .text.app_timer_start
                0x00027958       0xac _build/nrf52832_xxaa/app_timer.c.o
                0x00027958                app_timer_start
 .text.app_timer_stop
                0x00027a04       0x78 _build/nrf52832_xxaa/app_timer.c.o
                0x00027a04                app_timer_stop
 .text.app_util_critical_region_enter
                0x00027a7c       0x4c _build/nrf52832_xxaa/app_util_platform.c.o
                0x00027a7c                app_util_critical_region_enter
 .text.app_util_critical_region_exit
                0x00027ac8       0x30 _build/nrf52832_xxaa/app_util_platform.c.o
                0x00027ac8                app_util_critical_region_exit
 .text.nrf_atflags_set
                0x00027af8       0x14 _build/nrf52832_xxaa/nrf_atflags.c.o
                0x00027af8                nrf_atflags_set
 .text.nrf_atflags_clear
                0x00027b0c       0x14 _build/nrf52832_xxaa/nrf_atflags.c.o
                0x00027b0c                nrf_atflags_clear
 .text.nrf_atflags_get
                0x00027b20       0x14 _build/nrf52832_xxaa/nrf_atflags.c.o
                0x00027b20                nrf_atflags_get
 .text.nrf_atomic_u32_fetch_store
                0x00027b34       0x1c _build/nrf52832_xxaa/nrf_atomic.c.o
                0x00027b34                nrf_atomic_u32_fetch_store
 .text.nrf_atomic_u32_or
                0x00027b50       0x1c _build/nrf52832_xxaa/nrf_atomic.c.o
                0x00027b50                nrf_atomic_u32_or
 .text.nrf_atomic_u32_and
                0x00027b6c       0x1c _build/nrf52832_xxaa/nrf_atomic.c.o
                0x00027b6c                nrf_atomic_u32_and
 .text.nrf_atomic_u32_add
                0x00027b88       0x1c _build/nrf52832_xxaa/nrf_atomic.c.o
                0x00027b88                nrf_atomic_u32_add
 .text.nrf_atomic_u32_sub
                0x00027ba4       0x1c _build/nrf52832_xxaa/nrf_atomic.c.o
                0x00027ba4                nrf_atomic_u32_sub
 .text.nrf_atomic_flag_set
                0x00027bc0       0x20 _build/nrf52832_xxaa/nrf_atomic.c.o
                0x00027bc0                nrf_atomic_flag_set
 .text.nrf_atomic_flag_clear_fetch
                0x00027be0       0x20 _build/nrf52832_xxaa/nrf_atomic.c.o
                0x00027be0                nrf_atomic_flag_clear_fetch
 .text.nrf_balloc_init
                0x00027c00       0x38 _build/nrf52832_xxaa/nrf_balloc.c.o
                0x00027c00                nrf_balloc_init
 .text.nrf_balloc_alloc
                0x00027c38       0x50 _build/nrf52832_xxaa/nrf_balloc.c.o
                0x00027c38                nrf_balloc_alloc
 .text.nrf_balloc_free
                0x00027c88       0x38 _build/nrf52832_xxaa/nrf_balloc.c.o
                0x00027c88                nrf_balloc_free
 .text.nrf_fprintf_buffer_flush
                0x00027cc0       0x18 _build/nrf52832_xxaa/nrf_fprintf.c.o
                0x00027cc0                nrf_fprintf_buffer_flush
 .text.nrf_fprintf
                0x00027cd8       0x20 _build/nrf52832_xxaa/nrf_fprintf.c.o
                0x00027cd8                nrf_fprintf
 .text.unsigned_print
                0x00027cf8      0x118 _build/nrf52832_xxaa/nrf_fprintf_format.c.o
 .text.nrf_fprintf_fmt
                0x00027e10      0x4bc _build/nrf52832_xxaa/nrf_fprintf_format.c.o
                0x00027e10                nrf_fprintf_fmt
 .text.nrf_memobj_pool_init
                0x000282cc        0x4 _build/nrf52832_xxaa/nrf_memobj.c.o
                0x000282cc                nrf_memobj_pool_init
 .text.nrf_memobj_alloc
                0x000282d0       0x94 _build/nrf52832_xxaa/nrf_memobj.c.o
                0x000282d0                nrf_memobj_alloc
 .text.nrf_memobj_get
                0x00028364        0x8 _build/nrf52832_xxaa/nrf_memobj.c.o
                0x00028364                nrf_memobj_get
 .text.nrf_memobj_put
                0x0002836c       0x58 _build/nrf52832_xxaa/nrf_memobj.c.o
                0x0002836c                nrf_memobj_put
 .text.nrf_memobj_write
                0x000283c4       0x58 _build/nrf52832_xxaa/nrf_memobj.c.o
                0x000283c4                nrf_memobj_write
 .text.nrf_memobj_read
                0x0002841c       0x58 _build/nrf52832_xxaa/nrf_memobj.c.o
                0x0002841c                nrf_memobj_read
 .text.sd_app_evt_wait
                0x00028474        0x4 _build/nrf52832_xxaa/nrf_pwr_mgmt.c.o
 .text.nrf_pwr_mgmt_init
                0x00028478       0x2c _build/nrf52832_xxaa/nrf_pwr_mgmt.c.o
                0x00028478                nrf_pwr_mgmt_init
 .text.nrf_pwr_mgmt_run
                0x000284a4       0x54 _build/nrf52832_xxaa/nrf_pwr_mgmt.c.o
                0x000284a4                nrf_pwr_mgmt_run
 .text.nrf_section_iter_init
                0x000284f8       0x14 _build/nrf52832_xxaa/nrf_section_iter.c.o
                0x000284f8                nrf_section_iter_init
 .text.nrf_section_iter_next
                0x0002850c       0x18 _build/nrf52832_xxaa/nrf_section_iter.c.o
                0x0002850c                nrf_section_iter_next
 .text.nrf_strerror_get
                0x00028524       0x50 _build/nrf52832_xxaa/nrf_strerror.c.o
                0x00028524                nrf_strerror_get
 .text.SystemInit
                0x00028574      0x3b4 _build/nrf52832_xxaa/system_nrf52.c.o
                0x00028574                SystemInit
 .text.bsp_board_led_on
                0x00028928       0x18 _build/nrf52832_xxaa/boards.c.o
                0x00028928                bsp_board_led_on
 .text.bsp_board_led_off
                0x00028940       0x18 _build/nrf52832_xxaa/boards.c.o
                0x00028940                bsp_board_led_off
 .text.bsp_board_init
                0x00028958       0x5c _build/nrf52832_xxaa/boards.c.o
                0x00028958                bsp_board_init
 .text.clock_irq_handler
                0x000289b4       0x44 _build/nrf52832_xxaa/nrf_drv_clock.c.o
 .text.soc_evt_handler
                0x000289f8       0x28 _build/nrf52832_xxaa/nrf_drv_clock.c.o
 .text.sd_state_evt_handler
                0x00028a20       0xa8 _build/nrf52832_xxaa/nrf_drv_clock.c.o
 .text.uarte_evt_handler
                0x00028ac8       0x34 _build/nrf52832_xxaa/nrf_drv_uart.c.o
 .text.uart_evt_handler
                0x00028afc       0x34 _build/nrf52832_xxaa/nrf_drv_uart.c.o
 .text.nrf_drv_uart_init
                0x00028b30       0x80 _build/nrf52832_xxaa/nrf_drv_uart.c.o
                0x00028b30                nrf_drv_uart_init
 .text.nrfx_clock_init
                0x00028bb0       0x18 _build/nrf52832_xxaa/nrfx_clock.c.o
                0x00028bb0                nrfx_clock_init
 .text.nrfx_clock_enable
                0x00028bc8       0x28 _build/nrf52832_xxaa/nrfx_clock.c.o
                0x00028bc8                nrfx_clock_enable
 .text.nrfx_clock_lfclk_stop
                0x00028bf0       0x18 _build/nrf52832_xxaa/nrfx_clock.c.o
                0x00028bf0                nrfx_clock_lfclk_stop
 .text.POWER_CLOCK_IRQHandler
                0x00028c08       0x6c _build/nrf52832_xxaa/nrfx_clock.c.o
                0x00028c08                POWER_CLOCK_IRQHandler
 .text.nrfx_gpiote_init
                0x00028c74       0x98 _build/nrf52832_xxaa/nrfx_gpiote.c.o
                0x00028c74                nrfx_gpiote_init
 .text.nrfx_gpiote_is_init
                0x00028d0c       0x14 _build/nrf52832_xxaa/nrfx_gpiote.c.o
                0x00028d0c                nrfx_gpiote_is_init
 .text.nrfx_gpiote_in_init
                0x00028d20      0x1c8 _build/nrf52832_xxaa/nrfx_gpiote.c.o
                0x00028d20                nrfx_gpiote_in_init
 .text.nrfx_gpiote_in_event_enable
                0x00028ee8       0xbc _build/nrf52832_xxaa/nrfx_gpiote.c.o
                0x00028ee8                nrfx_gpiote_in_event_enable
 .text.nrfx_gpiote_in_event_disable
                0x00028fa4       0x64 _build/nrf52832_xxaa/nrfx_gpiote.c.o
                0x00028fa4                nrfx_gpiote_in_event_disable
 .text.nrfx_gpiote_in_is_set
                0x00029008       0x14 _build/nrf52832_xxaa/nrfx_gpiote.c.o
                0x00029008                nrfx_gpiote_in_is_set
 .text.GPIOTE_IRQHandler
                0x0002901c      0x4ec _build/nrf52832_xxaa/nrfx_gpiote.c.o
                0x0002901c                GPIOTE_IRQHandler
 .text.UARTE0_UART0_IRQHandler
                0x00029508        0xc _build/nrf52832_xxaa/nrfx_prs.c.o
                0x00029508                UARTE0_UART0_IRQHandler
 .text.nrfx_prs_acquire
                0x00029514       0x50 _build/nrf52832_xxaa/nrfx_prs.c.o
                0x00029514                nrfx_prs_acquire
 .text.nrfx_prs_release
                0x00029564       0x18 _build/nrf52832_xxaa/nrfx_prs.c.o
                0x00029564                nrfx_prs_release
 .text.nrfx_uart_0_irq_handler
                0x0002957c      0x1c0 _build/nrf52832_xxaa/nrfx_uart.c.o
                0x0002957c                nrfx_uart_0_irq_handler
 .text.nrfx_uart_init
                0x0002973c      0x1a8 _build/nrf52832_xxaa/nrfx_uart.c.o
                0x0002973c                nrfx_uart_init
 .text.nrfx_uart_uninit
                0x000298e4       0xcc _build/nrf52832_xxaa/nrfx_uart.c.o
                0x000298e4                nrfx_uart_uninit
 .text.nrfx_uart_tx
                0x000299b0       0xd0 _build/nrf52832_xxaa/nrfx_uart.c.o
                0x000299b0                nrfx_uart_tx
 .text.nrfx_uarte_0_irq_handler
                0x00029a80      0x130 _build/nrf52832_xxaa/nrfx_uarte.c.o
                0x00029a80                nrfx_uarte_0_irq_handler
 .text.nrfx_uarte_init
                0x00029bb0      0x1cc _build/nrf52832_xxaa/nrfx_uarte.c.o
                0x00029bb0                nrfx_uarte_init
 .text.nrfx_uarte_uninit
                0x00029d7c       0xd4 _build/nrf52832_xxaa/nrfx_uarte.c.o
                0x00029d7c                nrfx_uarte_uninit
 .text.nrfx_uarte_tx
                0x00029e50       0xa4 _build/nrf52832_xxaa/nrfx_uarte.c.o
                0x00029e50                nrfx_uarte_tx
 .text.sd_ble_gap_adv_set_configure
                0x00029ef4        0x4 _build/nrf52832_xxaa/main.c.o
 .text.sd_ble_gap_adv_start
                0x00029ef8        0x4 _build/nrf52832_xxaa/main.c.o
 .text.sd_ble_gap_disconnect
                0x00029efc        0x4 _build/nrf52832_xxaa/main.c.o
 .text.sd_ble_gap_ppcp_set
                0x00029f00        0x4 _build/nrf52832_xxaa/main.c.o
 .text.sd_ble_gap_device_name_set
                0x00029f04        0x4 _build/nrf52832_xxaa/main.c.o
 .text.sd_ble_gap_sec_params_reply
                0x00029f08        0x4 _build/nrf52832_xxaa/main.c.o
 .text.sd_ble_gap_phy_update
                0x00029f0c        0x4 _build/nrf52832_xxaa/main.c.o
 .text.sd_ble_gatts_sys_attr_set
                0x00029f10        0x4 _build/nrf52832_xxaa/main.c.o
 .text.nrf_qwr_error_handler
                0x00029f14        0x4 _build/nrf52832_xxaa/main.c.o
 .text.on_conn_params_evt
                0x00029f18       0x24 _build/nrf52832_xxaa/main.c.o
 .text.button_event_handler
                0x00029f3c       0x58 _build/nrf52832_xxaa/main.c.o
 .text.led_write_handler
                0x00029f94       0x34 _build/nrf52832_xxaa/main.c.o
 .text.conn_params_error_handler
                0x00029fc8        0x4 _build/nrf52832_xxaa/main.c.o
 .text.ble_evt_handler
                0x00029fcc      0x128 _build/nrf52832_xxaa/main.c.o
 .text.startup.main
                0x0002a0f4      0x278 _build/nrf52832_xxaa/main.c.o
                0x0002a0f4                main
 .text.SEGGER_RTT_WriteNoLock
                0x0002a36c      0x1bc _build/nrf52832_xxaa/SEGGER_RTT.c.o
                0x0002a36c                SEGGER_RTT_WriteNoLock
 .text.SEGGER_RTT_Init
                0x0002a528       0x60 _build/nrf52832_xxaa/SEGGER_RTT.c.o
                0x0002a528                SEGGER_RTT_Init
 .text.sd_ble_gap_addr_get
                0x0002a588        0x4 _build/nrf52832_xxaa/ble_advdata.c.o
 .text.sd_ble_gap_appearance_get
                0x0002a58c        0x4 _build/nrf52832_xxaa/ble_advdata.c.o
 .text.sd_ble_gap_device_name_get
                0x0002a590        0x4 _build/nrf52832_xxaa/ble_advdata.c.o
 .text.sd_ble_uuid_encode
                0x0002a594        0x4 _build/nrf52832_xxaa/ble_advdata.c.o
 .text.uuid_list_sized_encode.isra.0
                0x0002a598       0xf0 _build/nrf52832_xxaa/ble_advdata.c.o
 .text.ble_advdata_encode
                0x0002a688      0x400 _build/nrf52832_xxaa/ble_advdata.c.o
                0x0002a688                ble_advdata_encode
 .text.sd_ble_gap_conn_param_update
                0x0002aa88        0x4 _build/nrf52832_xxaa/ble_conn_params.c.o
 .text.sd_ble_gap_disconnect
                0x0002aa8c        0x4 _build/nrf52832_xxaa/ble_conn_params.c.o
 .text.sd_ble_gap_ppcp_set
                0x0002aa90        0x4 _build/nrf52832_xxaa/ble_conn_params.c.o
 .text.sd_ble_gap_ppcp_get
                0x0002aa94        0x4 _build/nrf52832_xxaa/ble_conn_params.c.o
 .text.update_timeout_handler
                0x0002aa98       0x78 _build/nrf52832_xxaa/ble_conn_params.c.o
 .text.ble_evt_handler
                0x0002ab10      0x1d4 _build/nrf52832_xxaa/ble_conn_params.c.o
 .text.ble_conn_params_init
                0x0002ace4       0x78 _build/nrf52832_xxaa/ble_conn_params.c.o
                0x0002ace4                ble_conn_params_init
 .text.ble_evt_handler
                0x0002ad5c      0x124 _build/nrf52832_xxaa/ble_conn_state.c.o
 .text.ble_srv_is_notification_enabled
                0x0002ae80        0x8 _build/nrf52832_xxaa/ble_srv_common.c.o
                0x0002ae80                ble_srv_is_notification_enabled
 .text.sd_ble_gap_data_length_update
                0x0002ae88        0x4 _build/nrf52832_xxaa/nrf_ble_gatt.c.o
 .text.sd_ble_gattc_exchange_mtu_request
                0x0002ae8c        0x4 _build/nrf52832_xxaa/nrf_ble_gatt.c.o
 .text.sd_ble_gatts_exchange_mtu_reply
                0x0002ae90        0x4 _build/nrf52832_xxaa/nrf_ble_gatt.c.o
 .text.data_length_update.constprop.0
                0x0002ae94       0x90 _build/nrf52832_xxaa/nrf_ble_gatt.c.o
 .text.nrf_ble_gatt_init
                0x0002af24       0x28 _build/nrf52832_xxaa/nrf_ble_gatt.c.o
                0x0002af24                nrf_ble_gatt_init
 .text.nrf_ble_gatt_on_ble_evt
                0x0002af4c      0x1bc _build/nrf52832_xxaa/nrf_ble_gatt.c.o
                0x0002af4c                nrf_ble_gatt_on_ble_evt
 .text.sd_ble_gatts_rw_authorize_reply
                0x0002b108        0x4 _build/nrf52832_xxaa/nrf_ble_qwr.c.o
 .text.sd_ble_user_mem_reply
                0x0002b10c        0x4 _build/nrf52832_xxaa/nrf_ble_qwr.c.o
 .text.nrf_ble_qwr_init
                0x0002b110       0x24 _build/nrf52832_xxaa/nrf_ble_qwr.c.o
                0x0002b110                nrf_ble_qwr_init
 .text.nrf_ble_qwr_conn_handle_assign
                0x0002b134       0x18 _build/nrf52832_xxaa/nrf_ble_qwr.c.o
                0x0002b134                nrf_ble_qwr_conn_handle_assign
 .text.nrf_ble_qwr_on_ble_evt
                0x0002b14c       0xf4 _build/nrf52832_xxaa/nrf_ble_qwr.c.o
                0x0002b14c                nrf_ble_qwr_on_ble_evt
 .text.sd_ble_gatts_service_add
                0x0002b240        0x4 _build/nrf52832_xxaa/ble_lbs.c.o
 .text.sd_ble_gatts_characteristic_add
                0x0002b244        0x4 _build/nrf52832_xxaa/ble_lbs.c.o
 .text.sd_ble_gatts_hvx
                0x0002b248        0x4 _build/nrf52832_xxaa/ble_lbs.c.o
 .text.sd_ble_uuid_vs_add
                0x0002b24c        0x4 _build/nrf52832_xxaa/ble_lbs.c.o
 .text.ble_lbs_on_ble_evt
                0x0002b250       0x30 _build/nrf52832_xxaa/ble_lbs.c.o
                0x0002b250                ble_lbs_on_ble_evt
 .text.ble_lbs_init
                0x0002b280      0x174 _build/nrf52832_xxaa/ble_lbs.c.o
                0x0002b280                ble_lbs_init
 .text.ble_lbs_on_button_change
                0x0002b3f4       0x40 _build/nrf52832_xxaa/ble_lbs.c.o
                0x0002b3f4                ble_lbs_on_button_change
 .text.sd_softdevice_enable
                0x0002b434        0x4 _build/nrf52832_xxaa/nrf_sdh.c.o
 .text.nrf_sdh_enable_request
                0x0002b438      0x124 _build/nrf52832_xxaa/nrf_sdh.c.o
                0x0002b438                nrf_sdh_enable_request
 .text.nrf_sdh_is_enabled
                0x0002b55c        0xc _build/nrf52832_xxaa/nrf_sdh.c.o
                0x0002b55c                nrf_sdh_is_enabled
 .text.SWI2_EGU2_IRQHandler
                0x0002b568       0x2c _build/nrf52832_xxaa/nrf_sdh.c.o
                0x0002b568                SWI2_EGU2_IRQHandler
 .text.sd_ble_enable
                0x0002b594        0x4 _build/nrf52832_xxaa/nrf_sdh_ble.c.o
 .text.sd_ble_cfg_set
                0x0002b598        0x4 _build/nrf52832_xxaa/nrf_sdh_ble.c.o
 .text.sd_ble_evt_get
                0x0002b59c        0x4 _build/nrf52832_xxaa/nrf_sdh_ble.c.o
 .text.nrf_sdh_ble_evts_poll
                0x0002b5a0       0x5c _build/nrf52832_xxaa/nrf_sdh_ble.c.o
 .text.nrf_sdh_ble_default_cfg_set
                0x0002b5fc      0x16c _build/nrf52832_xxaa/nrf_sdh_ble.c.o
                0x0002b5fc                nrf_sdh_ble_default_cfg_set
 .text.nrf_sdh_ble_enable
                0x0002b768       0x9c _build/nrf52832_xxaa/nrf_sdh_ble.c.o
                0x0002b768                nrf_sdh_ble_enable
 .text.sd_evt_get
                0x0002b804        0x4 _build/nrf52832_xxaa/nrf_sdh_soc.c.o
 .text.nrf_sdh_soc_evts_poll
                0x0002b808       0x4c _build/nrf52832_xxaa/nrf_sdh_soc.c.o
 .text.exit     0x0002b854       0x28 c:/program files (x86)/gnu tools arm embedded/9 2019-q4-major/bin/../lib/gcc/arm-none-eabi/9.2.1/../../../../arm-none-eabi/lib/thumb/v7e-m+fp/hard\libc_nano.a(lib_a-exit.o)
                0x0002b854                exit
 .text.__libc_init_array
                0x0002b87c       0x48 c:/program files (x86)/gnu tools arm embedded/9 2019-q4-major/bin/../lib/gcc/arm-none-eabi/9.2.1/../../../../arm-none-eabi/lib/thumb/v7e-m+fp/hard\libc_nano.a(lib_a-init.o)
                0x0002b87c                __libc_init_array
 .text.memcpy   0x0002b8c4       0x1c c:/program files (x86)/gnu tools arm embedded/9 2019-q4-major/bin/../lib/gcc/arm-none-eabi/9.2.1/../../../../arm-none-eabi/lib/thumb/v7e-m+fp/hard\libc_nano.a(lib_a-memcpy-stub.o)
                0x0002b8c4                memcpy
 .text.memset   0x0002b8e0       0x10 c:/program files (x86)/gnu tools arm embedded/9 2019-q4-major/bin/../lib/gcc/arm-none-eabi/9.2.1/../../../../arm-none-eabi/lib/thumb/v7e-m+fp/hard\libc_nano.a(lib_a-memset.o)
                0x0002b8e0                memset
 .text.strcpy   0x0002b8f0       0x10 c:/program files (x86)/gnu tools arm embedded/9 2019-q4-major/bin/../lib/gcc/arm-none-eabi/9.2.1/../../../../arm-none-eabi/lib/thumb/v7e-m+fp/hard\libc_nano.a(lib_a-strcpy.o)
                0x0002b8f0                strcpy
 .text          0x0002b900       0x10 c:/program files (x86)/gnu tools arm embedded/9 2019-q4-major/bin/../lib/gcc/arm-none-eabi/9.2.1/../../../../arm-none-eabi/lib/thumb/v7e-m+fp/hard\libc_nano.a(lib_a-strlen.o)
                0x0002b900                strlen
 .text._exit    0x0002b910        0x4 c:/program files (x86)/gnu tools arm embedded/9 2019-q4-major/bin/../lib/gcc/arm-none-eabi/9.2.1/../../../../arm-none-eabi/lib/thumb/v7e-m+fp/hard\libnosys.a(_exit.o)
                0x0002b910                _exit
 *(.init)
 .init          0x0002b914        0x4 c:/program files (x86)/gnu tools arm embedded/9 2019-q4-major/bin/../lib/gcc/arm-none-eabi/9.2.1/thumb/v7e-m+fp/hard/crti.o
                0x0002b914                _init
 .init          0x0002b918        0x8 c:/program files (x86)/gnu tools arm embedded/9 2019-q4-major/bin/../lib/gcc/arm-none-eabi/9.2.1/thumb/v7e-m+fp/hard/crtn.o
 *(.fini)
 .fini          0x0002b920        0x4 c:/program files (x86)/gnu tools arm embedded/9 2019-q4-major/bin/../lib/gcc/arm-none-eabi/9.2.1/thumb/v7e-m+fp/hard/crti.o
                0x0002b920                _fini
 .fini          0x0002b924        0x8 c:/program files (x86)/gnu tools arm embedded/9 2019-q4-major/bin/../lib/gcc/arm-none-eabi/9.2.1/thumb/v7e-m+fp/hard/crtn.o
 *crtbegin.o(.ctors)
 *crtbegin?.o(.ctors)
 *(EXCLUDE_FILE(*crtend.o *crtend?.o) .ctors)
 *(SORT_BY_NAME(.ctors.*))
 *(.ctors)
 *crtbegin.o(.dtors)
 *crtbegin?.o(.dtors)
 *(EXCLUDE_FILE(*crtend.o *crtend?.o) .dtors)
 *(SORT_BY_NAME(.dtors.*))
 *(.dtors)
 *(.rodata*)
 *fill*         0x0002b92c        0x4 
 .rodata.delay_bytecode.9079
                0x0002b930        0x6 _build/nrf52832_xxaa/nrf_log_backend_rtt.c.o
 *fill*         0x0002b936        0x2 
 .rodata.nrf_log_backend_rtt_api
                0x0002b938        0xc _build/nrf52832_xxaa/nrf_log_backend_rtt.c.o
                0x0002b938                nrf_log_backend_rtt_api
 .rodata        0x0002b944       0x20 _build/nrf52832_xxaa/nrf_log_backend_uart.c.o
 .rodata.nrf_log_backend_uart_api
                0x0002b964        0xc _build/nrf52832_xxaa/nrf_log_backend_uart.c.o
                0x0002b964                nrf_log_backend_uart_api
 .rodata.nrf_log_frontend_dequeue.str1.4
                0x0002b970       0x11 _build/nrf52832_xxaa/nrf_log_frontend.c.o
 *fill*         0x0002b981        0x3 
 .rodata.str1.4
                0x0002b984       0x17 _build/nrf52832_xxaa/nrf_log_frontend.c.o
 *fill*         0x0002b99b        0x1 
 .rodata.prefix_process.str1.4
                0x0002b99c       0x36 _build/nrf52832_xxaa/nrf_log_str_formatter.c.o
 *fill*         0x0002b9d2        0x2 
 .rodata.nrf_log_std_entry_process.str1.4
                0x0002b9d4        0x3 _build/nrf52832_xxaa/nrf_log_str_formatter.c.o
 *fill*         0x0002b9d7        0x1 
 .rodata.nrf_log_hexdump_entry_process.str1.4
                0x0002b9d8       0x13 _build/nrf52832_xxaa/nrf_log_str_formatter.c.o
                                 0x16 (size before relaxing)
 *fill*         0x0002b9eb        0x1 
 .rodata.str1.4
                0x0002b9ec       0x56 _build/nrf52832_xxaa/nrf_log_str_formatter.c.o
 *fill*         0x0002ba42        0x2 
 .rodata.m_colors
                0x0002ba44       0x24 _build/nrf52832_xxaa/nrf_log_str_formatter.c.o
 .rodata.severity_names
                0x0002ba68       0x14 _build/nrf52832_xxaa/nrf_log_str_formatter.c.o
 .rodata.m_detection_delay_timer_id
                0x0002ba7c        0x4 _build/nrf52832_xxaa/app_button.c.o
 .rodata.app_error_fault_handler.str1.4
                0x0002ba80       0x19 _build/nrf52832_xxaa/app_error_weak.c.o
 *fill*         0x0002ba99        0x7 
 .rodata.delay_bytecode.8808
                0x0002baa0        0x6 _build/nrf52832_xxaa/app_timer.c.o
 *fill*         0x0002baa6        0x2 
 .rodata._aV2C.7510
                0x0002baa8       0x10 _build/nrf52832_xxaa/nrf_fprintf_format.c.o
 .rodata.str1.4
                0x0002bab8        0x9 _build/nrf52832_xxaa/nrf_pwr_mgmt.c.o
 *fill*         0x0002bac1        0x3 
 .rodata.pwr_mgmt_data
                0x0002bac4        0xc _build/nrf52832_xxaa/nrf_pwr_mgmt.c.o
 .rodata.str1.4
                0x0002bad0      0x3e9 _build/nrf52832_xxaa/nrf_strerror.c.o
 *fill*         0x0002beb9        0x3 
 .rodata.m_unknown_str
                0x0002bebc       0x13 _build/nrf52832_xxaa/nrf_strerror.c.o
 *fill*         0x0002becf        0x1 
 .rodata.nrf_strerror_array
                0x0002bed0      0x128 _build/nrf52832_xxaa/nrf_strerror.c.o
 .rodata.m_board_led_list
                0x0002bff8        0x4 _build/nrf52832_xxaa/boards.c.o
 .rodata.str1.4
                0x0002bffc        0x6 _build/nrf52832_xxaa/nrf_drv_clock.c.o
 *fill*         0x0002c002        0x2 
 .rodata.str1.4
                0x0002c004        0x6 _build/nrf52832_xxaa/nrfx_clock.c.o
 *fill*         0x0002c00a        0x2 
 .rodata.str1.4
                0x0002c00c        0x7 _build/nrf52832_xxaa/nrfx_gpiote.c.o
 *fill*         0x0002c013        0x1 
 .rodata.str1.4
                0x0002c014        0x4 _build/nrf52832_xxaa/nrfx_prs.c.o
 .rodata.str1.4
                0x0002c018        0x5 _build/nrf52832_xxaa/nrfx_uart.c.o
 *fill*         0x0002c01d        0x3 
 .rodata.str1.4
                0x0002c020        0x6 _build/nrf52832_xxaa/nrfx_uarte.c.o
 *fill*         0x0002c026        0x2 
 .rodata.button_event_handler.str1.4
                0x0002c028       0x1a _build/nrf52832_xxaa/main.c.o
 *fill*         0x0002c042        0x2 
 .rodata.led_write_handler.str1.4
                0x0002c044       0x26 _build/nrf52832_xxaa/main.c.o
 *fill*         0x0002c06a        0x2 
 .rodata.ble_evt_handler.str1.4
                0x0002c06c       0x19 _build/nrf52832_xxaa/main.c.o
 *fill*         0x0002c085        0x3 
 .rodata.main.str1.4
                0x0002c088       0x28 _build/nrf52832_xxaa/main.c.o
 .rodata.SEGGER_RTT_ReadNoLock.str1.4
                0x0002c0b0       0x17 _build/nrf52832_xxaa/SEGGER_RTT.c.o
 *fill*         0x0002c0c7        0x1 
 .rodata.data_length_update.constprop.0.str1.4
                0x0002c0c8       0xe2 _build/nrf52832_xxaa/nrf_ble_gatt.c.o
 *fill*         0x0002c1aa        0x2 
 .rodata.nrf_ble_gatt_on_ble_evt.str1.4
                0x0002c1ac       0x63 _build/nrf52832_xxaa/nrf_ble_gatt.c.o
 *fill*         0x0002c20f        0x1 
 .rodata.str1.4
                0x0002c210        0xd _build/nrf52832_xxaa/nrf_ble_gatt.c.o
 *fill*         0x0002c21d        0x3 
 .rodata        0x0002c220       0x10 _build/nrf52832_xxaa/ble_lbs.c.o
 .rodata.str1.4
                0x0002c230        0x8 _build/nrf52832_xxaa/nrf_sdh.c.o
 .rodata        0x0002c238        0x4 _build/nrf52832_xxaa/nrf_sdh.c.o
 .rodata.sdh_req_observers
                0x0002c23c        0xc _build/nrf52832_xxaa/nrf_sdh.c.o
 .rodata.sdh_stack_observers
                0x0002c248        0xc _build/nrf52832_xxaa/nrf_sdh.c.o
 .rodata.sdh_state_observers
                0x0002c254        0xc _build/nrf52832_xxaa/nrf_sdh.c.o
 .rodata.nrf_sdh_ble_default_cfg_set.str1.4
                0x0002c260      0x187 _build/nrf52832_xxaa/nrf_sdh_ble.c.o
 *fill*         0x0002c3e7        0x1 
 .rodata.nrf_sdh_ble_enable.str1.4
                0x0002c3e8       0xad _build/nrf52832_xxaa/nrf_sdh_ble.c.o
 *fill*         0x0002c495        0x3 
 .rodata.str1.4
                0x0002c498        0xc _build/nrf52832_xxaa/nrf_sdh_ble.c.o
 .rodata.sdh_ble_observers
                0x0002c4a4        0xc _build/nrf52832_xxaa/nrf_sdh_ble.c.o
 .rodata.str1.4
                0x0002c4b0        0xc _build/nrf52832_xxaa/nrf_sdh_soc.c.o
 .rodata.sdh_soc_observers
                0x0002c4bc        0xc _build/nrf52832_xxaa/nrf_sdh_soc.c.o
 .rodata._ctype_
                0x0002c4c8      0x101 c:/program files (x86)/gnu tools arm embedded/9 2019-q4-major/bin/../lib/gcc/arm-none-eabi/9.2.1/../../../../arm-none-eabi/lib/thumb/v7e-m+fp/hard\libc_nano.a(lib_a-ctype_.o)
                0x0002c4c8                _ctype_
 *fill*         0x0002c5c9        0x3 
 .rodata._global_impure_ptr
                0x0002c5cc        0x4 c:/program files (x86)/gnu tools arm embedded/9 2019-q4-major/bin/../lib/gcc/arm-none-eabi/9.2.1/../../../../arm-none-eabi/lib/thumb/v7e-m+fp/hard\libc_nano.a(lib_a-impure.o)
                0x0002c5cc                _global_impure_ptr
 *(.eh_frame*)
 .eh_frame      0x0002c5d0        0x0 c:/program files (x86)/gnu tools arm embedded/9 2019-q4-major/bin/../lib/gcc/arm-none-eabi/9.2.1/thumb/v7e-m+fp/hard/crtbegin.o
 .eh_frame      0x0002c5d0        0x4 c:/program files (x86)/gnu tools arm embedded/9 2019-q4-major/bin/../lib/gcc/arm-none-eabi/9.2.1/thumb/v7e-m+fp/hard/crtend.o

.glue_7         0x0002c5d4        0x0
 .glue_7        0x0002c5d4        0x0 linker stubs

.glue_7t        0x0002c5d4        0x0
 .glue_7t       0x0002c5d4        0x0 linker stubs

.vfp11_veneer   0x0002c5d4        0x0
 .vfp11_veneer  0x0002c5d4        0x0 linker stubs

.v4_bx          0x0002c5d4        0x0
 .v4_bx         0x0002c5d4        0x0 linker stubs

.iplt           0x0002c5d4        0x0
 .iplt          0x0002c5d4        0x0 c:/program files (x86)/gnu tools arm embedded/9 2019-q4-major/bin/../lib/gcc/arm-none-eabi/9.2.1/thumb/v7e-m+fp/hard/crtbegin.o

.mem_section_dummy_rom

.sdh_soc_observers
                0x0002c5d4        0x8
                0x0002c5d4                PROVIDE (__start_sdh_soc_observers = .)
 *(SORT_BY_NAME(.sdh_soc_observers*))
 .sdh_soc_observers0
                0x0002c5d4        0x8 _build/nrf52832_xxaa/nrf_drv_clock.c.o
                0x0002c5dc                PROVIDE (__stop_sdh_soc_observers = .)

.pwr_mgmt_data  0x0002c5dc        0x0
                0x0002c5dc                PROVIDE (__start_pwr_mgmt_data = .)
 *(SORT_BY_NAME(.pwr_mgmt_data*))
                0x0002c5dc                PROVIDE (__stop_pwr_mgmt_data = .)

.sdh_ble_observers
                0x0002c5dc       0x30
                0x0002c5dc                PROVIDE (__start_sdh_ble_observers = .)
 *(SORT_BY_NAME(.sdh_ble_observers*))
 .sdh_ble_observers0
                0x0002c5dc        0x8 _build/nrf52832_xxaa/ble_conn_state.c.o
 .sdh_ble_observers1
                0x0002c5e4        0x8 _build/nrf52832_xxaa/main.c.o
 .sdh_ble_observers1
                0x0002c5ec        0x8 _build/nrf52832_xxaa/ble_conn_params.c.o
 .sdh_ble_observers2
                0x0002c5f4       0x10 _build/nrf52832_xxaa/main.c.o
 .sdh_ble_observers3
                0x0002c604        0x8 _build/nrf52832_xxaa/main.c.o
                0x0002c60c                PROVIDE (__stop_sdh_ble_observers = .)

.log_const_data
                0x0002c60c       0x68
                0x0002c60c                PROVIDE (__start_log_const_data = .)
 *(SORT_BY_NAME(.log_const_data*))
 .log_const_data_CLOCK
                0x0002c60c        0x8 _build/nrf52832_xxaa/nrfx_clock.c.o
                0x0002c60c                m_nrf_log_CLOCK_logs_data_const
 .log_const_data_GPIOTE
                0x0002c614        0x8 _build/nrf52832_xxaa/nrfx_gpiote.c.o
                0x0002c614                m_nrf_log_GPIOTE_logs_data_const
 .log_const_data_PRS
                0x0002c61c        0x8 _build/nrf52832_xxaa/nrfx_prs.c.o
                0x0002c61c                m_nrf_log_PRS_logs_data_const
 .log_const_data_UART
                0x0002c624        0x8 _build/nrf52832_xxaa/nrfx_uart.c.o
                0x0002c624                m_nrf_log_UART_logs_data_const
 .log_const_data_UARTE
                0x0002c62c        0x8 _build/nrf52832_xxaa/nrfx_uarte.c.o
                0x0002c62c                m_nrf_log_UARTE_logs_data_const
 .log_const_data_app
                0x0002c634        0x8 _build/nrf52832_xxaa/nrf_log_frontend.c.o
                0x0002c634                m_nrf_log_app_logs_data_const
 .log_const_data_balloc_log_mempool
                0x0002c63c        0x8 _build/nrf52832_xxaa/nrf_log_frontend.c.o
                0x0002c63c                m_nrf_log_balloc_log_mempool_logs_data_const
 .log_const_data_clock
                0x0002c644        0x8 _build/nrf52832_xxaa/nrf_drv_clock.c.o
                0x0002c644                m_nrf_log_clock_logs_data_const
 .log_const_data_nrf_ble_gatt
                0x0002c64c        0x8 _build/nrf52832_xxaa/nrf_ble_gatt.c.o
                0x0002c64c                m_nrf_log_nrf_ble_gatt_logs_data_const
 .log_const_data_nrf_sdh
                0x0002c654        0x8 _build/nrf52832_xxaa/nrf_sdh.c.o
                0x0002c654                m_nrf_log_nrf_sdh_logs_data_const
 .log_const_data_nrf_sdh_ble
                0x0002c65c        0x8 _build/nrf52832_xxaa/nrf_sdh_ble.c.o
                0x0002c65c                m_nrf_log_nrf_sdh_ble_logs_data_const
 .log_const_data_nrf_sdh_soc
                0x0002c664        0x8 _build/nrf52832_xxaa/nrf_sdh_soc.c.o
                0x0002c664                m_nrf_log_nrf_sdh_soc_logs_data_const
 .log_const_data_pwr_mgmt
                0x0002c66c        0x8 _build/nrf52832_xxaa/nrf_pwr_mgmt.c.o
                0x0002c66c                m_nrf_log_pwr_mgmt_logs_data_const
                0x0002c674                PROVIDE (__stop_log_const_data = .)

.nrf_balloc     0x0002c674       0x18
                [!provide]                PROVIDE (__start_nrf_balloc = .)
 *(.nrf_balloc)
 .nrf_balloc    0x0002c674       0x18 _build/nrf52832_xxaa/nrf_log_frontend.c.o
                0x0002c674                log_mempool
                [!provide]                PROVIDE (__stop_nrf_balloc = .)

.sdh_state_observers
                0x0002c68c        0x8
                0x0002c68c                PROVIDE (__start_sdh_state_observers = .)
 *(SORT_BY_NAME(.sdh_state_observers*))
 .sdh_state_observers0
                0x0002c68c        0x8 _build/nrf52832_xxaa/nrf_drv_clock.c.o
                0x0002c694                PROVIDE (__stop_sdh_state_observers = .)

.sdh_stack_observers
                0x0002c694       0x10
                0x0002c694                PROVIDE (__start_sdh_stack_observers = .)
 *(SORT_BY_NAME(.sdh_stack_observers*))
 .sdh_stack_observers0
                0x0002c694        0x8 _build/nrf52832_xxaa/nrf_sdh_ble.c.o
 .sdh_stack_observers0
                0x0002c69c        0x8 _build/nrf52832_xxaa/nrf_sdh_soc.c.o
                0x0002c6a4                PROVIDE (__stop_sdh_stack_observers = .)

.sdh_req_observers
                0x0002c6a4        0x0
                0x0002c6a4                PROVIDE (__start_sdh_req_observers = .)
 *(SORT_BY_NAME(.sdh_req_observers*))
                0x0002c6a4                PROVIDE (__stop_sdh_req_observers = .)

.nrf_queue      0x0002c6a4        0x0
                [!provide]                PROVIDE (__start_nrf_queue = .)
 *(.nrf_queue)
                [!provide]                PROVIDE (__stop_nrf_queue = .)

.cli_command    0x0002c6a4        0x0
                [!provide]                PROVIDE (__start_cli_command = .)
 *(.cli_command)
                [!provide]                PROVIDE (__stop_cli_command = .)

.crypto_data    0x0002c6a4        0x0
                [!provide]                PROVIDE (__start_crypto_data = .)
 *(SORT_BY_NAME(.crypto_data*))
                [!provide]                PROVIDE (__stop_crypto_data = .)

.ARM.extab
 *(.ARM.extab* .gnu.linkonce.armextab.*)
                0x0002c6a4                __exidx_start = .

.ARM.exidx      0x0002c6a4        0x8
 *(.ARM.exidx* .gnu.linkonce.armexidx.*)
 .ARM.exidx     0x0002c6a4        0x8 c:/program files (x86)/gnu tools arm embedded/9 2019-q4-major/bin/../lib/gcc/arm-none-eabi/9.2.1/../../../../arm-none-eabi/lib/thumb/v7e-m+fp/hard/crt0.o
                0x0002c6ac                __exidx_end = .
                0x0002c6ac                __etext = .

.rel.dyn        0x0002c6ac        0x0
 .rel.iplt      0x0002c6ac        0x0 c:/program files (x86)/gnu tools arm embedded/9 2019-q4-major/bin/../lib/gcc/arm-none-eabi/9.2.1/thumb/v7e-m+fp/hard/crtbegin.o

.data           0x200022b8       0xb4 load address 0x0002c6ac
                0x200022b8                __data_start__ = .
 *(vtable)
 *(.data*)
 .data.m_uart   0x200022b8       0x14 _build/nrf52832_xxaa/nrf_log_backend_uart.c.o
                0x200022b8                m_uart
 .data.rtt_log_backend
                0x200022cc        0xc _build/nrf52832_xxaa/nrf_log_default_backends.c.o
 .data.uart_log_backend
                0x200022d8        0xc _build/nrf52832_xxaa/nrf_log_default_backends.c.o
 .data.SystemCoreClock
                0x200022e4        0x4 _build/nrf52832_xxaa/system_nrf52.c.o
                0x200022e4                SystemCoreClock
 .data.buttons.11245
                0x200022e8        0x8 _build/nrf52832_xxaa/main.c.o
 .data.m_adv_data
                0x200022f0       0x10 _build/nrf52832_xxaa/main.c.o
 .data.m_adv_handle
                0x20002300        0x1 _build/nrf52832_xxaa/main.c.o
 *fill*         0x20002301        0x1 
 .data.m_conn_handle
                0x20002302        0x2 _build/nrf52832_xxaa/main.c.o
 .data.impure_data
                0x20002304       0x60 c:/program files (x86)/gnu tools arm embedded/9 2019-q4-major/bin/../lib/gcc/arm-none-eabi/9.2.1/../../../../arm-none-eabi/lib/thumb/v7e-m+fp/hard\libc_nano.a(lib_a-impure.o)
                0x20002364                . = ALIGN (0x4)
                0x20002364                PROVIDE (__preinit_array_start = .)
 *(.preinit_array)
                0x20002364                PROVIDE (__preinit_array_end = .)
                0x20002364                . = ALIGN (0x4)
                0x20002364                PROVIDE (__init_array_start = .)
 *(SORT_BY_NAME(.init_array.*))
 *(.init_array)
 .init_array    0x20002364        0x4 c:/program files (x86)/gnu tools arm embedded/9 2019-q4-major/bin/../lib/gcc/arm-none-eabi/9.2.1/thumb/v7e-m+fp/hard/crtbegin.o
                0x20002368                PROVIDE (__init_array_end = .)
                0x20002368                . = ALIGN (0x4)
                [!provide]                PROVIDE (__fini_array_start = .)
 *(SORT_BY_NAME(.fini_array.*))
 *(.fini_array)
 .fini_array    0x20002368        0x4 c:/program files (x86)/gnu tools arm embedded/9 2019-q4-major/bin/../lib/gcc/arm-none-eabi/9.2.1/thumb/v7e-m+fp/hard/crtbegin.o
                [!provide]                PROVIDE (__fini_array_end = .)
 *(.jcr*)
                0x2000236c                . = ALIGN (0x4)
                0x2000236c                __data_end__ = .
LOAD c:/program files (x86)/gnu tools arm embedded/9 2019-q4-major/bin/../lib/gcc/arm-none-eabi/9.2.1/thumb/v7e-m+fp/hard/crti.o
LOAD c:/program files (x86)/gnu tools arm embedded/9 2019-q4-major/bin/../lib/gcc/arm-none-eabi/9.2.1/thumb/v7e-m+fp/hard/crtbegin.o
LOAD c:/program files (x86)/gnu tools arm embedded/9 2019-q4-major/bin/../lib/gcc/arm-none-eabi/9.2.1/../../../../arm-none-eabi/lib/thumb/v7e-m+fp/hard/crt0.o
LOAD _build/nrf52832_xxaa/gcc_startup_nrf52.S.o
LOAD _build/nrf52832_xxaa/nrf_log_backend_rtt.c.o
LOAD _build/nrf52832_xxaa/nrf_log_backend_serial.c.o
LOAD _build/nrf52832_xxaa/nrf_log_backend_uart.c.o
LOAD _build/nrf52832_xxaa/nrf_log_default_backends.c.o
LOAD _build/nrf52832_xxaa/nrf_log_frontend.c.o
LOAD _build/nrf52832_xxaa/nrf_log_str_formatter.c.o
LOAD _build/nrf52832_xxaa/app_button.c.o
LOAD _build/nrf52832_xxaa/app_error.c.o
LOAD _build/nrf52832_xxaa/app_error_handler_gcc.c.o
LOAD _build/nrf52832_xxaa/app_error_weak.c.o
LOAD _build/nrf52832_xxaa/app_scheduler.c.o
LOAD _build/nrf52832_xxaa/app_timer.c.o
LOAD _build/nrf52832_xxaa/app_util_platform.c.o
LOAD _build/nrf52832_xxaa/hardfault_implementation.c.o
LOAD _build/nrf52832_xxaa/nrf_assert.c.o
LOAD _build/nrf52832_xxaa/nrf_atfifo.c.o
LOAD _build/nrf52832_xxaa/nrf_atflags.c.o
LOAD _build/nrf52832_xxaa/nrf_atomic.c.o
LOAD _build/nrf52832_xxaa/nrf_balloc.c.o
LOAD _build/nrf52832_xxaa/nrf_fprintf.c.o
LOAD _build/nrf52832_xxaa/nrf_fprintf_format.c.o
LOAD _build/nrf52832_xxaa/nrf_memobj.c.o
LOAD _build/nrf52832_xxaa/nrf_pwr_mgmt.c.o
LOAD _build/nrf52832_xxaa/nrf_section_iter.c.o
LOAD _build/nrf52832_xxaa/nrf_strerror.c.o
LOAD _build/nrf52832_xxaa/system_nrf52.c.o
LOAD _build/nrf52832_xxaa/boards.c.o
LOAD _build/nrf52832_xxaa/nrf_drv_clock.c.o
LOAD _build/nrf52832_xxaa/nrf_drv_uart.c.o
LOAD _build/nrf52832_xxaa/nrfx_clock.c.o
LOAD _build/nrf52832_xxaa/nrfx_gpiote.c.o
LOAD _build/nrf52832_xxaa/nrfx_power_clock.c.o
LOAD _build/nrf52832_xxaa/nrfx_prs.c.o
LOAD _build/nrf52832_xxaa/nrfx_uart.c.o
LOAD _build/nrf52832_xxaa/nrfx_uarte.c.o
LOAD _build/nrf52832_xxaa/main.c.o
LOAD _build/nrf52832_xxaa/SEGGER_RTT.c.o
LOAD _build/nrf52832_xxaa/SEGGER_RTT_Syscalls_GCC.c.o
LOAD _build/nrf52832_xxaa/SEGGER_RTT_printf.c.o
LOAD _build/nrf52832_xxaa/ble_advdata.c.o
LOAD _build/nrf52832_xxaa/ble_conn_params.c.o
LOAD _build/nrf52832_xxaa/ble_conn_state.c.o
LOAD _build/nrf52832_xxaa/ble_srv_common.c.o
LOAD _build/nrf52832_xxaa/nrf_ble_gatt.c.o
LOAD _build/nrf52832_xxaa/nrf_ble_qwr.c.o
LOAD _build/nrf52832_xxaa/ble_lbs.c.o
LOAD _build/nrf52832_xxaa/nrf_sdh.c.o
LOAD _build/nrf52832_xxaa/nrf_sdh_ble.c.o
LOAD _build/nrf52832_xxaa/nrf_sdh_soc.c.o
LOAD c:/program files (x86)/gnu tools arm embedded/9 2019-q4-major/bin/../lib/gcc/arm-none-eabi/9.2.1/../../../../arm-none-eabi/lib/thumb/v7e-m+fp/hard\libc_nano.a
LOAD c:/program files (x86)/gnu tools arm embedded/9 2019-q4-major/bin/../lib/gcc/arm-none-eabi/9.2.1/../../../../arm-none-eabi/lib/thumb/v7e-m+fp/hard\libnosys.a
LOAD c:/program files (x86)/gnu tools arm embedded/9 2019-q4-major/bin/../lib/gcc/arm-none-eabi/9.2.1/../../../../arm-none-eabi/lib/thumb/v7e-m+fp/hard\libm.a
START GROUP
LOAD c:/program files (x86)/gnu tools arm embedded/9 2019-q4-major/bin/../lib/gcc/arm-none-eabi/9.2.1/thumb/v7e-m+fp/hard\libgcc.a
LOAD c:/program files (x86)/gnu tools arm embedded/9 2019-q4-major/bin/../lib/gcc/arm-none-eabi/9.2.1/../../../../arm-none-eabi/lib/thumb/v7e-m+fp/hard\libg_nano.a
LOAD c:/program files (x86)/gnu tools arm embedded/9 2019-q4-major/bin/../lib/gcc/arm-none-eabi/9.2.1/../../../../arm-none-eabi/lib/thumb/v7e-m+fp/hard\libc_nano.a
END GROUP
START GROUP
LOAD c:/program files (x86)/gnu tools arm embedded/9 2019-q4-major/bin/../lib/gcc/arm-none-eabi/9.2.1/thumb/v7e-m+fp/hard\libgcc.a
LOAD c:/program files (x86)/gnu tools arm embedded/9 2019-q4-major/bin/../lib/gcc/arm-none-eabi/9.2.1/../../../../arm-none-eabi/lib/thumb/v7e-m+fp/hard\libc_nano.a
END GROUP
LOAD c:/program files (x86)/gnu tools arm embedded/9 2019-q4-major/bin/../lib/gcc/arm-none-eabi/9.2.1/thumb/v7e-m+fp/hard/crtend.o
LOAD c:/program files (x86)/gnu tools arm embedded/9 2019-q4-major/bin/../lib/gcc/arm-none-eabi/9.2.1/thumb/v7e-m+fp/hard/crtn.o
START GROUP
LOAD c:/program files (x86)/gnu tools arm embedded/9 2019-q4-major/bin/../lib/gcc/arm-none-eabi/9.2.1/thumb/v7e-m+fp/hard\libgcc.a
LOAD c:/program files (x86)/gnu tools arm embedded/9 2019-q4-major/bin/../lib/gcc/arm-none-eabi/9.2.1/../../../../arm-none-eabi/lib/thumb/v7e-m+fp/hard\libc.a
LOAD c:/program files (x86)/gnu tools arm embedded/9 2019-q4-major/bin/../lib/gcc/arm-none-eabi/9.2.1/../../../../arm-none-eabi/lib/thumb/v7e-m+fp/hard\libnosys.a
END GROUP

.igot.plt       0x2000236c        0x0 load address 0x0002c760
 .igot.plt      0x2000236c        0x0 c:/program files (x86)/gnu tools arm embedded/9 2019-q4-major/bin/../lib/gcc/arm-none-eabi/9.2.1/thumb/v7e-m+fp/hard/crtbegin.o
                0x2000236c                . = ALIGN (0x4)

.mem_section_dummy_ram

.log_dynamic_data
                0x2000236c       0x34 load address 0x0002c760
                0x2000236c                PROVIDE (__start_log_dynamic_data = .)
 *(SORT_BY_NAME(.log_dynamic_data*))
 .log_dynamic_data_CLOCK
                0x2000236c        0x4 _build/nrf52832_xxaa/nrfx_clock.c.o
                0x2000236c                m_nrf_log_CLOCK_logs_data_dynamic
 .log_dynamic_data_GPIOTE
                0x20002370        0x4 _build/nrf52832_xxaa/nrfx_gpiote.c.o
                0x20002370                m_nrf_log_GPIOTE_logs_data_dynamic
 .log_dynamic_data_PRS
                0x20002374        0x4 _build/nrf52832_xxaa/nrfx_prs.c.o
                0x20002374                m_nrf_log_PRS_logs_data_dynamic
 .log_dynamic_data_UART
                0x20002378        0x4 _build/nrf52832_xxaa/nrfx_uart.c.o
                0x20002378                m_nrf_log_UART_logs_data_dynamic
 .log_dynamic_data_UARTE
                0x2000237c        0x4 _build/nrf52832_xxaa/nrfx_uarte.c.o
                0x2000237c                m_nrf_log_UARTE_logs_data_dynamic
 .log_dynamic_data_app
                0x20002380        0x4 _build/nrf52832_xxaa/nrf_log_frontend.c.o
                0x20002380                m_nrf_log_app_logs_data_dynamic
 .log_dynamic_data_balloc_log_mempool
                0x20002384        0x4 _build/nrf52832_xxaa/nrf_log_frontend.c.o
                0x20002384                m_nrf_log_balloc_log_mempool_logs_data_dynamic
 .log_dynamic_data_clock
                0x20002388        0x4 _build/nrf52832_xxaa/nrf_drv_clock.c.o
                0x20002388                m_nrf_log_clock_logs_data_dynamic
 .log_dynamic_data_nrf_ble_gatt
                0x2000238c        0x4 _build/nrf52832_xxaa/nrf_ble_gatt.c.o
                0x2000238c                m_nrf_log_nrf_ble_gatt_logs_data_dynamic
 .log_dynamic_data_nrf_sdh
                0x20002390        0x4 _build/nrf52832_xxaa/nrf_sdh.c.o
                0x20002390                m_nrf_log_nrf_sdh_logs_data_dynamic
 .log_dynamic_data_nrf_sdh_ble
                0x20002394        0x4 _build/nrf52832_xxaa/nrf_sdh_ble.c.o
                0x20002394                m_nrf_log_nrf_sdh_ble_logs_data_dynamic
 .log_dynamic_data_nrf_sdh_soc
                0x20002398        0x4 _build/nrf52832_xxaa/nrf_sdh_soc.c.o
                0x20002398                m_nrf_log_nrf_sdh_soc_logs_data_dynamic
 .log_dynamic_data_pwr_mgmt
                0x2000239c        0x4 _build/nrf52832_xxaa/nrf_pwr_mgmt.c.o
                0x2000239c                m_nrf_log_pwr_mgmt_logs_data_dynamic
                [!provide]                PROVIDE (__stop_log_dynamic_data = .)

.cli_sorted_cmd_ptrs
                0x200023a0        0x0
                [!provide]                PROVIDE (__start_cli_sorted_cmd_ptrs = .)
 *(.cli_sorted_cmd_ptrs)
                [!provide]                PROVIDE (__stop_cli_sorted_cmd_ptrs = .)

.fs_data        0x200023a0        0x0
                [!provide]                PROVIDE (__start_fs_data = .)
 *(.fs_data)
                [!provide]                PROVIDE (__stop_fs_data = .)

.bss            0x200023a0      0xbd8 load address 0x0002c798
                0x200023a0                . = ALIGN (0x4)
                0x200023a0                __bss_start__ = .
 *(.bss*)
 .bss           0x200023a0       0x1c c:/program files (x86)/gnu tools arm embedded/9 2019-q4-major/bin/../lib/gcc/arm-none-eabi/9.2.1/thumb/v7e-m+fp/hard/crtbegin.o
 .bss.m_host_present
                0x200023bc        0x1 _build/nrf52832_xxaa/nrf_log_backend_rtt.c.o
 *fill*         0x200023bd        0x3 
 .bss.m_string_buff
                0x200023c0       0x40 _build/nrf52832_xxaa/nrf_log_backend_rtt.c.o
 .bss.m_async_mode
                0x20002400        0x1 _build/nrf52832_xxaa/nrf_log_backend_uart.c.o
 *fill*         0x20002401        0x3 
 .bss.m_string_buff
                0x20002404       0x40 _build/nrf52832_xxaa/nrf_log_backend_uart.c.o
 .bss.m_xfer_done
                0x20002444        0x1 _build/nrf52832_xxaa/nrf_log_backend_uart.c.o
 *fill*         0x20002445        0x3 
 .bss.log_mempool_nrf_balloc_cb
                0x20002448        0x8 _build/nrf52832_xxaa/nrf_log_frontend.c.o
 .bss.log_mempool_nrf_balloc_pool_mem
                0x20002450       0xc0 _build/nrf52832_xxaa/nrf_log_frontend.c.o
 .bss.log_mempool_nrf_balloc_pool_stack
                0x20002510        0x8 _build/nrf52832_xxaa/nrf_log_frontend.c.o
 .bss.m_log_data
                0x20002518      0x424 _build/nrf52832_xxaa/nrf_log_frontend.c.o
 .bss.m_button_count
                0x2000293c        0x1 _build/nrf52832_xxaa/app_button.c.o
 *fill*         0x2000293d        0x3 
 .bss.m_detection_delay
                0x20002940        0x4 _build/nrf52832_xxaa/app_button.c.o
 .bss.m_detection_delay_timer_id_data
                0x20002944       0x20 _build/nrf52832_xxaa/app_button.c.o
 *fill*         0x20002964        0x4 
 .bss.m_pin_state
                0x20002968        0x8 _build/nrf52832_xxaa/app_button.c.o
 .bss.m_pin_transition
                0x20002970        0x8 _build/nrf52832_xxaa/app_button.c.o
 .bss.mp_buttons
                0x20002978        0x4 _build/nrf52832_xxaa/app_button.c.o
 .bss.m_op_queue
                0x2000297c      0x10c _build/nrf52832_xxaa/app_timer.c.o
 .bss.m_rtc1_reset
                0x20002a88        0x1 _build/nrf52832_xxaa/app_timer.c.o
 .bss.m_rtc1_running
                0x20002a89        0x1 _build/nrf52832_xxaa/app_timer.c.o
 *fill*         0x20002a8a        0x2 
 .bss.m_ticks_elapsed
                0x20002a8c        0x8 _build/nrf52832_xxaa/app_timer.c.o
 .bss.m_ticks_elapsed_q_read_ind
                0x20002a94        0x1 _build/nrf52832_xxaa/app_timer.c.o
 .bss.m_ticks_elapsed_q_write_ind
                0x20002a95        0x1 _build/nrf52832_xxaa/app_timer.c.o
 *fill*         0x20002a96        0x2 
 .bss.m_ticks_latest
                0x20002a98        0x4 _build/nrf52832_xxaa/app_timer.c.o
 .bss.mp_timer_id_head
                0x20002a9c        0x4 _build/nrf52832_xxaa/app_timer.c.o
 .bss.m_handlers_iter
                0x20002aa0        0x8 _build/nrf52832_xxaa/nrf_pwr_mgmt.c.o
 .bss.m_shutdown_started
                0x20002aa8        0x1 _build/nrf52832_xxaa/nrf_pwr_mgmt.c.o
 *fill*         0x20002aa9        0x3 
 .bss.m_sysoff_mtx
                0x20002aac        0x4 _build/nrf52832_xxaa/nrf_pwr_mgmt.c.o
 .bss.m_clock_cb
                0x20002ab0       0x14 _build/nrf52832_xxaa/nrf_drv_clock.c.o
 .bss.m_contexts
                0x20002ac4        0x4 _build/nrf52832_xxaa/nrf_drv_uart.c.o
 .bss.m_handlers
                0x20002ac8        0x4 _build/nrf52832_xxaa/nrf_drv_uart.c.o
 .bss.m_clock_cb
                0x20002acc        0x8 _build/nrf52832_xxaa/nrfx_clock.c.o
 *fill*         0x20002ad4        0x4 
 .bss.m_cb      0x20002ad8       0x5c _build/nrf52832_xxaa/nrfx_gpiote.c.o
 .bss.m_prs_box_4
                0x20002b34        0x8 _build/nrf52832_xxaa/nrfx_prs.c.o
 *fill*         0x20002b3c        0x4 
 .bss.m_cb      0x20002b40       0x2c _build/nrf52832_xxaa/nrfx_uart.c.o
 *fill*         0x20002b6c        0x4 
 .bss.m_cb      0x20002b70       0x24 _build/nrf52832_xxaa/nrfx_uarte.c.o
 .bss.m_enc_advdata
                0x20002b94       0x1f _build/nrf52832_xxaa/main.c.o
 *fill*         0x20002bb3        0x1 
 .bss.m_enc_scan_response_data
                0x20002bb4       0x1f _build/nrf52832_xxaa/main.c.o
 *fill*         0x20002bd3        0x1 
 .bss.m_gatt    0x20002bd4       0x14 _build/nrf52832_xxaa/main.c.o
 .bss.m_lbs     0x20002be8       0x18 _build/nrf52832_xxaa/main.c.o
 .bss.m_qwr     0x20002c00        0xc _build/nrf52832_xxaa/main.c.o
 .bss._acDownBuffer
                0x20002c0c       0x10 _build/nrf52832_xxaa/SEGGER_RTT.c.o
 .bss._acUpBuffer
                0x20002c1c      0x200 _build/nrf52832_xxaa/SEGGER_RTT.c.o
 .bss.m_conn_params_config
                0x20002e1c       0x1c _build/nrf52832_xxaa/ble_conn_params.c.o
 .bss.m_conn_params_instances
                0x20002e38       0x14 _build/nrf52832_xxaa/ble_conn_params.c.o
 .bss.m_preferred_conn_params
                0x20002e4c        0x8 _build/nrf52832_xxaa/ble_conn_params.c.o
 .bss.m_timer_data
                0x20002e54       0x20 _build/nrf52832_xxaa/ble_conn_params.c.o
 .bss.m_bcs     0x20002e74       0x78 _build/nrf52832_xxaa/ble_conn_state.c.o
 .bss.m_nrf_sdh_continue
                0x20002eec        0x1 _build/nrf52832_xxaa/nrf_sdh.c.o
 .bss.m_nrf_sdh_enabled
                0x20002eed        0x1 _build/nrf52832_xxaa/nrf_sdh.c.o
 .bss.m_nrf_sdh_suspended
                0x20002eee        0x1 _build/nrf52832_xxaa/nrf_sdh.c.o
 .bss.m_stack_is_enabled
                0x20002eef        0x1 _build/nrf52832_xxaa/nrf_sdh_ble.c.o
 *(COMMON)
 COMMON         0x20002ef0        0xc _build/nrf52832_xxaa/app_util_platform.c.o
                0x20002ef0                nrf_nvic_state
 COMMON         0x20002efc        0x1 _build/nrf52832_xxaa/nrf_drv_uart.c.o
                0x20002efc                nrf_drv_uart_use_easy_dma
 *fill*         0x20002efd        0x3 
 COMMON         0x20002f00       0x78 _build/nrf52832_xxaa/SEGGER_RTT.c.o
                0x20002f00                _SEGGER_RTT
                0x20002f78                . = ALIGN (0x4)
                0x20002f78                __bss_end__ = .

.heap           0x20002f78     0x2000
                0x20002f78                __HeapBase = .
                0x20002f78                __end__ = .
                [!provide]                PROVIDE (end = .)
 *(.heap*)
 .heap          0x20002f78     0x2000 _build/nrf52832_xxaa/gcc_startup_nrf52.S.o
                0x20004f78                __HeapLimit = .

.stack_dummy    0x20002f78     0x2000
 *(.stack*)
 .stack         0x20002f78     0x2000 _build/nrf52832_xxaa/gcc_startup_nrf52.S.o
                0x20010000                __StackTop = (ORIGIN (RAM) + LENGTH (RAM))
                0x2000e000                __StackLimit = (__StackTop - SIZEOF (.stack_dummy))
                0x20010000                PROVIDE (__stack = __StackTop)
                0x00000001                ASSERT ((__StackLimit >= __HeapLimit), region RAM overflowed with stack)
                0x000000e8                DataInitFlashUsed = (__bss_start__ - __data_start__)
                0x000066ac                CodeFlashUsed = (__etext - ORIGIN (FLASH))
                0x00006794                TotalFlashUsed = (CodeFlashUsed + DataInitFlashUsed)
                0x00000001                ASSERT ((TotalFlashUsed <= LENGTH (FLASH)), region FLASH overflowed with .data and user data)
OUTPUT(_build/nrf52832_xxaa.out elf32-littlearm)

.ARM.attributes
                0x00000000       0x30
 .ARM.attributes
                0x00000000       0x1e c:/program files (x86)/gnu tools arm embedded/9 2019-q4-major/bin/../lib/gcc/arm-none-eabi/9.2.1/thumb/v7e-m+fp/hard/crti.o
 .ARM.attributes
                0x0000001e       0x34 c:/program files (x86)/gnu tools arm embedded/9 2019-q4-major/bin/../lib/gcc/arm-none-eabi/9.2.1/thumb/v7e-m+fp/hard/crtbegin.o
 .ARM.attributes
                0x00000052       0x1c c:/program files (x86)/gnu tools arm embedded/9 2019-q4-major/bin/../lib/gcc/arm-none-eabi/9.2.1/../../../../arm-none-eabi/lib/thumb/v7e-m+fp/hard/crt0.o
 .ARM.attributes
                0x0000006e       0x20 _build/nrf52832_xxaa/gcc_startup_nrf52.S.o
 .ARM.attributes
                0x0000008e       0x34 _build/nrf52832_xxaa/nrf_log_backend_rtt.c.o
 .ARM.attributes
                0x000000c2       0x34 _build/nrf52832_xxaa/nrf_log_backend_serial.c.o
 .ARM.attributes
                0x000000f6       0x34 _build/nrf52832_xxaa/nrf_log_backend_uart.c.o
 .ARM.attributes
                0x0000012a       0x34 _build/nrf52832_xxaa/nrf_log_default_backends.c.o
 .ARM.attributes
                0x0000015e       0x34 _build/nrf52832_xxaa/nrf_log_frontend.c.o
 .ARM.attributes
                0x00000192       0x34 _build/nrf52832_xxaa/nrf_log_str_formatter.c.o
 .ARM.attributes
                0x000001c6       0x34 _build/nrf52832_xxaa/app_button.c.o
 .ARM.attributes
                0x000001fa       0x34 _build/nrf52832_xxaa/app_error.c.o
 .ARM.attributes
                0x0000022e       0x34 _build/nrf52832_xxaa/app_error_weak.c.o
 .ARM.attributes
                0x00000262       0x34 _build/nrf52832_xxaa/app_timer.c.o
 .ARM.attributes
                0x00000296       0x34 _build/nrf52832_xxaa/app_util_platform.c.o
 .ARM.attributes
                0x000002ca       0x34 _build/nrf52832_xxaa/nrf_atflags.c.o
 .ARM.attributes
                0x000002fe       0x34 _build/nrf52832_xxaa/nrf_atomic.c.o
 .ARM.attributes
                0x00000332       0x34 _build/nrf52832_xxaa/nrf_balloc.c.o
 .ARM.attributes
                0x00000366       0x34 _build/nrf52832_xxaa/nrf_fprintf.c.o
 .ARM.attributes
                0x0000039a       0x34 _build/nrf52832_xxaa/nrf_fprintf_format.c.o
 .ARM.attributes
                0x000003ce       0x34 _build/nrf52832_xxaa/nrf_memobj.c.o
 .ARM.attributes
                0x00000402       0x34 _build/nrf52832_xxaa/nrf_pwr_mgmt.c.o
 .ARM.attributes
                0x00000436       0x34 _build/nrf52832_xxaa/nrf_section_iter.c.o
 .ARM.attributes
                0x0000046a       0x34 _build/nrf52832_xxaa/nrf_strerror.c.o
 .ARM.attributes
                0x0000049e       0x34 _build/nrf52832_xxaa/system_nrf52.c.o
 .ARM.attributes
                0x000004d2       0x34 _build/nrf52832_xxaa/boards.c.o
 .ARM.attributes
                0x00000506       0x34 _build/nrf52832_xxaa/nrf_drv_clock.c.o
 .ARM.attributes
                0x0000053a       0x34 _build/nrf52832_xxaa/nrf_drv_uart.c.o
 .ARM.attributes
                0x0000056e       0x34 _build/nrf52832_xxaa/nrfx_clock.c.o
 .ARM.attributes
                0x000005a2       0x34 _build/nrf52832_xxaa/nrfx_gpiote.c.o
 .ARM.attributes
                0x000005d6       0x34 _build/nrf52832_xxaa/nrfx_prs.c.o
 .ARM.attributes
                0x0000060a       0x34 _build/nrf52832_xxaa/nrfx_uart.c.o
 .ARM.attributes
                0x0000063e       0x34 _build/nrf52832_xxaa/nrfx_uarte.c.o
 .ARM.attributes
                0x00000672       0x34 _build/nrf52832_xxaa/main.c.o
 .ARM.attributes
                0x000006a6       0x34 _build/nrf52832_xxaa/SEGGER_RTT.c.o
 .ARM.attributes
                0x000006da       0x34 _build/nrf52832_xxaa/ble_advdata.c.o
 .ARM.attributes
                0x0000070e       0x34 _build/nrf52832_xxaa/ble_conn_params.c.o
 .ARM.attributes
                0x00000742       0x34 _build/nrf52832_xxaa/ble_conn_state.c.o
 .ARM.attributes
                0x00000776       0x34 _build/nrf52832_xxaa/ble_srv_common.c.o
 .ARM.attributes
                0x000007aa       0x34 _build/nrf52832_xxaa/nrf_ble_gatt.c.o
 .ARM.attributes
                0x000007de       0x34 _build/nrf52832_xxaa/nrf_ble_qwr.c.o
 .ARM.attributes
                0x00000812       0x34 _build/nrf52832_xxaa/ble_lbs.c.o
 .ARM.attributes
                0x00000846       0x34 _build/nrf52832_xxaa/nrf_sdh.c.o
 .ARM.attributes
                0x0000087a       0x34 _build/nrf52832_xxaa/nrf_sdh_ble.c.o
 .ARM.attributes
                0x000008ae       0x34 _build/nrf52832_xxaa/nrf_sdh_soc.c.o
 .ARM.attributes
                0x000008e2       0x32 c:/program files (x86)/gnu tools arm embedded/9 2019-q4-major/bin/../lib/gcc/arm-none-eabi/9.2.1/../../../../arm-none-eabi/lib/thumb/v7e-m+fp/hard\libc_nano.a(lib_a-ctype_.o)
 .ARM.attributes
                0x00000914       0x34 c:/program files (x86)/gnu tools arm embedded/9 2019-q4-major/bin/../lib/gcc/arm-none-eabi/9.2.1/../../../../arm-none-eabi/lib/thumb/v7e-m+fp/hard\libc_nano.a(lib_a-exit.o)
 .ARM.attributes
                0x00000948       0x32 c:/program files (x86)/gnu tools arm embedded/9 2019-q4-major/bin/../lib/gcc/arm-none-eabi/9.2.1/../../../../arm-none-eabi/lib/thumb/v7e-m+fp/hard\libc_nano.a(lib_a-impure.o)
 .ARM.attributes
                0x0000097a       0x34 c:/program files (x86)/gnu tools arm embedded/9 2019-q4-major/bin/../lib/gcc/arm-none-eabi/9.2.1/../../../../arm-none-eabi/lib/thumb/v7e-m+fp/hard\libc_nano.a(lib_a-init.o)
 .ARM.attributes
                0x000009ae       0x34 c:/program files (x86)/gnu tools arm embedded/9 2019-q4-major/bin/../lib/gcc/arm-none-eabi/9.2.1/../../../../arm-none-eabi/lib/thumb/v7e-m+fp/hard\libc_nano.a(lib_a-memcpy-stub.o)
 .ARM.attributes
                0x000009e2       0x34 c:/program files (x86)/gnu tools arm embedded/9 2019-q4-major/bin/../lib/gcc/arm-none-eabi/9.2.1/../../../../arm-none-eabi/lib/thumb/v7e-m+fp/hard\libc_nano.a(lib_a-memset.o)
 .ARM.attributes
                0x00000a16       0x34 c:/program files (x86)/gnu tools arm embedded/9 2019-q4-major/bin/../lib/gcc/arm-none-eabi/9.2.1/../../../../arm-none-eabi/lib/thumb/v7e-m+fp/hard\libc_nano.a(lib_a-strcpy.o)
 .ARM.attributes
                0x00000a4a       0x17 c:/program files (x86)/gnu tools arm embedded/9 2019-q4-major/bin/../lib/gcc/arm-none-eabi/9.2.1/../../../../arm-none-eabi/lib/thumb/v7e-m+fp/hard\libc_nano.a(lib_a-strlen.o)
 .ARM.attributes
                0x00000a61       0x34 c:/program files (x86)/gnu tools arm embedded/9 2019-q4-major/bin/../lib/gcc/arm-none-eabi/9.2.1/../../../../arm-none-eabi/lib/thumb/v7e-m+fp/hard\libnosys.a(_exit.o)
 .ARM.attributes
                0x00000a95       0x32 c:/program files (x86)/gnu tools arm embedded/9 2019-q4-major/bin/../lib/gcc/arm-none-eabi/9.2.1/thumb/v7e-m+fp/hard/crtend.o
 .ARM.attributes
                0x00000ac7       0x1e c:/program files (x86)/gnu tools arm embedded/9 2019-q4-major/bin/../lib/gcc/arm-none-eabi/9.2.1/thumb/v7e-m+fp/hard/crtn.o

.comment        0x00000000       0x79
 .comment       0x00000000       0x79 _build/nrf52832_xxaa/nrf_log_backend_rtt.c.o
                                 0x7a (size before relaxing)
 .comment       0x00000079       0x7a _build/nrf52832_xxaa/nrf_log_backend_serial.c.o
 .comment       0x00000079       0x7a _build/nrf52832_xxaa/nrf_log_backend_uart.c.o
 .comment       0x00000079       0x7a _build/nrf52832_xxaa/nrf_log_default_backends.c.o
 .comment       0x00000079       0x7a _build/nrf52832_xxaa/nrf_log_frontend.c.o
 .comment       0x00000079       0x7a _build/nrf52832_xxaa/nrf_log_str_formatter.c.o
 .comment       0x00000079       0x7a _build/nrf52832_xxaa/app_button.c.o
 .comment       0x00000079       0x7a _build/nrf52832_xxaa/app_error.c.o
 .comment       0x00000079       0x7a _build/nrf52832_xxaa/app_error_weak.c.o
 .comment       0x00000079       0x7a _build/nrf52832_xxaa/app_timer.c.o
 .comment       0x00000079       0x7a _build/nrf52832_xxaa/app_util_platform.c.o
 .comment       0x00000079       0x7a _build/nrf52832_xxaa/nrf_atflags.c.o
 .comment       0x00000079       0x7a _build/nrf52832_xxaa/nrf_atomic.c.o
 .comment       0x00000079       0x7a _build/nrf52832_xxaa/nrf_balloc.c.o
 .comment       0x00000079       0x7a _build/nrf52832_xxaa/nrf_fprintf.c.o
 .comment       0x00000079       0x7a _build/nrf52832_xxaa/nrf_fprintf_format.c.o
 .comment       0x00000079       0x7a _build/nrf52832_xxaa/nrf_memobj.c.o
 .comment       0x00000079       0x7a _build/nrf52832_xxaa/nrf_pwr_mgmt.c.o
 .comment       0x00000079       0x7a _build/nrf52832_xxaa/nrf_section_iter.c.o
 .comment       0x00000079       0x7a _build/nrf52832_xxaa/nrf_strerror.c.o
 .comment       0x00000079       0x7a _build/nrf52832_xxaa/system_nrf52.c.o
 .comment       0x00000079       0x7a _build/nrf52832_xxaa/boards.c.o
 .comment       0x00000079       0x7a _build/nrf52832_xxaa/nrf_drv_clock.c.o
 .comment       0x00000079       0x7a _build/nrf52832_xxaa/nrf_drv_uart.c.o
 .comment       0x00000079       0x7a _build/nrf52832_xxaa/nrfx_clock.c.o
 .comment       0x00000079       0x7a _build/nrf52832_xxaa/nrfx_gpiote.c.o
 .comment       0x00000079       0x7a _build/nrf52832_xxaa/nrfx_prs.c.o
 .comment       0x00000079       0x7a _build/nrf52832_xxaa/nrfx_uart.c.o
 .comment       0x00000079       0x7a _build/nrf52832_xxaa/nrfx_uarte.c.o
 .comment       0x00000079       0x7a _build/nrf52832_xxaa/main.c.o
 .comment       0x00000079       0x7a _build/nrf52832_xxaa/SEGGER_RTT.c.o
 .comment       0x00000079       0x7a _build/nrf52832_xxaa/ble_advdata.c.o
 .comment       0x00000079       0x7a _build/nrf52832_xxaa/ble_conn_params.c.o
 .comment       0x00000079       0x7a _build/nrf52832_xxaa/ble_conn_state.c.o
 .comment       0x00000079       0x7a _build/nrf52832_xxaa/ble_srv_common.c.o
 .comment       0x00000079       0x7a _build/nrf52832_xxaa/nrf_ble_gatt.c.o
 .comment       0x00000079       0x7a _build/nrf52832_xxaa/nrf_ble_qwr.c.o
 .comment       0x00000079       0x7a _build/nrf52832_xxaa/ble_lbs.c.o
 .comment       0x00000079       0x7a _build/nrf52832_xxaa/nrf_sdh.c.o
 .comment       0x00000079       0x7a _build/nrf52832_xxaa/nrf_sdh_ble.c.o
 .comment       0x00000079       0x7a _build/nrf52832_xxaa/nrf_sdh_soc.c.o

.debug_line     0x00000000    0x26e46
 .debug_line    0x00000000       0x86 _build/nrf52832_xxaa/gcc_startup_nrf52.S.o
 .debug_line    0x00000086      0xb3d _build/nrf52832_xxaa/nrf_log_backend_rtt.c.o
 .debug_line    0x00000bc3      0x91f _build/nrf52832_xxaa/nrf_log_backend_serial.c.o
 .debug_line    0x000014e2      0xc3b _build/nrf52832_xxaa/nrf_log_backend_uart.c.o
 .debug_line    0x0000211d      0x847 _build/nrf52832_xxaa/nrf_log_default_backends.c.o
 .debug_line    0x00002964     0x2c47 _build/nrf52832_xxaa/nrf_log_frontend.c.o
 .debug_line    0x000055ab      0xa35 _build/nrf52832_xxaa/nrf_log_str_formatter.c.o
 .debug_line    0x00005fe0      0xba7 _build/nrf52832_xxaa/app_button.c.o
 .debug_line    0x00006b87      0x5cb _build/nrf52832_xxaa/app_error.c.o
 .debug_line    0x00007152      0x903 _build/nrf52832_xxaa/app_error_weak.c.o
 .debug_line    0x00007a55     0x1792 _build/nrf52832_xxaa/app_timer.c.o
 .debug_line    0x000091e7      0x809 _build/nrf52832_xxaa/app_util_platform.c.o
 .debug_line    0x000099f0      0x877 _build/nrf52832_xxaa/nrf_atflags.c.o
 .debug_line    0x0000a267      0x8e2 _build/nrf52832_xxaa/nrf_atomic.c.o
 .debug_line    0x0000ab49      0x93a _build/nrf52832_xxaa/nrf_balloc.c.o
 .debug_line    0x0000b483      0x59e _build/nrf52832_xxaa/nrf_fprintf.c.o
 .debug_line    0x0000ba21      0xe1d _build/nrf52832_xxaa/nrf_fprintf_format.c.o
 .debug_line    0x0000c83e      0xb7a _build/nrf52832_xxaa/nrf_memobj.c.o
 .debug_line    0x0000d3b8      0xf24 _build/nrf52832_xxaa/nrf_pwr_mgmt.c.o
 .debug_line    0x0000e2dc      0x5b4 _build/nrf52832_xxaa/nrf_section_iter.c.o
 .debug_line    0x0000e890      0x605 _build/nrf52832_xxaa/nrf_strerror.c.o
 .debug_line    0x0000ee95      0x93e _build/nrf52832_xxaa/system_nrf52.c.o
 .debug_line    0x0000f7d3     0x10cc _build/nrf52832_xxaa/boards.c.o
 .debug_line    0x0001089f     0x11ec _build/nrf52832_xxaa/nrf_drv_clock.c.o
 .debug_line    0x00011a8b      0x898 _build/nrf52832_xxaa/nrf_drv_uart.c.o
 .debug_line    0x00012323     0x10a5 _build/nrf52832_xxaa/nrfx_clock.c.o
 .debug_line    0x000133c8     0x2f86 _build/nrf52832_xxaa/nrfx_gpiote.c.o
 .debug_line    0x0001634e      0x9ae _build/nrf52832_xxaa/nrfx_prs.c.o
 .debug_line    0x00016cfc     0x1e9b _build/nrf52832_xxaa/nrfx_uart.c.o
 .debug_line    0x00018b97     0x1b7e _build/nrf52832_xxaa/nrfx_uarte.c.o
 .debug_line    0x0001a715     0x1489 _build/nrf52832_xxaa/main.c.o
 .debug_line    0x0001bb9e     0x3026 _build/nrf52832_xxaa/SEGGER_RTT.c.o
 .debug_line    0x0001ebc4     0x13fb _build/nrf52832_xxaa/ble_advdata.c.o
 .debug_line    0x0001ffbf      0xe3e _build/nrf52832_xxaa/ble_conn_params.c.o
 .debug_line    0x00020dfd     0x1109 _build/nrf52832_xxaa/ble_conn_state.c.o
 .debug_line    0x00021f06      0xac9 _build/nrf52832_xxaa/ble_srv_common.c.o
 .debug_line    0x000229cf      0xd90 _build/nrf52832_xxaa/nrf_ble_gatt.c.o
 .debug_line    0x0002375f      0x8b5 _build/nrf52832_xxaa/nrf_ble_qwr.c.o
 .debug_line    0x00024014      0x969 _build/nrf52832_xxaa/ble_lbs.c.o
 .debug_line    0x0002497d     0x10e0 _build/nrf52832_xxaa/nrf_sdh.c.o
 .debug_line    0x00025a5d      0xbc6 _build/nrf52832_xxaa/nrf_sdh_ble.c.o
 .debug_line    0x00026623      0x823 _build/nrf52832_xxaa/nrf_sdh_soc.c.o

.debug_info     0x00000000    0x511ec
 .debug_info    0x00000000       0x26 _build/nrf52832_xxaa/gcc_startup_nrf52.S.o
 .debug_info    0x00000026     0x1013 _build/nrf52832_xxaa/nrf_log_backend_rtt.c.o
 .debug_info    0x00001039     0x1185 _build/nrf52832_xxaa/nrf_log_backend_serial.c.o
 .debug_info    0x000021be     0x1afe _build/nrf52832_xxaa/nrf_log_backend_uart.c.o
 .debug_info    0x00003cbc      0xcec _build/nrf52832_xxaa/nrf_log_default_backends.c.o
 .debug_info    0x000049a8     0x4684 _build/nrf52832_xxaa/nrf_log_frontend.c.o
 .debug_info    0x0000902c     0x11f8 _build/nrf52832_xxaa/nrf_log_str_formatter.c.o
 .debug_info    0x0000a224     0x1045 _build/nrf52832_xxaa/app_button.c.o
 .debug_info    0x0000b269      0xbac _build/nrf52832_xxaa/app_error.c.o
 .debug_info    0x0000be15      0xdde _build/nrf52832_xxaa/app_error_weak.c.o
 .debug_info    0x0000cbf3     0x29ce _build/nrf52832_xxaa/app_timer.c.o
 .debug_info    0x0000f5c1     0x12ef _build/nrf52832_xxaa/app_util_platform.c.o
 .debug_info    0x000108b0      0xf4f _build/nrf52832_xxaa/nrf_atflags.c.o
 .debug_info    0x000117ff     0x13e4 _build/nrf52832_xxaa/nrf_atomic.c.o
 .debug_info    0x00012be3      0xdc5 _build/nrf52832_xxaa/nrf_balloc.c.o
 .debug_info    0x000139a8      0xb51 _build/nrf52832_xxaa/nrf_fprintf.c.o
 .debug_info    0x000144f9     0x1418 _build/nrf52832_xxaa/nrf_fprintf_format.c.o
 .debug_info    0x00015911     0x143d _build/nrf52832_xxaa/nrf_memobj.c.o
 .debug_info    0x00016d4e     0x1c74 _build/nrf52832_xxaa/nrf_pwr_mgmt.c.o
 .debug_info    0x000189c2      0xac1 _build/nrf52832_xxaa/nrf_section_iter.c.o
 .debug_info    0x00019483      0xb76 _build/nrf52832_xxaa/nrf_strerror.c.o
 .debug_info    0x00019ff9     0x1258 _build/nrf52832_xxaa/system_nrf52.c.o
 .debug_info    0x0001b251     0x172e _build/nrf52832_xxaa/boards.c.o
 .debug_info    0x0001c97f     0x1fe8 _build/nrf52832_xxaa/nrf_drv_clock.c.o
 .debug_info    0x0001e967     0x1abb _build/nrf52832_xxaa/nrf_drv_uart.c.o
 .debug_info    0x00020422     0x1edc _build/nrf52832_xxaa/nrfx_clock.c.o
 .debug_info    0x000222fe     0x4376 _build/nrf52832_xxaa/nrfx_gpiote.c.o
 .debug_info    0x00026674     0x1168 _build/nrf52832_xxaa/nrfx_prs.c.o
 .debug_info    0x000277dc     0x40ae _build/nrf52832_xxaa/nrfx_uart.c.o
 .debug_info    0x0002b88a     0x3cb7 _build/nrf52832_xxaa/nrfx_uarte.c.o
 .debug_info    0x0002f541     0x46da _build/nrf52832_xxaa/main.c.o
 .debug_info    0x00033c1b     0x3a3c _build/nrf52832_xxaa/SEGGER_RTT.c.o
 .debug_info    0x00037657     0x2845 _build/nrf52832_xxaa/ble_advdata.c.o
 .debug_info    0x00039e9c     0x353e _build/nrf52832_xxaa/ble_conn_params.c.o
 .debug_info    0x0003d3da     0x3751 _build/nrf52832_xxaa/ble_conn_state.c.o
 .debug_info    0x00040b2b     0x1702 _build/nrf52832_xxaa/ble_srv_common.c.o
 .debug_info    0x0004222d     0x3369 _build/nrf52832_xxaa/nrf_ble_gatt.c.o
 .debug_info    0x00045596     0x29b1 _build/nrf52832_xxaa/nrf_ble_qwr.c.o
 .debug_info    0x00047f47     0x2df9 _build/nrf52832_xxaa/ble_lbs.c.o
 .debug_info    0x0004ad40     0x21a3 _build/nrf52832_xxaa/nrf_sdh.c.o
 .debug_info    0x0004cee3     0x3419 _build/nrf52832_xxaa/nrf_sdh_ble.c.o
 .debug_info    0x000502fc      0xef0 _build/nrf52832_xxaa/nrf_sdh_soc.c.o

.debug_abbrev   0x00000000     0xa4df
 .debug_abbrev  0x00000000       0x14 _build/nrf52832_xxaa/gcc_startup_nrf52.S.o
 .debug_abbrev  0x00000014      0x366 _build/nrf52832_xxaa/nrf_log_backend_rtt.c.o
 .debug_abbrev  0x0000037a      0x2cc _build/nrf52832_xxaa/nrf_log_backend_serial.c.o
 .debug_abbrev  0x00000646      0x40c _build/nrf52832_xxaa/nrf_log_backend_uart.c.o
 .debug_abbrev  0x00000a52      0x2c3 _build/nrf52832_xxaa/nrf_log_default_backends.c.o
 .debug_abbrev  0x00000d15      0x632 _build/nrf52832_xxaa/nrf_log_frontend.c.o
 .debug_abbrev  0x00001347      0x320 _build/nrf52832_xxaa/nrf_log_str_formatter.c.o
 .debug_abbrev  0x00001667      0x323 _build/nrf52832_xxaa/app_button.c.o
 .debug_abbrev  0x0000198a      0x276 _build/nrf52832_xxaa/app_error.c.o
 .debug_abbrev  0x00001c00      0x2e9 _build/nrf52832_xxaa/app_error_weak.c.o
 .debug_abbrev  0x00001ee9      0x531 _build/nrf52832_xxaa/app_timer.c.o
 .debug_abbrev  0x0000241a      0x3df _build/nrf52832_xxaa/app_util_platform.c.o
 .debug_abbrev  0x000027f9      0x367 _build/nrf52832_xxaa/nrf_atflags.c.o
 .debug_abbrev  0x00002b60      0x378 _build/nrf52832_xxaa/nrf_atomic.c.o
 .debug_abbrev  0x00002ed8      0x34d _build/nrf52832_xxaa/nrf_balloc.c.o
 .debug_abbrev  0x00003225      0x27d _build/nrf52832_xxaa/nrf_fprintf.c.o
 .debug_abbrev  0x000034a2      0x3af _build/nrf52832_xxaa/nrf_fprintf_format.c.o
 .debug_abbrev  0x00003851      0x388 _build/nrf52832_xxaa/nrf_memobj.c.o
 .debug_abbrev  0x00003bd9      0x512 _build/nrf52832_xxaa/nrf_pwr_mgmt.c.o
 .debug_abbrev  0x000040eb      0x206 _build/nrf52832_xxaa/nrf_section_iter.c.o
 .debug_abbrev  0x000042f1      0x29c _build/nrf52832_xxaa/nrf_strerror.c.o
 .debug_abbrev  0x0000458d      0x226 _build/nrf52832_xxaa/system_nrf52.c.o
 .debug_abbrev  0x000047b3      0x408 _build/nrf52832_xxaa/boards.c.o
 .debug_abbrev  0x00004bbb      0x60a _build/nrf52832_xxaa/nrf_drv_clock.c.o
 .debug_abbrev  0x000051c5      0x2c9 _build/nrf52832_xxaa/nrf_drv_uart.c.o
 .debug_abbrev  0x0000548e      0x51b _build/nrf52832_xxaa/nrfx_clock.c.o
 .debug_abbrev  0x000059a9      0x5fe _build/nrf52832_xxaa/nrfx_gpiote.c.o
 .debug_abbrev  0x00005fa7      0x364 _build/nrf52832_xxaa/nrfx_prs.c.o
 .debug_abbrev  0x0000630b      0x57e _build/nrf52832_xxaa/nrfx_uart.c.o
 .debug_abbrev  0x00006889      0x596 _build/nrf52832_xxaa/nrfx_uarte.c.o
 .debug_abbrev  0x00006e1f      0x4fc _build/nrf52832_xxaa/main.c.o
 .debug_abbrev  0x0000731b      0x417 _build/nrf52832_xxaa/SEGGER_RTT.c.o
 .debug_abbrev  0x00007732      0x4aa _build/nrf52832_xxaa/ble_advdata.c.o
 .debug_abbrev  0x00007bdc      0x587 _build/nrf52832_xxaa/ble_conn_params.c.o
 .debug_abbrev  0x00008163      0x5bb _build/nrf52832_xxaa/ble_conn_state.c.o
 .debug_abbrev  0x0000871e      0x3be _build/nrf52832_xxaa/ble_srv_common.c.o
 .debug_abbrev  0x00008adc      0x4ed _build/nrf52832_xxaa/nrf_ble_gatt.c.o
 .debug_abbrev  0x00008fc9      0x3ee _build/nrf52832_xxaa/nrf_ble_qwr.c.o
 .debug_abbrev  0x000093b7      0x3f6 _build/nrf52832_xxaa/ble_lbs.c.o
 .debug_abbrev  0x000097ad      0x586 _build/nrf52832_xxaa/nrf_sdh.c.o
 .debug_abbrev  0x00009d33      0x4a8 _build/nrf52832_xxaa/nrf_sdh_ble.c.o
 .debug_abbrev  0x0000a1db      0x304 _build/nrf52832_xxaa/nrf_sdh_soc.c.o

.debug_aranges  0x00000000      0xea8
 .debug_aranges
                0x00000000       0x20 _build/nrf52832_xxaa/gcc_startup_nrf52.S.o
 .debug_aranges
                0x00000020       0x38 _build/nrf52832_xxaa/nrf_log_backend_rtt.c.o
 .debug_aranges
                0x00000058       0x20 _build/nrf52832_xxaa/nrf_log_backend_serial.c.o
 .debug_aranges
                0x00000078       0x48 _build/nrf52832_xxaa/nrf_log_backend_uart.c.o
 .debug_aranges
                0x000000c0       0x20 _build/nrf52832_xxaa/nrf_log_default_backends.c.o
 .debug_aranges
                0x000000e0       0xb8 _build/nrf52832_xxaa/nrf_log_frontend.c.o
 .debug_aranges
                0x00000198       0x38 _build/nrf52832_xxaa/nrf_log_str_formatter.c.o
 .debug_aranges
                0x000001d0       0x48 _build/nrf52832_xxaa/app_button.c.o
 .debug_aranges
                0x00000218       0x28 _build/nrf52832_xxaa/app_error.c.o
 .debug_aranges
                0x00000240       0x20 _build/nrf52832_xxaa/app_error_weak.c.o
 .debug_aranges
                0x00000260       0x70 _build/nrf52832_xxaa/app_timer.c.o
 .debug_aranges
                0x000002d0       0x48 _build/nrf52832_xxaa/app_util_platform.c.o
 .debug_aranges
                0x00000318       0x58 _build/nrf52832_xxaa/nrf_atflags.c.o
 .debug_aranges
                0x00000370       0xb0 _build/nrf52832_xxaa/nrf_atomic.c.o
 .debug_aranges
                0x00000420       0x30 _build/nrf52832_xxaa/nrf_balloc.c.o
 .debug_aranges
                0x00000450       0x28 _build/nrf52832_xxaa/nrf_fprintf.c.o
 .debug_aranges
                0x00000478       0x28 _build/nrf52832_xxaa/nrf_fprintf_format.c.o
 .debug_aranges
                0x000004a0       0x50 _build/nrf52832_xxaa/nrf_memobj.c.o
 .debug_aranges
                0x000004f0       0x48 _build/nrf52832_xxaa/nrf_pwr_mgmt.c.o
 .debug_aranges
                0x00000538       0x28 _build/nrf52832_xxaa/nrf_section_iter.c.o
 .debug_aranges
                0x00000560       0x28 _build/nrf52832_xxaa/nrf_strerror.c.o
 .debug_aranges
                0x00000588       0x28 _build/nrf52832_xxaa/system_nrf52.c.o
 .debug_aranges
                0x000005b0       0x78 _build/nrf52832_xxaa/boards.c.o
 .debug_aranges
                0x00000628       0xa8 _build/nrf52832_xxaa/nrf_drv_clock.c.o
 .debug_aranges
                0x000006d0       0x30 _build/nrf52832_xxaa/nrf_drv_uart.c.o
 .debug_aranges
                0x00000700       0x78 _build/nrf52832_xxaa/nrfx_clock.c.o
 .debug_aranges
                0x00000778       0xd8 _build/nrf52832_xxaa/nrfx_gpiote.c.o
 .debug_aranges
                0x00000850       0x30 _build/nrf52832_xxaa/nrfx_prs.c.o
 .debug_aranges
                0x00000880       0x78 _build/nrf52832_xxaa/nrfx_uart.c.o
 .debug_aranges
                0x000008f8       0x68 _build/nrf52832_xxaa/nrfx_uarte.c.o
 .debug_aranges
                0x00000960       0x90 _build/nrf52832_xxaa/main.c.o
 .debug_aranges
                0x000009f0       0xe0 _build/nrf52832_xxaa/SEGGER_RTT.c.o
 .debug_aranges
                0x00000ad0       0x78 _build/nrf52832_xxaa/ble_advdata.c.o
 .debug_aranges
                0x00000b48       0x60 _build/nrf52832_xxaa/ble_conn_params.c.o
 .debug_aranges
                0x00000ba8       0xc0 _build/nrf52832_xxaa/ble_conn_state.c.o
 .debug_aranges
                0x00000c68       0x58 _build/nrf52832_xxaa/ble_srv_common.c.o
 .debug_aranges
                0x00000cc0       0x70 _build/nrf52832_xxaa/nrf_ble_gatt.c.o
 .debug_aranges
                0x00000d30       0x40 _build/nrf52832_xxaa/nrf_ble_qwr.c.o
 .debug_aranges
                0x00000d70       0x50 _build/nrf52832_xxaa/ble_lbs.c.o
 .debug_aranges
                0x00000dc0       0x70 _build/nrf52832_xxaa/nrf_sdh.c.o
 .debug_aranges
                0x00000e30       0x50 _build/nrf52832_xxaa/nrf_sdh_ble.c.o
 .debug_aranges
                0x00000e80       0x28 _build/nrf52832_xxaa/nrf_sdh_soc.c.o

.debug_str      0x00000000    0x909b5
 .debug_str     0x00000000       0x9d _build/nrf52832_xxaa/gcc_startup_nrf52.S.o
 .debug_str     0x0000009d    0x76a45 _build/nrf52832_xxaa/nrf_log_backend_rtt.c.o
                              0x78b9b (size before relaxing)
 .debug_str     0x00076ae2      0x2e1 _build/nrf52832_xxaa/nrf_log_backend_serial.c.o
                              0x714e1 (size before relaxing)
 .debug_str     0x00076dc3     0x1155 _build/nrf52832_xxaa/nrf_log_backend_uart.c.o
                              0x790ee (size before relaxing)
 .debug_str     0x00077f18      0x157 _build/nrf52832_xxaa/nrf_log_default_backends.c.o
                              0x7135f (size before relaxing)
 .debug_str     0x0007806f     0x1377 _build/nrf52832_xxaa/nrf_log_frontend.c.o
                              0x72735 (size before relaxing)
 .debug_str     0x000793e6      0x69e _build/nrf52832_xxaa/nrf_log_str_formatter.c.o
                              0x7193f (size before relaxing)
 .debug_str     0x00079a84     0x163f _build/nrf52832_xxaa/app_button.c.o
                              0x765d0 (size before relaxing)
 .debug_str     0x0007b0c3      0x117 _build/nrf52832_xxaa/app_error.c.o
                              0x60b50 (size before relaxing)
 .debug_str     0x0007b1da      0xa20 _build/nrf52832_xxaa/app_error_weak.c.o
                              0x721ed (size before relaxing)
 .debug_str     0x0007bbfa      0xab5 _build/nrf52832_xxaa/app_timer.c.o
                              0x75f8b (size before relaxing)
 .debug_str     0x0007c6af      0x24e _build/nrf52832_xxaa/app_util_platform.c.o
                              0x61ce9 (size before relaxing)
 .debug_str     0x0007c8fd      0x3c4 _build/nrf52832_xxaa/nrf_atflags.c.o
                              0x6cbbc (size before relaxing)
 .debug_str     0x0007ccc1      0x65b _build/nrf52832_xxaa/nrf_atomic.c.o
                              0x6cf17 (size before relaxing)
 .debug_str     0x0007d31c      0x164 _build/nrf52832_xxaa/nrf_balloc.c.o
                              0x715a9 (size before relaxing)
 .debug_str     0x0007d480      0x144 _build/nrf52832_xxaa/nrf_fprintf.c.o
                              0x6cb70 (size before relaxing)
 .debug_str     0x0007d5c4      0x11d _build/nrf52832_xxaa/nrf_fprintf_format.c.o
                              0x6cc65 (size before relaxing)
 .debug_str     0x0007d6e1      0x1a3 _build/nrf52832_xxaa/nrf_memobj.c.o
                              0x6f99d (size before relaxing)
 .debug_str     0x0007d884     0x16c6 _build/nrf52832_xxaa/nrf_pwr_mgmt.c.o
                              0x7a2ea (size before relaxing)
 .debug_str     0x0007ef4a       0x54 _build/nrf52832_xxaa/nrf_section_iter.c.o
                              0x6cd3f (size before relaxing)
 .debug_str     0x0007ef9e       0xed _build/nrf52832_xxaa/nrf_strerror.c.o
                              0x6c8dc (size before relaxing)
 .debug_str     0x0007f08b      0x36e _build/nrf52832_xxaa/system_nrf52.c.o
                              0x5c610 (size before relaxing)
 .debug_str     0x0007f3f9     0x148e _build/nrf52832_xxaa/boards.c.o
                              0x75f89 (size before relaxing)
 .debug_str     0x00080887      0xe49 _build/nrf52832_xxaa/nrf_drv_clock.c.o
                              0x7934a (size before relaxing)
 .debug_str     0x000816d0      0x470 _build/nrf52832_xxaa/nrf_drv_uart.c.o
                              0x75db3 (size before relaxing)
 .debug_str     0x00081b40      0x8b1 _build/nrf52832_xxaa/nrfx_clock.c.o
                              0x78903 (size before relaxing)
 .debug_str     0x000823f1      0xd3d _build/nrf52832_xxaa/nrfx_gpiote.c.o
                              0x79a83 (size before relaxing)
 .debug_str     0x0008312e      0x334 _build/nrf52832_xxaa/nrfx_prs.c.o
                              0x77f64 (size before relaxing)
 .debug_str     0x00083462      0x6bb _build/nrf52832_xxaa/nrfx_uart.c.o
                              0x790ff (size before relaxing)
 .debug_str     0x00083b1d      0x8d3 _build/nrf52832_xxaa/nrfx_uarte.c.o
                              0x794f0 (size before relaxing)
 .debug_str     0x000843f0     0x9629 _build/nrf52832_xxaa/main.c.o
                              0x83cdb (size before relaxing)
 .debug_str     0x0008da19      0x521 _build/nrf52832_xxaa/SEGGER_RTT.c.o
                              0x6a2c5 (size before relaxing)
 .debug_str     0x0008df3a      0x556 _build/nrf52832_xxaa/ble_advdata.c.o
                              0x73c61 (size before relaxing)
 .debug_str     0x0008e490      0x37a _build/nrf52832_xxaa/ble_conn_params.c.o
                              0x76048 (size before relaxing)
 .debug_str     0x0008e80a      0x82f _build/nrf52832_xxaa/ble_conn_state.c.o
                              0x75565 (size before relaxing)
 .debug_str     0x0008f039      0x47c _build/nrf52832_xxaa/ble_srv_common.c.o
                              0x6baba (size before relaxing)
 .debug_str     0x0008f4b5      0x4d2 _build/nrf52832_xxaa/nrf_ble_gatt.c.o
                              0x7645e (size before relaxing)
 .debug_str     0x0008f987      0x209 _build/nrf52832_xxaa/nrf_ble_qwr.c.o
                              0x747a4 (size before relaxing)
 .debug_str     0x0008fb90      0x112 _build/nrf52832_xxaa/ble_lbs.c.o
                              0x74d7b (size before relaxing)
 .debug_str     0x0008fca2      0x52a _build/nrf52832_xxaa/nrf_sdh.c.o
                              0x7210b (size before relaxing)
 .debug_str     0x000901cc      0x665 _build/nrf52832_xxaa/nrf_sdh_ble.c.o
                              0x77015 (size before relaxing)
 .debug_str     0x00090831      0x184 _build/nrf52832_xxaa/nrf_sdh_soc.c.o
                              0x710a4 (size before relaxing)

.debug_loc      0x00000000    0x204ef
 .debug_loc     0x00000000      0x220 _build/nrf52832_xxaa/nrf_log_backend_rtt.c.o
 .debug_loc     0x00000220      0x186 _build/nrf52832_xxaa/nrf_log_backend_serial.c.o
 .debug_loc     0x000003a6      0x334 _build/nrf52832_xxaa/nrf_log_backend_uart.c.o
 .debug_loc     0x000006da       0x43 _build/nrf52832_xxaa/nrf_log_default_backends.c.o
 .debug_loc     0x0000071d     0x56f3 _build/nrf52832_xxaa/nrf_log_frontend.c.o
 .debug_loc     0x00005e10      0x49c _build/nrf52832_xxaa/nrf_log_str_formatter.c.o
 .debug_loc     0x000062ac      0x433 _build/nrf52832_xxaa/app_button.c.o
 .debug_loc     0x000066df       0xc8 _build/nrf52832_xxaa/app_error.c.o
 .debug_loc     0x000067a7       0x6f _build/nrf52832_xxaa/app_error_weak.c.o
 .debug_loc     0x00006816     0x1434 _build/nrf52832_xxaa/app_timer.c.o
 .debug_loc     0x00007c4a      0x1e9 _build/nrf52832_xxaa/app_util_platform.c.o
 .debug_loc     0x00007e33      0x4e7 _build/nrf52832_xxaa/nrf_atflags.c.o
 .debug_loc     0x0000831a      0x587 _build/nrf52832_xxaa/nrf_atomic.c.o
 .debug_loc     0x000088a1      0x1c3 _build/nrf52832_xxaa/nrf_balloc.c.o
 .debug_loc     0x00008a64       0x54 _build/nrf52832_xxaa/nrf_fprintf.c.o
 .debug_loc     0x00008ab8      0xf45 _build/nrf52832_xxaa/nrf_fprintf_format.c.o
 .debug_loc     0x000099fd      0xe6a _build/nrf52832_xxaa/nrf_memobj.c.o
 .debug_loc     0x0000a867      0x120 _build/nrf52832_xxaa/nrf_pwr_mgmt.c.o
 .debug_loc     0x0000a987      0x220 _build/nrf52832_xxaa/nrf_strerror.c.o
 .debug_loc     0x0000aba7      0xd67 _build/nrf52832_xxaa/boards.c.o
 .debug_loc     0x0000b90e      0x58b _build/nrf52832_xxaa/nrf_drv_clock.c.o
 .debug_loc     0x0000be99      0x1d6 _build/nrf52832_xxaa/nrf_drv_uart.c.o
 .debug_loc     0x0000c06f      0x401 _build/nrf52832_xxaa/nrfx_clock.c.o
 .debug_loc     0x0000c470     0x3d69 _build/nrf52832_xxaa/nrfx_gpiote.c.o
 .debug_loc     0x000101d9      0x100 _build/nrf52832_xxaa/nrfx_prs.c.o
 .debug_loc     0x000102d9     0x1ef9 _build/nrf52832_xxaa/nrfx_uart.c.o
 .debug_loc     0x000121d2     0x1bf8 _build/nrf52832_xxaa/nrfx_uarte.c.o
 .debug_loc     0x00013dca      0xaed _build/nrf52832_xxaa/main.c.o
 .debug_loc     0x000148b7     0x5bcf _build/nrf52832_xxaa/SEGGER_RTT.c.o
 .debug_loc     0x0001a486     0x1bdb _build/nrf52832_xxaa/ble_advdata.c.o
 .debug_loc     0x0001c061      0xdd4 _build/nrf52832_xxaa/ble_conn_params.c.o
 .debug_loc     0x0001ce35      0xfac _build/nrf52832_xxaa/ble_conn_state.c.o
 .debug_loc     0x0001dde1      0x6d9 _build/nrf52832_xxaa/ble_srv_common.c.o
 .debug_loc     0x0001e4ba      0xd3a _build/nrf52832_xxaa/nrf_ble_gatt.c.o
 .debug_loc     0x0001f1f4      0x487 _build/nrf52832_xxaa/nrf_ble_qwr.c.o
 .debug_loc     0x0001f67b      0x401 _build/nrf52832_xxaa/ble_lbs.c.o
 .debug_loc     0x0001fa7c      0x693 _build/nrf52832_xxaa/nrf_sdh.c.o
 .debug_loc     0x0002010f      0x349 _build/nrf52832_xxaa/nrf_sdh_ble.c.o
 .debug_loc     0x00020458       0x97 _build/nrf52832_xxaa/nrf_sdh_soc.c.o

.debug_ranges   0x00000000     0x7b30
 .debug_ranges  0x00000000       0x78 _build/nrf52832_xxaa/nrf_log_backend_rtt.c.o
 .debug_ranges  0x00000078       0x28 _build/nrf52832_xxaa/nrf_log_backend_serial.c.o
 .debug_ranges  0x000000a0      0x110 _build/nrf52832_xxaa/nrf_log_backend_uart.c.o
 .debug_ranges  0x000001b0       0x28 _build/nrf52832_xxaa/nrf_log_default_backends.c.o