Archive member included to satisfy reference by file (symbol)

c:/program files (x86)/gnu tools arm embedded/9 2019-q4-major/bin/../lib/gcc/arm-none-eabi/9.2.1/../../../../arm-none-eabi/lib/thumb/v7e-m/nofp\libc_nano.a(lib_a-ctype_.o)
                              _build/nrf52810_xxaa/nrf_log_str_formatter.c.o (_ctype_)
c:/program files (x86)/gnu tools arm embedded/9 2019-q4-major/bin/../lib/gcc/arm-none-eabi/9.2.1/../../../../arm-none-eabi/lib/thumb/v7e-m/nofp\libc_nano.a(lib_a-exit.o)
                              c:/program files (x86)/gnu tools arm embedded/9 2019-q4-major/bin/../lib/gcc/arm-none-eabi/9.2.1/../../../../arm-none-eabi/lib/thumb/v7e-m/nofp/crt0.o (exit)
c:/program files (x86)/gnu tools arm embedded/9 2019-q4-major/bin/../lib/gcc/arm-none-eabi/9.2.1/../../../../arm-none-eabi/lib/thumb/v7e-m/nofp\libc_nano.a(lib_a-impure.o)
                              c:/program files (x86)/gnu tools arm embedded/9 2019-q4-major/bin/../lib/gcc/arm-none-eabi/9.2.1/../../../../arm-none-eabi/lib/thumb/v7e-m/nofp\libc_nano.a(lib_a-exit.o) (_global_impure_ptr)
c:/program files (x86)/gnu tools arm embedded/9 2019-q4-major/bin/../lib/gcc/arm-none-eabi/9.2.1/../../../../arm-none-eabi/lib/thumb/v7e-m/nofp\libc_nano.a(lib_a-init.o)
                              c:/program files (x86)/gnu tools arm embedded/9 2019-q4-major/bin/../lib/gcc/arm-none-eabi/9.2.1/../../../../arm-none-eabi/lib/thumb/v7e-m/nofp/crt0.o (__libc_init_array)
c:/program files (x86)/gnu tools arm embedded/9 2019-q4-major/bin/../lib/gcc/arm-none-eabi/9.2.1/../../../../arm-none-eabi/lib/thumb/v7e-m/nofp\libc_nano.a(lib_a-memcmp.o)
                              _build/nrf52810_xxaa/ble_advdata.c.o (memcmp)
c:/program files (x86)/gnu tools arm embedded/9 2019-q4-major/bin/../lib/gcc/arm-none-eabi/9.2.1/../../../../arm-none-eabi/lib/thumb/v7e-m/nofp\libc_nano.a(lib_a-memcpy-stub.o)
                              _build/nrf52810_xxaa/nrf_log_frontend.c.o (memcpy)
c:/program files (x86)/gnu tools arm embedded/9 2019-q4-major/bin/../lib/gcc/arm-none-eabi/9.2.1/../../../../arm-none-eabi/lib/thumb/v7e-m/nofp\libc_nano.a(lib_a-memset.o)
                              c:/program files (x86)/gnu tools arm embedded/9 2019-q4-major/bin/../lib/gcc/arm-none-eabi/9.2.1/../../../../arm-none-eabi/lib/thumb/v7e-m/nofp/crt0.o (memset)
c:/program files (x86)/gnu tools arm embedded/9 2019-q4-major/bin/../lib/gcc/arm-none-eabi/9.2.1/../../../../arm-none-eabi/lib/thumb/v7e-m/nofp\libc_nano.a(lib_a-strcpy.o)
                              _build/nrf52810_xxaa/SEGGER_RTT.c.o (strcpy)
c:/program files (x86)/gnu tools arm embedded/9 2019-q4-major/bin/../lib/gcc/arm-none-eabi/9.2.1/../../../../arm-none-eabi/lib/thumb/v7e-m/nofp\libc_nano.a(lib_a-strlen.o)
                              _build/nrf52810_xxaa/nrf_log_frontend.c.o (strlen)
c:/program files (x86)/gnu tools arm embedded/9 2019-q4-major/bin/../lib/gcc/arm-none-eabi/9.2.1/../../../../arm-none-eabi/lib/thumb/v7e-m/nofp\libnosys.a(_exit.o)
                              c:/program files (x86)/gnu tools arm embedded/9 2019-q4-major/bin/../lib/gcc/arm-none-eabi/9.2.1/../../../../arm-none-eabi/lib/thumb/v7e-m/nofp\libc_nano.a(lib_a-exit.o) (_exit)

Allocating common symbols
Common symbol       size              file

nrf_nvic_state      0xc               _build/nrf52810_xxaa/app_util_platform.c.o
_SEGGER_RTT         0x78              _build/nrf52810_xxaa/SEGGER_RTT.c.o

Discarded input sections

 .text          0x00000000        0x0 c:/program files (x86)/gnu tools arm embedded/9 2019-q4-major/bin/../lib/gcc/arm-none-eabi/9.2.1/thumb/v7e-m/nofp/crti.o
 .data          0x00000000        0x0 c:/program files (x86)/gnu tools arm embedded/9 2019-q4-major/bin/../lib/gcc/arm-none-eabi/9.2.1/thumb/v7e-m/nofp/crti.o
 .bss           0x00000000        0x0 c:/program files (x86)/gnu tools arm embedded/9 2019-q4-major/bin/../lib/gcc/arm-none-eabi/9.2.1/thumb/v7e-m/nofp/crti.o
 .data          0x00000000        0x4 c:/program files (x86)/gnu tools arm embedded/9 2019-q4-major/bin/../lib/gcc/arm-none-eabi/9.2.1/thumb/v7e-m/nofp/crtbegin.o
 .data          0x00000000        0x0 c:/program files (x86)/gnu tools arm embedded/9 2019-q4-major/bin/../lib/gcc/arm-none-eabi/9.2.1/../../../../arm-none-eabi/lib/thumb/v7e-m/nofp/crt0.o
 .bss           0x00000000        0x0 c:/program files (x86)/gnu tools arm embedded/9 2019-q4-major/bin/../lib/gcc/arm-none-eabi/9.2.1/../../../../arm-none-eabi/lib/thumb/v7e-m/nofp/crt0.o
 .ARM.extab     0x00000000        0x0 c:/program files (x86)/gnu tools arm embedded/9 2019-q4-major/bin/../lib/gcc/arm-none-eabi/9.2.1/../../../../arm-none-eabi/lib/thumb/v7e-m/nofp/crt0.o
 .data          0x00000000        0x0 _build/nrf52810_xxaa/gcc_startup_nrf52810.S.o
 .bss           0x00000000        0x0 _build/nrf52810_xxaa/gcc_startup_nrf52810.S.o
 .group         0x00000000        0xc _build/nrf52810_xxaa/nrf_log_backend_rtt.c.o
 .group         0x00000000        0xc _build/nrf52810_xxaa/nrf_log_backend_rtt.c.o
[...]
Memory Configuration

Name             Origin             Length             Attributes
FLASH            0x00019000         0x00017000         xr
RAM              0x20001c18         0x000043e8         xrw
*default*        0x00000000         0xffffffff

Linker script and memory map


.text           0x00019000     0x4c48
 *(.isr_vector)
 .isr_vector    0x00019000      0x200 _build/nrf52810_xxaa/gcc_startup_nrf52810.S.o
                0x00019000                __isr_vector
 *(.text*)
 .text          0x00019200       0x40 c:/program files (x86)/gnu tools arm embedded/9 2019-q4-major/bin/../lib/gcc/arm-none-eabi/9.2.1/thumb/v7e-m/nofp/crtbegin.o
 .text          0x00019240       0x74 c:/program files (x86)/gnu tools arm embedded/9 2019-q4-major/bin/../lib/gcc/arm-none-eabi/9.2.1/../../../../arm-none-eabi/lib/thumb/v7e-m/nofp/crt0.o
                0x00019240                _start
                0x00019240                _mainCRTStartup
 .text          0x000192b4       0x3c _build/nrf52810_xxaa/gcc_startup_nrf52810.S.o
                0x000192b4                Reset_Handler
                0x000192dc                NMI_Handler
                0x000192de                HardFault_Handler
                0x000192e0                MemoryManagement_Handler
                0x000192e2                BusFault_Handler
                0x000192e4                UsageFault_Handler
                0x000192e6                SVC_Handler
                0x000192e8                DebugMon_Handler
                0x000192ea                PendSV_Handler
                0x000192ec                SysTick_Handler
                0x000192ee                TEMP_IRQHandler
                0x000192ee                QDEC_IRQHandler
                0x000192ee                SWI4_IRQHandler
                0x000192ee                SWI5_IRQHandler
                0x000192ee                TIMER0_IRQHandler
                0x000192ee                PDM_IRQHandler
                0x000192ee                TIMER1_IRQHandler
                0x000192ee                RADIO_IRQHandler
                0x000192ee                Default_Handler
                0x000192ee                SWI3_IRQHandler
                0x000192ee                SAADC_IRQHandler
                0x000192ee                CCM_AAR_IRQHandler
                0x000192ee                WDT_IRQHandler
                0x000192ee                RTC0_IRQHandler
                0x000192ee                TWIM0_TWIS0_IRQHandler
                0x000192ee                RNG_IRQHandler
                0x000192ee                COMP_IRQHandler
                0x000192ee                PWM0_IRQHandler
                0x000192ee                SWI1_EGU1_IRQHandler
                0x000192ee                SPIM0_SPIS0_IRQHandler
                0x000192ee                ECB_IRQHandler
                0x000192ee                TIMER2_IRQHandler
 .text.nrf_log_backend_rtt_flush
                0x000192f0        0x2 _build/nrf52810_xxaa/nrf_log_backend_rtt.c.o
 *fill*         0x000192f2        0x2 
 .text.nrf_log_backend_rtt_put
                0x000192f4       0x1c _build/nrf52810_xxaa/nrf_log_backend_rtt.c.o
 .text.serial_tx
                0x00019310       0x50 _build/nrf52810_xxaa/nrf_log_backend_rtt.c.o
 .text.nrf_log_backend_rtt_panic_set
                0x00019360        0x2 _build/nrf52810_xxaa/nrf_log_backend_rtt.c.o
 .text.nrf_log_backend_rtt_init
                0x00019362        0x4 _build/nrf52810_xxaa/nrf_log_backend_rtt.c.o
                0x00019362                nrf_log_backend_rtt_init
 .text.nrf_log_backend_serial_put
                0x00019366       0xc2 _build/nrf52810_xxaa/nrf_log_backend_serial.c.o
                0x00019366                nrf_log_backend_serial_put
 .text.uart_evt_handler
                0x00019428        0xc _build/nrf52810_xxaa/nrf_log_backend_uart.c.o
 .text.nrf_log_backend_uart_flush
                0x00019434        0x2 _build/nrf52810_xxaa/nrf_log_backend_uart.c.o
 *fill*         0x00019436        0x2 
 .text.uart_init
                0x00019438       0x5c _build/nrf52810_xxaa/nrf_log_backend_uart.c.o
 .text.nrf_log_backend_uart_panic_set
                0x00019494       0x18 _build/nrf52810_xxaa/nrf_log_backend_uart.c.o
 .text.nrf_log_backend_uart_put
                0x000194ac       0x1c _build/nrf52810_xxaa/nrf_log_backend_uart.c.o
 .text.serial_tx
                0x000194c8       0x30 _build/nrf52810_xxaa/nrf_log_backend_uart.c.o
 .text.nrf_log_backend_uart_init
                0x000194f8        0x6 _build/nrf52810_xxaa/nrf_log_backend_uart.c.o
                0x000194f8                nrf_log_backend_uart_init
 *fill*         0x000194fe        0x2 
 .text.nrf_log_default_backends_init
                0x00019500       0x30 _build/nrf52810_xxaa/nrf_log_default_backends.c.o
                0x00019500                nrf_log_default_backends_init
 .text.invalid_packets_pushed_str_omit
                0x00019530       0x50 _build/nrf52810_xxaa/nrf_log_frontend.c.o
 .text.buf_prealloc
                0x00019580      0x138 _build/nrf52810_xxaa/nrf_log_frontend.c.o
 .text.nrf_log_init
                0x000196b8       0x50 _build/nrf52810_xxaa/nrf_log_frontend.c.o
                0x000196b8                nrf_log_init
 .text.nrf_log_module_name_get
                0x00019708       0x38 _build/nrf52810_xxaa/nrf_log_frontend.c.o
                0x00019708                nrf_log_module_name_get
 .text.nrf_log_color_id_get
                0x00019740       0x2c _build/nrf52810_xxaa/nrf_log_frontend.c.o
                0x00019740                nrf_log_color_id_get
 .text.buffer_is_empty
                0x0001976c       0x14 _build/nrf52810_xxaa/nrf_log_frontend.c.o
                0x0001976c                buffer_is_empty
 .text.nrf_log_frontend_dequeue
                0x00019780      0x210 _build/nrf52810_xxaa/nrf_log_frontend.c.o
                0x00019780                nrf_log_frontend_dequeue
 .text.std_n    0x00019990       0x98 _build/nrf52810_xxaa/nrf_log_frontend.c.o
 .text.nrf_log_frontend_std_0
                0x00019a28        0x8 _build/nrf52810_xxaa/nrf_log_frontend.c.o
                0x00019a28                nrf_log_frontend_std_0
 .text.nrf_log_frontend_std_1
                0x00019a30       0x12 _build/nrf52810_xxaa/nrf_log_frontend.c.o
                0x00019a30                nrf_log_frontend_std_1
 .text.nrf_log_frontend_std_2
                0x00019a42       0x14 _build/nrf52810_xxaa/nrf_log_frontend.c.o
                0x00019a42                nrf_log_frontend_std_2
 *fill*         0x00019a56        0x2 
 .text.nrf_log_backend_add
                0x00019a58       0x48 _build/nrf52810_xxaa/nrf_log_frontend.c.o
                0x00019a58                nrf_log_backend_add
 .text.nrf_log_panic
                0x00019aa0       0x28 _build/nrf52810_xxaa/nrf_log_frontend.c.o
                0x00019aa0                nrf_log_panic
 .text.postfix_process
                0x00019ac8       0x3c _build/nrf52810_xxaa/nrf_log_str_formatter.c.o
 .text.prefix_process
                0x00019b04       0x78 _build/nrf52810_xxaa/nrf_log_str_formatter.c.o
 .text.nrf_log_std_entry_process
                0x00019b7c       0xc8 _build/nrf52810_xxaa/nrf_log_str_formatter.c.o
                0x00019b7c                nrf_log_std_entry_process
 .text.nrf_log_hexdump_entry_process
                0x00019c44       0xb4 _build/nrf52810_xxaa/nrf_log_str_formatter.c.o
                0x00019c44                nrf_log_hexdump_entry_process
 .text.detection_delay_timeout_handler
                0x00019cf8       0xf0 _build/nrf52810_xxaa/app_button.c.o
 .text.gpiote_event_handler
                0x00019de8       0x90 _build/nrf52810_xxaa/app_button.c.o
 .text.app_button_init
                0x00019e78       0xa8 _build/nrf52810_xxaa/app_button.c.o
                0x00019e78                app_button_init
 .text.app_button_enable
                0x00019f20       0x2c _build/nrf52810_xxaa/app_button.c.o
                0x00019f20                app_button_enable
 .text.app_button_disable
                0x00019f4c       0x34 _build/nrf52810_xxaa/app_button.c.o
                0x00019f4c                app_button_disable
 .text.app_error_handler_bare
                0x00019f80       0x1a _build/nrf52810_xxaa/app_error.c.o
                0x00019f80                app_error_handler_bare
 *fill*         0x00019f9a        0x2 
 .text.app_error_fault_handler
                0x00019f9c       0x6c _build/nrf52810_xxaa/app_error_weak.c.o
                0x00019f9c                app_error_fault_handler
 .text.user_op_alloc
                0x0001a008       0x2c _build/nrf52810_xxaa/app_timer.c.o
 .text.timer_stop_op_schedule
                0x0001a034       0x50 _build/nrf52810_xxaa/app_timer.c.o
 .text.nrfx_coredep_delay_us.part.0.constprop.0
                0x0001a084       0x10 _build/nrf52810_xxaa/app_timer.c.o
 .text.rtc1_stop
                0x0001a094       0x44 _build/nrf52810_xxaa/app_timer.c.o
 .text.RTC1_IRQHandler
                0x0001a0d8       0x9c _build/nrf52810_xxaa/app_timer.c.o
                0x0001a0d8                RTC1_IRQHandler
 .text.SWI0_EGU0_IRQHandler
                0x0001a174      0x2bc _build/nrf52810_xxaa/app_timer.c.o
                0x0001a174                SWI0_EGU0_IRQHandler
 .text.app_timer_init
                0x0001a430       0x60 _build/nrf52810_xxaa/app_timer.c.o
                0x0001a430                app_timer_init
 .text.app_timer_create
                0x0001a490       0x24 _build/nrf52810_xxaa/app_timer.c.o
                0x0001a490                app_timer_create
 .text.app_timer_start
                0x0001a4b4       0x90 _build/nrf52810_xxaa/app_timer.c.o
                0x0001a4b4                app_timer_start
 .text.app_timer_stop
                0x0001a544       0x20 _build/nrf52810_xxaa/app_timer.c.o
                0x0001a544                app_timer_stop
 .text.app_util_critical_region_enter
                0x0001a564       0x48 _build/nrf52810_xxaa/app_util_platform.c.o
                0x0001a564                app_util_critical_region_enter
 .text.app_util_critical_region_exit
                0x0001a5ac       0x2c _build/nrf52810_xxaa/app_util_platform.c.o
                0x0001a5ac                app_util_critical_region_exit
 .text.nrf_atflags_set
                0x0001a5d8       0x12 _build/nrf52810_xxaa/nrf_atflags.c.o
                0x0001a5d8                nrf_atflags_set
 .text.nrf_atflags_clear
                0x0001a5ea       0x14 _build/nrf52810_xxaa/nrf_atflags.c.o
                0x0001a5ea                nrf_atflags_clear
 .text.nrf_atflags_get
                0x0001a5fe       0x12 _build/nrf52810_xxaa/nrf_atflags.c.o
                0x0001a5fe                nrf_atflags_get
 .text.nrf_atomic_u32_fetch_store
                0x0001a610       0x16 _build/nrf52810_xxaa/nrf_atomic.c.o
                0x0001a610                nrf_atomic_u32_fetch_store
 .text.nrf_atomic_u32_or
                0x0001a626       0x18 _build/nrf52810_xxaa/nrf_atomic.c.o
                0x0001a626                nrf_atomic_u32_or
 .text.nrf_atomic_u32_fetch_and
                0x0001a63e       0x18 _build/nrf52810_xxaa/nrf_atomic.c.o
                0x0001a63e                nrf_atomic_u32_fetch_and
 .text.nrf_atomic_u32_and
                0x0001a656       0x18 _build/nrf52810_xxaa/nrf_atomic.c.o
                0x0001a656                nrf_atomic_u32_and
 .text.nrf_atomic_u32_add
                0x0001a66e       0x18 _build/nrf52810_xxaa/nrf_atomic.c.o
                0x0001a66e                nrf_atomic_u32_add
 .text.nrf_atomic_u32_sub
                0x0001a686       0x18 _build/nrf52810_xxaa/nrf_atomic.c.o
                0x0001a686                nrf_atomic_u32_sub
 .text.nrf_atomic_flag_set
                0x0001a69e        0x6 _build/nrf52810_xxaa/nrf_atomic.c.o
                0x0001a69e                nrf_atomic_flag_set
 .text.nrf_atomic_flag_clear_fetch
                0x0001a6a4        0x6 _build/nrf52810_xxaa/nrf_atomic.c.o
                0x0001a6a4                nrf_atomic_flag_clear_fetch
 .text.nrf_balloc_init
                0x0001a6aa       0x2e _build/nrf52810_xxaa/nrf_balloc.c.o
                0x0001a6aa                nrf_balloc_init
 .text.nrf_balloc_alloc
                0x0001a6d8       0x4c _build/nrf52810_xxaa/nrf_balloc.c.o
                0x0001a6d8                nrf_balloc_alloc
 .text.nrf_balloc_free
                0x0001a724       0x34 _build/nrf52810_xxaa/nrf_balloc.c.o
                0x0001a724                nrf_balloc_free
 .text.nrf_fprintf_buffer_flush
                0x0001a758       0x16 _build/nrf52810_xxaa/nrf_fprintf.c.o
                0x0001a758                nrf_fprintf_buffer_flush
 .text.nrf_fprintf
                0x0001a76e       0x1c _build/nrf52810_xxaa/nrf_fprintf.c.o
                0x0001a76e                nrf_fprintf
 .text.buffer_add
                0x0001a78a       0x1e _build/nrf52810_xxaa/nrf_fprintf_format.c.o
 .text.unsigned_print
                0x0001a7a8       0xb4 _build/nrf52810_xxaa/nrf_fprintf_format.c.o
 .text.nrf_fprintf_fmt
                0x0001a85c      0x29c _build/nrf52810_xxaa/nrf_fprintf_format.c.o
                0x0001a85c                nrf_fprintf_fmt
 .text.nrf_memobj_pool_init
                0x0001aaf8        0x4 _build/nrf52810_xxaa/nrf_memobj.c.o
                0x0001aaf8                nrf_memobj_pool_init
 .text.nrf_memobj_free
                0x0001aafc       0x2c _build/nrf52810_xxaa/nrf_memobj.c.o
                0x0001aafc                nrf_memobj_free
 .text.nrf_memobj_alloc
                0x0001ab28       0x5e _build/nrf52810_xxaa/nrf_memobj.c.o
                0x0001ab28                nrf_memobj_alloc
 .text.nrf_memobj_get
                0x0001ab86        0x8 _build/nrf52810_xxaa/nrf_memobj.c.o
                0x0001ab86                nrf_memobj_get
 .text.nrf_memobj_put
                0x0001ab8e       0x1e _build/nrf52810_xxaa/nrf_memobj.c.o
                0x0001ab8e                nrf_memobj_put
 .text.nrf_memobj_write
                0x0001abac       0x52 _build/nrf52810_xxaa/nrf_memobj.c.o
                0x0001abac                nrf_memobj_write
 .text.nrf_memobj_read
                0x0001abfe       0x52 _build/nrf52810_xxaa/nrf_memobj.c.o
                0x0001abfe                nrf_memobj_read
 .text.sd_app_evt_wait
                0x0001ac50        0x4 _build/nrf52810_xxaa/nrf_pwr_mgmt.c.o
 .text.nrf_pwr_mgmt_init
                0x0001ac54       0x2c _build/nrf52810_xxaa/nrf_pwr_mgmt.c.o
                0x0001ac54                nrf_pwr_mgmt_init
 .text.nrf_pwr_mgmt_run
                0x0001ac80       0x18 _build/nrf52810_xxaa/nrf_pwr_mgmt.c.o
                0x0001ac80                nrf_pwr_mgmt_run
 .text.nrf_section_iter_init
                0x0001ac98       0x12 _build/nrf52810_xxaa/nrf_section_iter.c.o
                0x0001ac98                nrf_section_iter_init
 .text.nrf_section_iter_next
                0x0001acaa       0x18 _build/nrf52810_xxaa/nrf_section_iter.c.o
                0x0001acaa                nrf_section_iter_next
 *fill*         0x0001acc2        0x2 
 .text.nrf_strerror_find
                0x0001acc4       0x3c _build/nrf52810_xxaa/nrf_strerror.c.o
                0x0001acc4                nrf_strerror_find
 .text.nrf_strerror_get
                0x0001ad00       0x14 _build/nrf52810_xxaa/nrf_strerror.c.o
                0x0001ad00                nrf_strerror_get
 .text.errata_12
                0x0001ad14       0x40 _build/nrf52810_xxaa/system_nrf52810.c.o
 .text.errata_16
                0x0001ad54       0x34 _build/nrf52810_xxaa/system_nrf52810.c.o
 .text.SystemInit
                0x0001ad88      0x218 _build/nrf52810_xxaa/system_nrf52810.c.o
                0x0001ad88                SystemInit
 .text.bsp_board_led_on
                0x0001afa0       0x18 _build/nrf52810_xxaa/boards.c.o
                0x0001afa0                bsp_board_led_on
 .text.bsp_board_led_off
                0x0001afb8       0x18 _build/nrf52810_xxaa/boards.c.o
                0x0001afb8                bsp_board_led_off
 .text.bsp_board_leds_off
                0x0001afd0       0x1e _build/nrf52810_xxaa/boards.c.o
                0x0001afd0                bsp_board_leds_off
 .text.bsp_board_init
                0x0001afee       0x3e _build/nrf52810_xxaa/boards.c.o
                0x0001afee                bsp_board_init
 .text.clock_clk_started_notify
                0x0001b02c       0x24 _build/nrf52810_xxaa/nrf_drv_clock.c.o
 .text.clock_irq_handler
                0x0001b050       0x1c _build/nrf52810_xxaa/nrf_drv_clock.c.o
 .text.soc_evt_handler
                0x0001b06c       0x14 _build/nrf52810_xxaa/nrf_drv_clock.c.o
 .text.nrf_drv_clock_init
                0x0001b080       0x38 _build/nrf52810_xxaa/nrf_drv_clock.c.o
                0x0001b080                nrf_drv_clock_init
 .text.nrf_drv_clock_lfclk_release
                0x0001b0b8       0x34 _build/nrf52810_xxaa/nrf_drv_clock.c.o
                0x0001b0b8                nrf_drv_clock_lfclk_release
 .text.sd_state_evt_handler
                0x0001b0ec       0x58 _build/nrf52810_xxaa/nrf_drv_clock.c.o
 .text.uarte_evt_handler
                0x0001b144       0x34 _build/nrf52810_xxaa/nrf_drv_uart.c.o
 .text.nrf_drv_uart_init
                0x0001b178       0x50 _build/nrf52810_xxaa/nrf_drv_uart.c.o
                0x0001b178                nrf_drv_uart_init
 .text.nrf_clock_event_clear
                0x0001b1c8       0x14 _build/nrf52810_xxaa/nrfx_clock.c.o
 .text.nrfx_clock_init
                0x0001b1dc       0x18 _build/nrf52810_xxaa/nrfx_clock.c.o
                0x0001b1dc                nrfx_clock_init
 .text.nrfx_clock_enable
                0x0001b1f4       0x28 _build/nrf52810_xxaa/nrfx_clock.c.o
                0x0001b1f4                nrfx_clock_enable
 .text.nrfx_clock_lfclk_stop
                0x0001b21c       0x18 _build/nrf52810_xxaa/nrfx_clock.c.o
                0x0001b21c                nrfx_clock_lfclk_stop
 .text.POWER_CLOCK_IRQHandler
                0x0001b234       0x58 _build/nrf52810_xxaa/nrfx_clock.c.o
                0x0001b234                POWER_CLOCK_IRQHandler
 .text.nrf_gpiote_event_clear
                0x0001b28c       0x18 _build/nrf52810_xxaa/nrfx_gpiote.c.o
 .text.nrf_gpio_cfg_sense_set
                0x0001b2a4       0x20 _build/nrf52810_xxaa/nrfx_gpiote.c.o
 .text.channel_free
                0x0001b2c4       0x1c _build/nrf52810_xxaa/nrfx_gpiote.c.o
 .text.nrfx_gpiote_init
                0x0001b2e0       0x74 _build/nrf52810_xxaa/nrfx_gpiote.c.o
                0x0001b2e0                nrfx_gpiote_init
 .text.nrfx_gpiote_is_init
                0x0001b354       0x14 _build/nrf52810_xxaa/nrfx_gpiote.c.o
                0x0001b354                nrfx_gpiote_is_init
 .text.nrfx_gpiote_in_init
                0x0001b368       0xe8 _build/nrf52810_xxaa/nrfx_gpiote.c.o
                0x0001b368                nrfx_gpiote_in_init
 .text.nrfx_gpiote_in_event_enable
                0x0001b450       0x88 _build/nrf52810_xxaa/nrfx_gpiote.c.o
                0x0001b450                nrfx_gpiote_in_event_enable
 .text.nrfx_gpiote_in_event_disable
                0x0001b4d8       0x44 _build/nrf52810_xxaa/nrfx_gpiote.c.o
                0x0001b4d8                nrfx_gpiote_in_event_disable
 .text.nrfx_gpiote_in_is_set
                0x0001b51c       0x12 _build/nrf52810_xxaa/nrfx_gpiote.c.o
                0x0001b51c                nrfx_gpiote_in_is_set
 *fill*         0x0001b52e        0x2 
 .text.GPIOTE_IRQHandler
                0x0001b530      0x184 _build/nrf52810_xxaa/nrfx_gpiote.c.o
                0x0001b530                GPIOTE_IRQHandler
 .text.nrfx_prs_acquire
                0x0001b6b4        0x4 _build/nrf52810_xxaa/nrfx_prs.c.o
                0x0001b6b4                nrfx_prs_acquire
 .text.nrfx_prs_release
                0x0001b6b8        0x2 _build/nrf52810_xxaa/nrfx_prs.c.o
                0x0001b6b8                nrfx_prs_release
 .text.nrf_uarte_event_clear
                0x0001b6ba       0x10 _build/nrf52810_xxaa/nrfx_uarte.c.o
 *fill*         0x0001b6ca        0x2 
 .text.rx_done_event.constprop.0
                0x0001b6cc       0x24 _build/nrf52810_xxaa/nrfx_uarte.c.o
 .text.UARTE0_IRQHandler
                0x0001b6f0       0xe8 _build/nrf52810_xxaa/nrfx_uarte.c.o
                0x0001b6f0                UARTE0_IRQHandler
 .text.nrfx_uarte_init
                0x0001b7d8      0x19c _build/nrf52810_xxaa/nrfx_uarte.c.o
                0x0001b7d8                nrfx_uarte_init
 .text.nrfx_uarte_uninit
                0x0001b974       0xd0 _build/nrf52810_xxaa/nrfx_uarte.c.o
                0x0001b974                nrfx_uarte_uninit
 .text.nrfx_uarte_tx
                0x0001ba44       0x88 _build/nrf52810_xxaa/nrfx_uarte.c.o
                0x0001ba44                nrfx_uarte_tx
 .text.sd_ble_gap_adv_set_configure
                0x0001bacc        0x4 _build/nrf52810_xxaa/main.c.o
 .text.sd_ble_gap_adv_start
                0x0001bad0        0x4 _build/nrf52810_xxaa/main.c.o
 .text.sd_ble_gap_disconnect
                0x0001bad4        0x4 _build/nrf52810_xxaa/main.c.o
 .text.sd_ble_gap_ppcp_set
                0x0001bad8        0x4 _build/nrf52810_xxaa/main.c.o
 .text.sd_ble_gap_device_name_set
                0x0001badc        0x4 _build/nrf52810_xxaa/main.c.o
 .text.sd_ble_gap_sec_params_reply
                0x0001bae0        0x4 _build/nrf52810_xxaa/main.c.o
 .text.sd_ble_gap_phy_update
                0x0001bae4        0x4 _build/nrf52810_xxaa/main.c.o
 .text.sd_ble_gatts_sys_attr_set
                0x0001bae8        0x4 _build/nrf52810_xxaa/main.c.o
 .text.nrf_qwr_error_handler
                0x0001baec        0x4 _build/nrf52810_xxaa/main.c.o
 .text.advertising_start
                0x0001baf0       0x20 _build/nrf52810_xxaa/main.c.o
 .text.ble_evt_handler
                0x0001bb10       0xe0 _build/nrf52810_xxaa/main.c.o
 .text.on_conn_params_evt
                0x0001bbf0       0x20 _build/nrf52810_xxaa/main.c.o
 .text.button_event_handler
                0x0001bc10       0x54 _build/nrf52810_xxaa/main.c.o
 .text.led_write_handler
                0x0001bc64       0x38 _build/nrf52810_xxaa/main.c.o
 .text.conn_params_error_handler
                0x0001bc9c        0x4 _build/nrf52810_xxaa/main.c.o
 .text.startup.main
                0x0001bca0      0x20c _build/nrf52810_xxaa/main.c.o
                0x0001bca0                main
 .text._GetAvailWriteSpace
                0x0001beac       0x1c _build/nrf52810_xxaa/SEGGER_RTT.c.o
 .text._WriteNoCheck
                0x0001bec8       0x38 _build/nrf52810_xxaa/SEGGER_RTT.c.o
 .text._WriteBlocking
                0x0001bf00       0x52 _build/nrf52810_xxaa/SEGGER_RTT.c.o
 *fill*         0x0001bf52        0x2 
 .text._DoInit  0x0001bf54       0x60 _build/nrf52810_xxaa/SEGGER_RTT.c.o
 .text.SEGGER_RTT_WriteNoLock
                0x0001bfb4       0x68 _build/nrf52810_xxaa/SEGGER_RTT.c.o
                0x0001bfb4                SEGGER_RTT_WriteNoLock
 .text.SEGGER_RTT_Init
                0x0001c01c        0x4 _build/nrf52810_xxaa/SEGGER_RTT.c.o
                0x0001c01c                SEGGER_RTT_Init
 .text.sd_ble_gap_addr_get
                0x0001c020        0x4 _build/nrf52810_xxaa/ble_advdata.c.o
 .text.sd_ble_gap_appearance_get
                0x0001c024        0x4 _build/nrf52810_xxaa/ble_advdata.c.o
 .text.sd_ble_gap_device_name_get
                0x0001c028        0x4 _build/nrf52810_xxaa/ble_advdata.c.o
 .text.sd_ble_uuid_encode
                0x0001c02c        0x4 _build/nrf52810_xxaa/ble_advdata.c.o
 .text.uuid_list_sized_encode
                0x0001c030       0xac _build/nrf52810_xxaa/ble_advdata.c.o
 .text.uuid_list_encode
                0x0001c0dc       0x38 _build/nrf52810_xxaa/ble_advdata.c.o
 .text.ble_advdata_encode
                0x0001c114      0x380 _build/nrf52810_xxaa/ble_advdata.c.o
                0x0001c114                ble_advdata_encode
 .text.sd_ble_gap_conn_param_update
                0x0001c494        0x4 _build/nrf52810_xxaa/ble_conn_params.c.o
 .text.sd_ble_gap_disconnect
                0x0001c498        0x4 _build/nrf52810_xxaa/ble_conn_params.c.o
 .text.sd_ble_gap_ppcp_set
                0x0001c49c        0x4 _build/nrf52810_xxaa/ble_conn_params.c.o
 .text.sd_ble_gap_ppcp_get
                0x0001c4a0        0x4 _build/nrf52810_xxaa/ble_conn_params.c.o
 .text.instance_get
                0x0001c4a4       0x14 _build/nrf52810_xxaa/ble_conn_params.c.o
 .text.send_error_evt
                0x0001c4b8       0x10 _build/nrf52810_xxaa/ble_conn_params.c.o
 .text.update_timeout_handler
                0x0001c4c8       0x6c _build/nrf52810_xxaa/ble_conn_params.c.o
 .text.conn_params_negotiation
                0x0001c534       0x48 _build/nrf52810_xxaa/ble_conn_params.c.o
 .text.is_conn_params_ok.constprop.0
                0x0001c57c       0x34 _build/nrf52810_xxaa/ble_conn_params.c.o
 .text.ble_evt_handler
                0x0001c5b0       0xe0 _build/nrf52810_xxaa/ble_conn_params.c.o
 .text.ble_conn_params_init
                0x0001c690       0x74 _build/nrf52810_xxaa/ble_conn_params.c.o
                0x0001c690                ble_conn_params_init
 .text.conn_handle_list_get
                0x0001c704       0x2e _build/nrf52810_xxaa/ble_conn_state.c.o
                0x0001c704                conn_handle_list_get
 *fill*         0x0001c732        0x2 
 .text.ble_evt_handler
                0x0001c734       0xd4 _build/nrf52810_xxaa/ble_conn_state.c.o
 .text.ble_srv_is_notification_enabled
                0x0001c808        0x8 _build/nrf52810_xxaa/ble_srv_common.c.o
                0x0001c808                ble_srv_is_notification_enabled
 .text.sd_ble_gattc_exchange_mtu_request
                0x0001c810        0x4 _build/nrf52810_xxaa/nrf_ble_gatt.c.o
 .text.sd_ble_gatts_exchange_mtu_reply
                0x0001c814        0x4 _build/nrf52810_xxaa/nrf_ble_gatt.c.o
 .text.nrf_ble_gatt_init
                0x0001c818       0x1c _build/nrf52810_xxaa/nrf_ble_gatt.c.o
                0x0001c818                nrf_ble_gatt_init
 .text.nrf_ble_gatt_on_ble_evt
                0x0001c834      0x130 _build/nrf52810_xxaa/nrf_ble_gatt.c.o
                0x0001c834                nrf_ble_gatt_on_ble_evt
 .text.sd_ble_gatts_rw_authorize_reply
                0x0001c964        0x4 _build/nrf52810_xxaa/nrf_ble_qwr.c.o
 .text.sd_ble_user_mem_reply
                0x0001c968        0x4 _build/nrf52810_xxaa/nrf_ble_qwr.c.o
 .text.user_mem_reply.part.0
                0x0001c96c       0x24 _build/nrf52810_xxaa/nrf_ble_qwr.c.o
 .text.nrf_ble_qwr_init
                0x0001c990       0x24 _build/nrf52810_xxaa/nrf_ble_qwr.c.o
                0x0001c990                nrf_ble_qwr_init
 .text.nrf_ble_qwr_conn_handle_assign
                0x0001c9b4       0x16 _build/nrf52810_xxaa/nrf_ble_qwr.c.o
                0x0001c9b4                nrf_ble_qwr_conn_handle_assign
 .text.nrf_ble_qwr_on_ble_evt
                0x0001c9ca       0xa0 _build/nrf52810_xxaa/nrf_ble_qwr.c.o
                0x0001c9ca                nrf_ble_qwr_on_ble_evt
 .text.sd_ble_gatts_service_add
                0x0001ca6a        0x4 _build/nrf52810_xxaa/ble_lbs.c.o
 .text.sd_ble_gatts_characteristic_add
                0x0001ca6e        0x4 _build/nrf52810_xxaa/ble_lbs.c.o
 .text.sd_ble_gatts_hvx
                0x0001ca72        0x4 _build/nrf52810_xxaa/ble_lbs.c.o
 .text.sd_ble_uuid_vs_add
                0x0001ca76        0x4 _build/nrf52810_xxaa/ble_lbs.c.o
 .text.ble_lbs_on_ble_evt
                0x0001ca7a       0x26 _build/nrf52810_xxaa/ble_lbs.c.o
                0x0001ca7a                ble_lbs_on_ble_evt
 .text.ble_lbs_init
                0x0001caa0      0x180 _build/nrf52810_xxaa/ble_lbs.c.o
                0x0001caa0                ble_lbs_init
 .text.ble_lbs_on_button_change
                0x0001cc20       0x40 _build/nrf52810_xxaa/ble_lbs.c.o
                0x0001cc20                ble_lbs_on_button_change
 .text.sd_softdevice_enable
                0x0001cc60        0x4 _build/nrf52810_xxaa/nrf_sdh.c.o
 .text.sdh_request_observer_notify
                0x0001cc64       0x30 _build/nrf52810_xxaa/nrf_sdh.c.o
 .text.sdh_state_observer_notify
                0x0001cc94       0x28 _build/nrf52810_xxaa/nrf_sdh.c.o
 .text.softdevices_evt_irq_enable
                0x0001ccbc       0x3c _build/nrf52810_xxaa/nrf_sdh.c.o
 .text.nrf_sdh_enable_request
                0x0001ccf8       0x8c _build/nrf52810_xxaa/nrf_sdh.c.o
                0x0001ccf8                nrf_sdh_enable_request
 .text.nrf_sdh_is_enabled
                0x0001cd84        0xc _build/nrf52810_xxaa/nrf_sdh.c.o
                0x0001cd84                nrf_sdh_is_enabled
 .text.nrf_sdh_evts_poll
                0x0001cd90       0x28 _build/nrf52810_xxaa/nrf_sdh.c.o
                0x0001cd90                nrf_sdh_evts_poll
 .text.SWI2_IRQHandler
                0x0001cdb8        0x4 _build/nrf52810_xxaa/nrf_sdh.c.o
                0x0001cdb8                SWI2_IRQHandler
 .text.sd_ble_enable
                0x0001cdbc        0x4 _build/nrf52810_xxaa/nrf_sdh_ble.c.o
 .text.sd_ble_cfg_set
                0x0001cdc0        0x4 _build/nrf52810_xxaa/nrf_sdh_ble.c.o
 .text.sd_ble_evt_get
                0x0001cdc4        0x4 _build/nrf52810_xxaa/nrf_sdh_ble.c.o
 .text.nrf_sdh_ble_evts_poll
                0x0001cdc8       0x50 _build/nrf52810_xxaa/nrf_sdh_ble.c.o
 .text.nrf_sdh_ble_default_cfg_set
                0x0001ce18      0x150 _build/nrf52810_xxaa/nrf_sdh_ble.c.o
                0x0001ce18                nrf_sdh_ble_default_cfg_set
 .text.nrf_sdh_ble_enable
                0x0001cf68       0x94 _build/nrf52810_xxaa/nrf_sdh_ble.c.o
                0x0001cf68                nrf_sdh_ble_enable
 .text.sd_evt_get
                0x0001cffc        0x4 _build/nrf52810_xxaa/nrf_sdh_soc.c.o
 .text.nrf_sdh_soc_evts_poll
                0x0001d000       0x3c _build/nrf52810_xxaa/nrf_sdh_soc.c.o
 .text.exit     0x0001d03c       0x28 c:/program files (x86)/gnu tools arm embedded/9 2019-q4-major/bin/../lib/gcc/arm-none-eabi/9.2.1/../../../../arm-none-eabi/lib/thumb/v7e-m/nofp\libc_nano.a(lib_a-exit.o)
                0x0001d03c                exit
 .text.__libc_init_array
                0x0001d064       0x48 c:/program files (x86)/gnu tools arm embedded/9 2019-q4-major/bin/../lib/gcc/arm-none-eabi/9.2.1/../../../../arm-none-eabi/lib/thumb/v7e-m/nofp\libc_nano.a(lib_a-init.o)
                0x0001d064                __libc_init_array
 .text.memcpy   0x0001d0ac       0x1c c:/program files (x86)/gnu tools arm embedded/9 2019-q4-major/bin/../lib/gcc/arm-none-eabi/9.2.1/../../../../arm-none-eabi/lib/thumb/v7e-m/nofp\libc_nano.a(lib_a-memcpy-stub.o)
                0x0001d0ac                memcpy
 .text.memset   0x0001d0c8       0x10 c:/program files (x86)/gnu tools arm embedded/9 2019-q4-major/bin/../lib/gcc/arm-none-eabi/9.2.1/../../../../arm-none-eabi/lib/thumb/v7e-m/nofp\libc_nano.a(lib_a-memset.o)
                0x0001d0c8                memset
 .text.strcpy   0x0001d0d8       0x10 c:/program files (x86)/gnu tools arm embedded/9 2019-q4-major/bin/../lib/gcc/arm-none-eabi/9.2.1/../../../../arm-none-eabi/lib/thumb/v7e-m/nofp\libc_nano.a(lib_a-strcpy.o)
                0x0001d0d8                strcpy
 .text          0x0001d0e8       0x10 c:/program files (x86)/gnu tools arm embedded/9 2019-q4-major/bin/../lib/gcc/arm-none-eabi/9.2.1/../../../../arm-none-eabi/lib/thumb/v7e-m/nofp\libc_nano.a(lib_a-strlen.o)
                0x0001d0e8                strlen
 .text._exit    0x0001d0f8        0x4 c:/program files (x86)/gnu tools arm embedded/9 2019-q4-major/bin/../lib/gcc/arm-none-eabi/9.2.1/../../../../arm-none-eabi/lib/thumb/v7e-m/nofp\libnosys.a(_exit.o)
                0x0001d0f8                _exit
 *(.init)
 .init          0x0001d0fc        0x4 c:/program files (x86)/gnu tools arm embedded/9 2019-q4-major/bin/../lib/gcc/arm-none-eabi/9.2.1/thumb/v7e-m/nofp/crti.o
                0x0001d0fc                _init
 .init          0x0001d100        0x8 c:/program files (x86)/gnu tools arm embedded/9 2019-q4-major/bin/../lib/gcc/arm-none-eabi/9.2.1/thumb/v7e-m/nofp/crtn.o
 *(.fini)
 .fini          0x0001d108        0x4 c:/program files (x86)/gnu tools arm embedded/9 2019-q4-major/bin/../lib/gcc/arm-none-eabi/9.2.1/thumb/v7e-m/nofp/crti.o
                0x0001d108                _fini
 .fini          0x0001d10c        0x8 c:/program files (x86)/gnu tools arm embedded/9 2019-q4-major/bin/../lib/gcc/arm-none-eabi/9.2.1/thumb/v7e-m/nofp/crtn.o
 *crtbegin.o(.ctors)
 *crtbegin?.o(.ctors)
 *(EXCLUDE_FILE(*crtend.o *crtend?.o) .ctors)
 *(SORT_BY_NAME(.ctors.*))
 *(.ctors)
 *crtbegin.o(.dtors)
 *crtbegin?.o(.dtors)
 *(EXCLUDE_FILE(*crtend.o *crtend?.o) .dtors)
 *(SORT_BY_NAME(.dtors.*))
 *(.dtors)
 *(.rodata*)
 .rodata.delay_bytecode.7377
                0x0001d114        0x6 _build/nrf52810_xxaa/nrf_log_backend_rtt.c.o
 *fill*         0x0001d11a        0x2 
 .rodata.nrf_log_backend_rtt_api
                0x0001d11c        0xc _build/nrf52810_xxaa/nrf_log_backend_rtt.c.o
                0x0001d11c                nrf_log_backend_rtt_api
 .rodata        0x0001d128       0x20 _build/nrf52810_xxaa/nrf_log_backend_uart.c.o
 .rodata.nrf_log_backend_uart_api
                0x0001d148        0xc _build/nrf52810_xxaa/nrf_log_backend_uart.c.o
                0x0001d148                nrf_log_backend_uart_api
 .rodata.nrf_log_frontend_dequeue.str1.1
                0x0001d154       0x11 _build/nrf52810_xxaa/nrf_log_frontend.c.o
 .rodata.str1.1
                0x0001d165       0x17 _build/nrf52810_xxaa/nrf_log_frontend.c.o
 .rodata.postfix_process.str1.1
                0x0001d17c        0x8 _build/nrf52810_xxaa/nrf_log_str_formatter.c.o
                                  0xb (size before relaxing)
 .rodata.prefix_process.str1.1
                0x0001d184       0x2a _build/nrf52810_xxaa/nrf_log_str_formatter.c.o
 .rodata.nrf_log_hexdump_entry_process.str1.1
                0x0001d1ae        0xf _build/nrf52810_xxaa/nrf_log_str_formatter.c.o
                                 0x11 (size before relaxing)
 .rodata.str1.1
                0x0001d1bd       0x4b _build/nrf52810_xxaa/nrf_log_str_formatter.c.o
                                 0x51 (size before relaxing)
 .rodata.m_colors
                0x0001d208       0x24 _build/nrf52810_xxaa/nrf_log_str_formatter.c.o
 .rodata.severity_names
                0x0001d22c       0x14 _build/nrf52810_xxaa/nrf_log_str_formatter.c.o
 .rodata.m_detection_delay_timer_id
                0x0001d240        0x4 _build/nrf52810_xxaa/app_button.c.o
 .rodata.app_error_fault_handler.str1.1
                0x0001d244       0x19 _build/nrf52810_xxaa/app_error_weak.c.o
 *fill*         0x0001d25d        0x1 
 .rodata.delay_bytecode.7106
                0x0001d25e        0x6 _build/nrf52810_xxaa/app_timer.c.o
 .rodata._aV2C.5808
                0x0001d264       0x10 _build/nrf52810_xxaa/nrf_fprintf_format.c.o
 .rodata.str1.1
                0x0001d274        0x9 _build/nrf52810_xxaa/nrf_pwr_mgmt.c.o
 *fill*         0x0001d27d        0x3 
 .rodata.pwr_mgmt_data
                0x0001d280        0xc _build/nrf52810_xxaa/nrf_pwr_mgmt.c.o
 .rodata.str1.1
                0x0001d28c      0x3ba _build/nrf52810_xxaa/nrf_strerror.c.o
 .rodata.m_unknown_str
                0x0001d646       0x13 _build/nrf52810_xxaa/nrf_strerror.c.o
 *fill*         0x0001d659        0x3 
 .rodata.nrf_strerror_array
                0x0001d65c      0x128 _build/nrf52810_xxaa/nrf_strerror.c.o
 .rodata.m_board_led_list
                0x0001d784        0x4 _build/nrf52810_xxaa/boards.c.o
 .rodata.str1.1
                0x0001d788        0x6 _build/nrf52810_xxaa/nrf_drv_clock.c.o
 .rodata.str1.1
                0x0001d78e        0x6 _build/nrf52810_xxaa/nrfx_clock.c.o
 .rodata.str1.1
                0x0001d794        0x7 _build/nrf52810_xxaa/nrfx_gpiote.c.o
 .rodata.str1.1
                0x0001d79b        0x4 _build/nrf52810_xxaa/nrfx_prs.c.o
 .rodata.str1.1
                0x0001d79f        0x6 _build/nrf52810_xxaa/nrfx_uarte.c.o
 .rodata.ble_evt_handler.str1.1
                0x0001d7a5       0x17 _build/nrf52810_xxaa/main.c.o
 .rodata.button_event_handler.str1.1
                0x0001d7bc       0x1a _build/nrf52810_xxaa/main.c.o
 .rodata.led_write_handler.str1.1
                0x0001d7d6       0x23 _build/nrf52810_xxaa/main.c.o
 .rodata.main.str1.1
                0x0001d7f9       0x26 _build/nrf52810_xxaa/main.c.o
 .rodata._DoInit.str1.1
                0x0001d81f       0x14 _build/nrf52810_xxaa/SEGGER_RTT.c.o
 .rodata.nrf_ble_gatt_on_ble_evt.str1.1
                0x0001d833       0x60 _build/nrf52810_xxaa/nrf_ble_gatt.c.o
 .rodata.str1.1
                0x0001d893        0xd _build/nrf52810_xxaa/nrf_ble_gatt.c.o
 .rodata        0x0001d8a0       0x10 _build/nrf52810_xxaa/ble_lbs.c.o
 .rodata.str1.1
                0x0001d8b0        0x8 _build/nrf52810_xxaa/nrf_sdh.c.o
 .rodata        0x0001d8b8        0x4 _build/nrf52810_xxaa/nrf_sdh.c.o
 .rodata.sdh_req_observers
                0x0001d8bc        0xc _build/nrf52810_xxaa/nrf_sdh.c.o
 .rodata.sdh_stack_observers
                0x0001d8c8        0xc _build/nrf52810_xxaa/nrf_sdh.c.o
 .rodata.sdh_state_observers
                0x0001d8d4        0xc _build/nrf52810_xxaa/nrf_sdh.c.o
 .rodata.nrf_sdh_ble_default_cfg_set.str1.1
                0x0001d8e0      0x182 _build/nrf52810_xxaa/nrf_sdh_ble.c.o
 .rodata.nrf_sdh_ble_enable.str1.1
                0x0001da62       0xa7 _build/nrf52810_xxaa/nrf_sdh_ble.c.o
 .rodata.str1.1
                0x0001db09        0xc _build/nrf52810_xxaa/nrf_sdh_ble.c.o
 *fill*         0x0001db15        0x3 
 .rodata.sdh_ble_observers
                0x0001db18        0xc _build/nrf52810_xxaa/nrf_sdh_ble.c.o
 .rodata.str1.1
                0x0001db24        0xc _build/nrf52810_xxaa/nrf_sdh_soc.c.o
 .rodata.sdh_soc_observers
                0x0001db30        0xc _build/nrf52810_xxaa/nrf_sdh_soc.c.o
 .rodata._ctype_
                0x0001db3c      0x101 c:/program files (x86)/gnu tools arm embedded/9 2019-q4-major/bin/../lib/gcc/arm-none-eabi/9.2.1/../../../../arm-none-eabi/lib/thumb/v7e-m/nofp\libc_nano.a(lib_a-ctype_.o)
                0x0001db3c                _ctype_
 *fill*         0x0001dc3d        0x3 
 .rodata._global_impure_ptr
                0x0001dc40        0x4 c:/program files (x86)/gnu tools arm embedded/9 2019-q4-major/bin/../lib/gcc/arm-none-eabi/9.2.1/../../../../arm-none-eabi/lib/thumb/v7e-m/nofp\libc_nano.a(lib_a-impure.o)
                0x0001dc40                _global_impure_ptr
 *(.eh_frame*)
 .eh_frame      0x0001dc44        0x0 c:/program files (x86)/gnu tools arm embedded/9 2019-q4-major/bin/../lib/gcc/arm-none-eabi/9.2.1/thumb/v7e-m/nofp/crtbegin.o
 .eh_frame      0x0001dc44        0x4 c:/program files (x86)/gnu tools arm embedded/9 2019-q4-major/bin/../lib/gcc/arm-none-eabi/9.2.1/thumb/v7e-m/nofp/crtend.o

.glue_7         0x0001dc48        0x0
 .glue_7        0x0001dc48        0x0 linker stubs

.glue_7t        0x0001dc48        0x0
 .glue_7t       0x0001dc48        0x0 linker stubs

.vfp11_veneer   0x0001dc48        0x0
 .vfp11_veneer  0x0001dc48        0x0 linker stubs

.v4_bx          0x0001dc48        0x0
 .v4_bx         0x0001dc48        0x0 linker stubs

.iplt           0x0001dc48        0x0
 .iplt          0x0001dc48        0x0 c:/program files (x86)/gnu tools arm embedded/9 2019-q4-major/bin/../lib/gcc/arm-none-eabi/9.2.1/thumb/v7e-m/nofp/crtbegin.o

.mem_section_dummy_rom

.sdh_soc_observers
                0x0001dc48        0x8
                0x0001dc48                PROVIDE (__start_sdh_soc_observers = .)
 *(SORT_BY_NAME(.sdh_soc_observers*))
 .sdh_soc_observers0
                0x0001dc48        0x8 _build/nrf52810_xxaa/nrf_drv_clock.c.o
                0x0001dc50                PROVIDE (__stop_sdh_soc_observers = .)

.pwr_mgmt_data  0x0001dc50        0x0
                0x0001dc50                PROVIDE (__start_pwr_mgmt_data = .)
 *(SORT_BY_NAME(.pwr_mgmt_data*))
                0x0001dc50                PROVIDE (__stop_pwr_mgmt_data = .)

.sdh_ble_observers
                0x0001dc50       0x30
                0x0001dc50                PROVIDE (__start_sdh_ble_observers = .)
 *(SORT_BY_NAME(.sdh_ble_observers*))
 .sdh_ble_observers0
                0x0001dc50        0x8 _build/nrf52810_xxaa/ble_conn_state.c.o
 .sdh_ble_observers1
                0x0001dc58        0x8 _build/nrf52810_xxaa/main.c.o
 .sdh_ble_observers1
                0x0001dc60        0x8 _build/nrf52810_xxaa/ble_conn_params.c.o
 .sdh_ble_observers2
                0x0001dc68       0x10 _build/nrf52810_xxaa/main.c.o
 .sdh_ble_observers3
                0x0001dc78        0x8 _build/nrf52810_xxaa/main.c.o
                0x0001dc80                PROVIDE (__stop_sdh_ble_observers = .)

.log_const_data
                0x0001dc80       0x60
                0x0001dc80                PROVIDE (__start_log_const_data = .)
 *(SORT_BY_NAME(.log_const_data*))
 .log_const_data_CLOCK
                0x0001dc80        0x8 _build/nrf52810_xxaa/nrfx_clock.c.o
                0x0001dc80                m_nrf_log_CLOCK_logs_data_const
 .log_const_data_GPIOTE
                0x0001dc88        0x8 _build/nrf52810_xxaa/nrfx_gpiote.c.o
                0x0001dc88                m_nrf_log_GPIOTE_logs_data_const
 .log_const_data_PRS
                0x0001dc90        0x8 _build/nrf52810_xxaa/nrfx_prs.c.o
                0x0001dc90                m_nrf_log_PRS_logs_data_const
 .log_const_data_UARTE
                0x0001dc98        0x8 _build/nrf52810_xxaa/nrfx_uarte.c.o
                0x0001dc98                m_nrf_log_UARTE_logs_data_const
 .log_const_data_app
                0x0001dca0        0x8 _build/nrf52810_xxaa/nrf_log_frontend.c.o
                0x0001dca0                m_nrf_log_app_logs_data_const
 .log_const_data_balloc_log_mempool
                0x0001dca8        0x8 _build/nrf52810_xxaa/nrf_log_frontend.c.o
                0x0001dca8                m_nrf_log_balloc_log_mempool_logs_data_const
 .log_const_data_clock
                0x0001dcb0        0x8 _build/nrf52810_xxaa/nrf_drv_clock.c.o
                0x0001dcb0                m_nrf_log_clock_logs_data_const
 .log_const_data_nrf_ble_gatt
                0x0001dcb8        0x8 _build/nrf52810_xxaa/nrf_ble_gatt.c.o
                0x0001dcb8                m_nrf_log_nrf_ble_gatt_logs_data_const
 .log_const_data_nrf_sdh
                0x0001dcc0        0x8 _build/nrf52810_xxaa/nrf_sdh.c.o
                0x0001dcc0                m_nrf_log_nrf_sdh_logs_data_const
 .log_const_data_nrf_sdh_ble
                0x0001dcc8        0x8 _build/nrf52810_xxaa/nrf_sdh_ble.c.o
                0x0001dcc8                m_nrf_log_nrf_sdh_ble_logs_data_const
 .log_const_data_nrf_sdh_soc
                0x0001dcd0        0x8 _build/nrf52810_xxaa/nrf_sdh_soc.c.o
                0x0001dcd0                m_nrf_log_nrf_sdh_soc_logs_data_const
 .log_const_data_pwr_mgmt
                0x0001dcd8        0x8 _build/nrf52810_xxaa/nrf_pwr_mgmt.c.o
                0x0001dcd8                m_nrf_log_pwr_mgmt_logs_data_const
                0x0001dce0                PROVIDE (__stop_log_const_data = .)

.nrf_balloc     0x0001dce0       0x18
                [!provide]                PROVIDE (__start_nrf_balloc = .)
 *(.nrf_balloc)
 .nrf_balloc    0x0001dce0       0x18 _build/nrf52810_xxaa/nrf_log_frontend.c.o
                0x0001dce0                log_mempool
                [!provide]                PROVIDE (__stop_nrf_balloc = .)

.sdh_state_observers
                0x0001dcf8        0x8
                0x0001dcf8                PROVIDE (__start_sdh_state_observers = .)
 *(SORT_BY_NAME(.sdh_state_observers*))
 .sdh_state_observers0
                0x0001dcf8        0x8 _build/nrf52810_xxaa/nrf_drv_clock.c.o
                0x0001dd00                PROVIDE (__stop_sdh_state_observers = .)

.sdh_stack_observers
                0x0001dd00       0x10
                0x0001dd00                PROVIDE (__start_sdh_stack_observers = .)
 *(SORT_BY_NAME(.sdh_stack_observers*))
 .sdh_stack_observers0
                0x0001dd00        0x8 _build/nrf52810_xxaa/nrf_sdh_ble.c.o
 .sdh_stack_observers0
                0x0001dd08        0x8 _build/nrf52810_xxaa/nrf_sdh_soc.c.o
                0x0001dd10                PROVIDE (__stop_sdh_stack_observers = .)

.sdh_req_observers
                0x0001dd10        0x0
                0x0001dd10                PROVIDE (__start_sdh_req_observers = .)
 *(SORT_BY_NAME(.sdh_req_observers*))
                0x0001dd10                PROVIDE (__stop_sdh_req_observers = .)

.nrf_queue      0x0001dd10        0x0
                [!provide]                PROVIDE (__start_nrf_queue = .)
 *(.nrf_queue)
                [!provide]                PROVIDE (__stop_nrf_queue = .)

.cli_command    0x0001dd10        0x0
                [!provide]                PROVIDE (__start_cli_command = .)
 *(.cli_command)
                [!provide]                PROVIDE (__stop_cli_command = .)

.crypto_data    0x0001dd10        0x0
                [!provide]                PROVIDE (__start_crypto_data = .)
 *(SORT_BY_NAME(.crypto_data*))
                [!provide]                PROVIDE (__stop_crypto_data = .)

.ARM.extab
 *(.ARM.extab* .gnu.linkonce.armextab.*)
                0x0001dd10                __exidx_start = .

.ARM.exidx      0x0001dd10        0x8
 *(.ARM.exidx* .gnu.linkonce.armexidx.*)
 .ARM.exidx     0x0001dd10        0x8 c:/program files (x86)/gnu tools arm embedded/9 2019-q4-major/bin/../lib/gcc/arm-none-eabi/9.2.1/../../../../arm-none-eabi/lib/thumb/v7e-m/nofp/crt0.o
                0x0001dd18                __exidx_end = .
                0x0001dd18                __etext = .

.rel.dyn        0x0001dd18        0x0
 .rel.iplt      0x0001dd18        0x0 c:/program files (x86)/gnu tools arm embedded/9 2019-q4-major/bin/../lib/gcc/arm-none-eabi/9.2.1/thumb/v7e-m/nofp/crtbegin.o

.data           0x20001c18       0xac load address 0x0001dd18
                0x20001c18                __data_start__ = .
 *(vtable)
 *(.data*)
 .data.m_uart   0x20001c18        0xc _build/nrf52810_xxaa/nrf_log_backend_uart.c.o
                0x20001c18                m_uart
 .data.rtt_log_backend
                0x20001c24        0xc _build/nrf52810_xxaa/nrf_log_default_backends.c.o
 .data.uart_log_backend
                0x20001c30        0xc _build/nrf52810_xxaa/nrf_log_default_backends.c.o
 .data.SystemCoreClock
                0x20001c3c        0x4 _build/nrf52810_xxaa/system_nrf52810.c.o
                0x20001c3c                SystemCoreClock
 .data.buttons.9301
                0x20001c40        0x8 _build/nrf52810_xxaa/main.c.o
 .data.m_adv_data
                0x20001c48       0x10 _build/nrf52810_xxaa/main.c.o
 .data.m_adv_handle
                0x20001c58        0x1 _build/nrf52810_xxaa/main.c.o
 *fill*         0x20001c59        0x1 
 .data.m_conn_handle
                0x20001c5a        0x2 _build/nrf52810_xxaa/main.c.o
 .data.impure_data
                0x20001c5c       0x60 c:/program files (x86)/gnu tools arm embedded/9 2019-q4-major/bin/../lib/gcc/arm-none-eabi/9.2.1/../../../../arm-none-eabi/lib/thumb/v7e-m/nofp\libc_nano.a(lib_a-impure.o)
                0x20001cbc                . = ALIGN (0x4)
                0x20001cbc                PROVIDE (__preinit_array_start = .)
 *(.preinit_array)
                0x20001cbc                PROVIDE (__preinit_array_end = .)
                0x20001cbc                . = ALIGN (0x4)
                0x20001cbc                PROVIDE (__init_array_start = .)
 *(SORT_BY_NAME(.init_array.*))
 *(.init_array)
 .init_array    0x20001cbc        0x4 c:/program files (x86)/gnu tools arm embedded/9 2019-q4-major/bin/../lib/gcc/arm-none-eabi/9.2.1/thumb/v7e-m/nofp/crtbegin.o
                0x20001cc0                PROVIDE (__init_array_end = .)
                0x20001cc0                . = ALIGN (0x4)
                [!provide]                PROVIDE (__fini_array_start = .)
 *(SORT_BY_NAME(.fini_array.*))
 *(.fini_array)
 .fini_array    0x20001cc0        0x4 c:/program files (x86)/gnu tools arm embedded/9 2019-q4-major/bin/../lib/gcc/arm-none-eabi/9.2.1/thumb/v7e-m/nofp/crtbegin.o
                [!provide]                PROVIDE (__fini_array_end = .)
 *(.jcr*)
                0x20001cc4                . = ALIGN (0x4)
                0x20001cc4                __data_end__ = .
LOAD c:/program files (x86)/gnu tools arm embedded/9 2019-q4-major/bin/../lib/gcc/arm-none-eabi/9.2.1/thumb/v7e-m/nofp/crti.o
LOAD c:/program files (x86)/gnu tools arm embedded/9 2019-q4-major/bin/../lib/gcc/arm-none-eabi/9.2.1/thumb/v7e-m/nofp/crtbegin.o
LOAD c:/program files (x86)/gnu tools arm embedded/9 2019-q4-major/bin/../lib/gcc/arm-none-eabi/9.2.1/../../../../arm-none-eabi/lib/thumb/v7e-m/nofp/crt0.o
LOAD _build/nrf52810_xxaa/gcc_startup_nrf52810.S.o
LOAD _build/nrf52810_xxaa/nrf_log_backend_rtt.c.o
LOAD _build/nrf52810_xxaa/nrf_log_backend_serial.c.o
LOAD _build/nrf52810_xxaa/nrf_log_backend_uart.c.o
LOAD _build/nrf52810_xxaa/nrf_log_default_backends.c.o
LOAD _build/nrf52810_xxaa/nrf_log_frontend.c.o
LOAD _build/nrf52810_xxaa/nrf_log_str_formatter.c.o
LOAD _build/nrf52810_xxaa/app_button.c.o
LOAD _build/nrf52810_xxaa/app_error.c.o
LOAD _build/nrf52810_xxaa/app_error_handler_gcc.c.o
LOAD _build/nrf52810_xxaa/app_error_weak.c.o
LOAD _build/nrf52810_xxaa/app_scheduler.c.o
LOAD _build/nrf52810_xxaa/app_timer.c.o
LOAD _build/nrf52810_xxaa/app_util_platform.c.o
LOAD _build/nrf52810_xxaa/hardfault_implementation.c.o
LOAD _build/nrf52810_xxaa/nrf_assert.c.o
LOAD _build/nrf52810_xxaa/nrf_atfifo.c.o
LOAD _build/nrf52810_xxaa/nrf_atflags.c.o
LOAD _build/nrf52810_xxaa/nrf_atomic.c.o
LOAD _build/nrf52810_xxaa/nrf_balloc.c.o
LOAD _build/nrf52810_xxaa/nrf_fprintf.c.o
LOAD _build/nrf52810_xxaa/nrf_fprintf_format.c.o
LOAD _build/nrf52810_xxaa/nrf_memobj.c.o
LOAD _build/nrf52810_xxaa/nrf_pwr_mgmt.c.o
LOAD _build/nrf52810_xxaa/nrf_section_iter.c.o
LOAD _build/nrf52810_xxaa/nrf_strerror.c.o
LOAD _build/nrf52810_xxaa/system_nrf52810.c.o
LOAD _build/nrf52810_xxaa/boards.c.o
LOAD _build/nrf52810_xxaa/nrf_drv_clock.c.o
LOAD _build/nrf52810_xxaa/nrf_drv_uart.c.o
LOAD _build/nrf52810_xxaa/nrfx_clock.c.o
LOAD _build/nrf52810_xxaa/nrfx_gpiote.c.o
LOAD _build/nrf52810_xxaa/nrfx_power_clock.c.o
LOAD _build/nrf52810_xxaa/nrfx_prs.c.o
LOAD _build/nrf52810_xxaa/nrfx_uarte.c.o
LOAD _build/nrf52810_xxaa/main.c.o
LOAD _build/nrf52810_xxaa/SEGGER_RTT.c.o
LOAD _build/nrf52810_xxaa/SEGGER_RTT_Syscalls_GCC.c.o
LOAD _build/nrf52810_xxaa/SEGGER_RTT_printf.c.o
LOAD _build/nrf52810_xxaa/ble_advdata.c.o
LOAD _build/nrf52810_xxaa/ble_conn_params.c.o
LOAD _build/nrf52810_xxaa/ble_conn_state.c.o
LOAD _build/nrf52810_xxaa/ble_srv_common.c.o
LOAD _build/nrf52810_xxaa/nrf_ble_gatt.c.o
LOAD _build/nrf52810_xxaa/nrf_ble_qwr.c.o
LOAD _build/nrf52810_xxaa/ble_lbs.c.o
LOAD _build/nrf52810_xxaa/nrf_sdh.c.o
LOAD _build/nrf52810_xxaa/nrf_sdh_ble.c.o
LOAD _build/nrf52810_xxaa/nrf_sdh_soc.c.o
LOAD c:/program files (x86)/gnu tools arm embedded/9 2019-q4-major/bin/../lib/gcc/arm-none-eabi/9.2.1/../../../../arm-none-eabi/lib/thumb/v7e-m/nofp\libc_nano.a
LOAD c:/program files (x86)/gnu tools arm embedded/9 2019-q4-major/bin/../lib/gcc/arm-none-eabi/9.2.1/../../../../arm-none-eabi/lib/thumb/v7e-m/nofp\libnosys.a
LOAD c:/program files (x86)/gnu tools arm embedded/9 2019-q4-major/bin/../lib/gcc/arm-none-eabi/9.2.1/../../../../arm-none-eabi/lib/thumb/v7e-m/nofp\libm.a
START GROUP
LOAD c:/program files (x86)/gnu tools arm embedded/9 2019-q4-major/bin/../lib/gcc/arm-none-eabi/9.2.1/thumb/v7e-m/nofp\libgcc.a
LOAD c:/program files (x86)/gnu tools arm embedded/9 2019-q4-major/bin/../lib/gcc/arm-none-eabi/9.2.1/../../../../arm-none-eabi/lib/thumb/v7e-m/nofp\libg_nano.a
LOAD c:/program files (x86)/gnu tools arm embedded/9 2019-q4-major/bin/../lib/gcc/arm-none-eabi/9.2.1/../../../../arm-none-eabi/lib/thumb/v7e-m/nofp\libc_nano.a
END GROUP
START GROUP
LOAD c:/program files (x86)/gnu tools arm embedded/9 2019-q4-major/bin/../lib/gcc/arm-none-eabi/9.2.1/thumb/v7e-m/nofp\libgcc.a
LOAD c:/program files (x86)/gnu tools arm embedded/9 2019-q4-major/bin/../lib/gcc/arm-none-eabi/9.2.1/../../../../arm-none-eabi/lib/thumb/v7e-m/nofp\libc_nano.a
END GROUP
LOAD c:/program files (x86)/gnu tools arm embedded/9 2019-q4-major/bin/../lib/gcc/arm-none-eabi/9.2.1/thumb/v7e-m/nofp/crtend.o
LOAD c:/program files (x86)/gnu tools arm embedded/9 2019-q4-major/bin/../lib/gcc/arm-none-eabi/9.2.1/thumb/v7e-m/nofp/crtn.o
START GROUP
LOAD c:/program files (x86)/gnu tools arm embedded/9 2019-q4-major/bin/../lib/gcc/arm-none-eabi/9.2.1/thumb/v7e-m/nofp\libgcc.a
LOAD c:/program files (x86)/gnu tools arm embedded/9 2019-q4-major/bin/../lib/gcc/arm-none-eabi/9.2.1/../../../../arm-none-eabi/lib/thumb/v7e-m/nofp\libc.a
LOAD c:/program files (x86)/gnu tools arm embedded/9 2019-q4-major/bin/../lib/gcc/arm-none-eabi/9.2.1/../../../../arm-none-eabi/lib/thumb/v7e-m/nofp\libnosys.a
END GROUP

.igot.plt       0x20001cc4        0x0 load address 0x0001ddc4
 .igot.plt      0x20001cc4        0x0 c:/program files (x86)/gnu tools arm embedded/9 2019-q4-major/bin/../lib/gcc/arm-none-eabi/9.2.1/thumb/v7e-m/nofp/crtbegin.o
                0x20001cc4                . = ALIGN (0x4)

.mem_section_dummy_ram

.log_dynamic_data
                0x20001cc4       0x30 load address 0x0001ddc4
                0x20001cc4                PROVIDE (__start_log_dynamic_data = .)
 *(SORT_BY_NAME(.log_dynamic_data*))
 .log_dynamic_data_CLOCK
                0x20001cc4        0x4 _build/nrf52810_xxaa/nrfx_clock.c.o
                0x20001cc4                m_nrf_log_CLOCK_logs_data_dynamic
 .log_dynamic_data_GPIOTE
                0x20001cc8        0x4 _build/nrf52810_xxaa/nrfx_gpiote.c.o
                0x20001cc8                m_nrf_log_GPIOTE_logs_data_dynamic
 .log_dynamic_data_PRS
                0x20001ccc        0x4 _build/nrf52810_xxaa/nrfx_prs.c.o
                0x20001ccc                m_nrf_log_PRS_logs_data_dynamic
 .log_dynamic_data_UARTE
                0x20001cd0        0x4 _build/nrf52810_xxaa/nrfx_uarte.c.o
                0x20001cd0                m_nrf_log_UARTE_logs_data_dynamic
 .log_dynamic_data_app
                0x20001cd4        0x4 _build/nrf52810_xxaa/nrf_log_frontend.c.o
                0x20001cd4                m_nrf_log_app_logs_data_dynamic
 .log_dynamic_data_balloc_log_mempool
                0x20001cd8        0x4 _build/nrf52810_xxaa/nrf_log_frontend.c.o
                0x20001cd8                m_nrf_log_balloc_log_mempool_logs_data_dynamic
 .log_dynamic_data_clock
                0x20001cdc        0x4 _build/nrf52810_xxaa/nrf_drv_clock.c.o
                0x20001cdc                m_nrf_log_clock_logs_data_dynamic
 .log_dynamic_data_nrf_ble_gatt
                0x20001ce0        0x4 _build/nrf52810_xxaa/nrf_ble_gatt.c.o
                0x20001ce0                m_nrf_log_nrf_ble_gatt_logs_data_dynamic
 .log_dynamic_data_nrf_sdh
                0x20001ce4        0x4 _build/nrf52810_xxaa/nrf_sdh.c.o
                0x20001ce4                m_nrf_log_nrf_sdh_logs_data_dynamic
 .log_dynamic_data_nrf_sdh_ble
                0x20001ce8        0x4 _build/nrf52810_xxaa/nrf_sdh_ble.c.o
                0x20001ce8                m_nrf_log_nrf_sdh_ble_logs_data_dynamic
 .log_dynamic_data_nrf_sdh_soc
                0x20001cec        0x4 _build/nrf52810_xxaa/nrf_sdh_soc.c.o
                0x20001cec                m_nrf_log_nrf_sdh_soc_logs_data_dynamic
 .log_dynamic_data_pwr_mgmt
                0x20001cf0        0x4 _build/nrf52810_xxaa/nrf_pwr_mgmt.c.o
                0x20001cf0                m_nrf_log_pwr_mgmt_logs_data_dynamic
                [!provide]                PROVIDE (__stop_log_dynamic_data = .)

.cli_sorted_cmd_ptrs
                0x20001cf4        0x0
                [!provide]                PROVIDE (__start_cli_sorted_cmd_ptrs = .)
 *(.cli_sorted_cmd_ptrs)
                [!provide]                PROVIDE (__stop_cli_sorted_cmd_ptrs = .)

.fs_data        0x20001cf4        0x0
                [!provide]                PROVIDE (__start_fs_data = .)
 *(.fs_data)
                [!provide]                PROVIDE (__stop_fs_data = .)

.bss            0x20001cf8      0xb88 load address 0x0001ddf8
                0x20001cf8                . = ALIGN (0x4)
                0x20001cf8                __bss_start__ = .
 *(.bss*)
 .bss           0x20001cf8       0x1c c:/program files (x86)/gnu tools arm embedded/9 2019-q4-major/bin/../lib/gcc/arm-none-eabi/9.2.1/thumb/v7e-m/nofp/crtbegin.o
 .bss.m_host_present
                0x20001d14        0x1 _build/nrf52810_xxaa/nrf_log_backend_rtt.c.o
 .bss.m_string_buff
                0x20001d15       0x40 _build/nrf52810_xxaa/nrf_log_backend_rtt.c.o
 .bss.m_async_mode
                0x20001d55        0x1 _build/nrf52810_xxaa/nrf_log_backend_uart.c.o
 .bss.m_string_buff
                0x20001d56       0x40 _build/nrf52810_xxaa/nrf_log_backend_uart.c.o
 .bss.m_xfer_done
                0x20001d96        0x1 _build/nrf52810_xxaa/nrf_log_backend_uart.c.o
 *fill*         0x20001d97        0x1 
 .bss.log_mempool_nrf_balloc_cb
                0x20001d98        0x8 _build/nrf52810_xxaa/nrf_log_frontend.c.o
 .bss.log_mempool_nrf_balloc_pool_mem
                0x20001da0       0xc0 _build/nrf52810_xxaa/nrf_log_frontend.c.o
 .bss.log_mempool_nrf_balloc_pool_stack
                0x20001e60        0x8 _build/nrf52810_xxaa/nrf_log_frontend.c.o
 .bss.m_log_data
                0x20001e68      0x424 _build/nrf52810_xxaa/nrf_log_frontend.c.o
 .bss.m_button_count
                0x2000228c        0x1 _build/nrf52810_xxaa/app_button.c.o
 *fill*         0x2000228d        0x3 
 .bss.m_detection_delay
                0x20002290        0x4 _build/nrf52810_xxaa/app_button.c.o
 .bss.m_detection_delay_timer_id_data
                0x20002294       0x20 _build/nrf52810_xxaa/app_button.c.o
 *fill*         0x200022b4        0x4 
 .bss.m_pin_state
                0x200022b8        0x8 _build/nrf52810_xxaa/app_button.c.o
 .bss.m_pin_transition
                0x200022c0        0x8 _build/nrf52810_xxaa/app_button.c.o
 .bss.mp_buttons
                0x200022c8        0x4 _build/nrf52810_xxaa/app_button.c.o
 .bss.m_op_queue
                0x200022cc      0x10c _build/nrf52810_xxaa/app_timer.c.o
 .bss.m_rtc1_reset
                0x200023d8        0x1 _build/nrf52810_xxaa/app_timer.c.o
 .bss.m_rtc1_running
                0x200023d9        0x1 _build/nrf52810_xxaa/app_timer.c.o
 *fill*         0x200023da        0x2 
 .bss.m_ticks_elapsed
                0x200023dc        0x8 _build/nrf52810_xxaa/app_timer.c.o
 .bss.m_ticks_elapsed_q_read_ind
                0x200023e4        0x1 _build/nrf52810_xxaa/app_timer.c.o
 .bss.m_ticks_elapsed_q_write_ind
                0x200023e5        0x1 _build/nrf52810_xxaa/app_timer.c.o
 *fill*         0x200023e6        0x2 
 .bss.m_ticks_latest
                0x200023e8        0x4 _build/nrf52810_xxaa/app_timer.c.o
 .bss.mp_timer_id_head
                0x200023ec        0x4 _build/nrf52810_xxaa/app_timer.c.o
 .bss.m_handlers_iter
                0x200023f0        0x8 _build/nrf52810_xxaa/nrf_pwr_mgmt.c.o
 .bss.m_shutdown_started
                0x200023f8        0x1 _build/nrf52810_xxaa/nrf_pwr_mgmt.c.o
 *fill*         0x200023f9        0x3 
 .bss.m_sysoff_mtx
                0x200023fc        0x4 _build/nrf52810_xxaa/nrf_pwr_mgmt.c.o
 .bss.m_clock_cb
                0x20002400       0x14 _build/nrf52810_xxaa/nrf_drv_clock.c.o
 .bss.m_contexts
                0x20002414        0x4 _build/nrf52810_xxaa/nrf_drv_uart.c.o
 .bss.m_handlers
                0x20002418        0x4 _build/nrf52810_xxaa/nrf_drv_uart.c.o
 .bss.m_clock_cb
                0x2000241c        0x8 _build/nrf52810_xxaa/nrfx_clock.c.o
 .bss.m_cb      0x20002424       0x5c _build/nrf52810_xxaa/nrfx_gpiote.c.o
 .bss.m_cb      0x20002480       0x24 _build/nrf52810_xxaa/nrfx_uarte.c.o
 .bss.m_enc_advdata
                0x200024a4       0x1f _build/nrf52810_xxaa/main.c.o
 .bss.m_enc_scan_response_data
                0x200024c3       0x1f _build/nrf52810_xxaa/main.c.o
 *fill*         0x200024e2        0x2 
 .bss.m_gatt    0x200024e4       0x10 _build/nrf52810_xxaa/main.c.o
 .bss.m_lbs     0x200024f4       0x18 _build/nrf52810_xxaa/main.c.o
 .bss.m_qwr     0x2000250c        0xc _build/nrf52810_xxaa/main.c.o
 .bss._acDownBuffer
                0x20002518       0x10 _build/nrf52810_xxaa/SEGGER_RTT.c.o
 .bss._acUpBuffer
                0x20002528      0x200 _build/nrf52810_xxaa/SEGGER_RTT.c.o
 .bss.m_conn_params_config
                0x20002728       0x1c _build/nrf52810_xxaa/ble_conn_params.c.o
 .bss.m_conn_params_instances
                0x20002744       0x14 _build/nrf52810_xxaa/ble_conn_params.c.o
 .bss.m_preferred_conn_params
                0x20002758        0x8 _build/nrf52810_xxaa/ble_conn_params.c.o
 .bss.m_timer_data
                0x20002760       0x20 _build/nrf52810_xxaa/ble_conn_params.c.o
 .bss.m_bcs     0x20002780       0x78 _build/nrf52810_xxaa/ble_conn_state.c.o
 .bss.m_nrf_sdh_continue
                0x200027f8        0x1 _build/nrf52810_xxaa/nrf_sdh.c.o
 .bss.m_nrf_sdh_enabled
                0x200027f9        0x1 _build/nrf52810_xxaa/nrf_sdh.c.o
 .bss.m_nrf_sdh_suspended
                0x200027fa        0x1 _build/nrf52810_xxaa/nrf_sdh.c.o
 .bss.m_stack_is_enabled
                0x200027fb        0x1 _build/nrf52810_xxaa/nrf_sdh_ble.c.o
 *(COMMON)
 COMMON         0x200027fc        0xc _build/nrf52810_xxaa/app_util_platform.c.o
                0x200027fc                nrf_nvic_state
 COMMON         0x20002808       0x78 _build/nrf52810_xxaa/SEGGER_RTT.c.o
                0x20002808                _SEGGER_RTT
                0x20002880                . = ALIGN (0x4)
                0x20002880                __bss_end__ = .

.heap           0x20002880      0x800
                0x20002880                __HeapBase = .
                0x20002880                __end__ = .
                [!provide]                PROVIDE (end = .)
 *(.heap*)
 .heap          0x20002880      0x800 _build/nrf52810_xxaa/gcc_startup_nrf52810.S.o
                0x20003080                __HeapLimit = .

.stack_dummy    0x20002880      0x800
 *(.stack*)
 .stack         0x20002880      0x800 _build/nrf52810_xxaa/gcc_startup_nrf52810.S.o
                0x20006000                __StackTop = (ORIGIN (RAM) + LENGTH (RAM))
                0x20005800                __StackLimit = (__StackTop - SIZEOF (.stack_dummy))
                0x20006000                PROVIDE (__stack = __StackTop)
                0x00000001                ASSERT ((__StackLimit >= __HeapLimit), region RAM overflowed with stack)
                0x000000e0                DataInitFlashUsed = (__bss_start__ - __data_start__)
                0x00004d18                CodeFlashUsed = (__etext - ORIGIN (FLASH))
                0x00004df8                TotalFlashUsed = (CodeFlashUsed + DataInitFlashUsed)
                0x00000001                ASSERT ((TotalFlashUsed <= LENGTH (FLASH)), region FLASH overflowed with .data and user data)
OUTPUT(_build/nrf52810_xxaa.out elf32-littlearm)

.ARM.attributes
                0x00000000       0x2a
 .ARM.attributes
                0x00000000       0x1e c:/program files (x86)/gnu tools arm embedded/9 2019-q4-major/bin/../lib/gcc/arm-none-eabi/9.2.1/thumb/v7e-m/nofp/crti.o
 .ARM.attributes
                0x0000001e       0x2e c:/program files (x86)/gnu tools arm embedded/9 2019-q4-major/bin/../lib/gcc/arm-none-eabi/9.2.1/thumb/v7e-m/nofp/crtbegin.o
 .ARM.attributes
                0x0000004c       0x1c c:/program files (x86)/gnu tools arm embedded/9 2019-q4-major/bin/../lib/gcc/arm-none-eabi/9.2.1/../../../../arm-none-eabi/lib/thumb/v7e-m/nofp/crt0.o
 .ARM.attributes
                0x00000068       0x1c _build/nrf52810_xxaa/gcc_startup_nrf52810.S.o
 .ARM.attributes
                0x00000084       0x2e _build/nrf52810_xxaa/nrf_log_backend_rtt.c.o
 .ARM.attributes
                0x000000b2       0x2e _build/nrf52810_xxaa/nrf_log_backend_serial.c.o
 .ARM.attributes
                0x000000e0       0x2e _build/nrf52810_xxaa/nrf_log_backend_uart.c.o
 .ARM.attributes
                0x0000010e       0x2e _build/nrf52810_xxaa/nrf_log_default_backends.c.o
 .ARM.attributes
                0x0000013c       0x2e _build/nrf52810_xxaa/nrf_log_frontend.c.o
 .ARM.attributes
                0x0000016a       0x2e _build/nrf52810_xxaa/nrf_log_str_formatter.c.o
 .ARM.attributes
                0x00000198       0x2e _build/nrf52810_xxaa/app_button.c.o
 .ARM.attributes
                0x000001c6       0x2e _build/nrf52810_xxaa/app_error.c.o
 .ARM.attributes
                0x000001f4       0x2e _build/nrf52810_xxaa/app_error_weak.c.o
 .ARM.attributes
                0x00000222       0x2e _build/nrf52810_xxaa/app_timer.c.o
 .ARM.attributes
                0x00000250       0x2e _build/nrf52810_xxaa/app_util_platform.c.o
 .ARM.attributes
                0x0000027e       0x2e _build/nrf52810_xxaa/nrf_atflags.c.o
 .ARM.attributes
                0x000002ac       0x2e _build/nrf52810_xxaa/nrf_atomic.c.o
 .ARM.attributes
                0x000002da       0x2e _build/nrf52810_xxaa/nrf_balloc.c.o
 .ARM.attributes
                0x00000308       0x2e _build/nrf52810_xxaa/nrf_fprintf.c.o
 .ARM.attributes
                0x00000336       0x2e _build/nrf52810_xxaa/nrf_fprintf_format.c.o
 .ARM.attributes
                0x00000364       0x2e _build/nrf52810_xxaa/nrf_memobj.c.o
 .ARM.attributes
                0x00000392       0x2e _build/nrf52810_xxaa/nrf_pwr_mgmt.c.o
 .ARM.attributes
                0x000003c0       0x2e _build/nrf52810_xxaa/nrf_section_iter.c.o
 .ARM.attributes
                0x000003ee       0x2e _build/nrf52810_xxaa/nrf_strerror.c.o
 .ARM.attributes
                0x0000041c       0x2e _build/nrf52810_xxaa/system_nrf52810.c.o
 .ARM.attributes
                0x0000044a       0x2e _build/nrf52810_xxaa/boards.c.o
 .ARM.attributes
                0x00000478       0x2e _build/nrf52810_xxaa/nrf_drv_clock.c.o
 .ARM.attributes
                0x000004a6       0x2e _build/nrf52810_xxaa/nrf_drv_uart.c.o
 .ARM.attributes
                0x000004d4       0x2e _build/nrf52810_xxaa/nrfx_clock.c.o
 .ARM.attributes
                0x00000502       0x2e _build/nrf52810_xxaa/nrfx_gpiote.c.o
 .ARM.attributes
                0x00000530       0x2e _build/nrf52810_xxaa/nrfx_prs.c.o
 .ARM.attributes
                0x0000055e       0x2e _build/nrf52810_xxaa/nrfx_uarte.c.o
 .ARM.attributes
                0x0000058c       0x2e _build/nrf52810_xxaa/main.c.o
 .ARM.attributes
                0x000005ba       0x2e _build/nrf52810_xxaa/SEGGER_RTT.c.o
 .ARM.attributes
                0x000005e8       0x2e _build/nrf52810_xxaa/ble_advdata.c.o
 .ARM.attributes
                0x00000616       0x2e _build/nrf52810_xxaa/ble_conn_params.c.o
 .ARM.attributes
                0x00000644       0x2e _build/nrf52810_xxaa/ble_conn_state.c.o
 .ARM.attributes
                0x00000672       0x2e _build/nrf52810_xxaa/ble_srv_common.c.o
 .ARM.attributes
                0x000006a0       0x2e _build/nrf52810_xxaa/nrf_ble_gatt.c.o
 .ARM.attributes
                0x000006ce       0x2e _build/nrf52810_xxaa/nrf_ble_qwr.c.o
 .ARM.attributes
                0x000006fc       0x2e _build/nrf52810_xxaa/ble_lbs.c.o
 .ARM.attributes
                0x0000072a       0x2e _build/nrf52810_xxaa/nrf_sdh.c.o
 .ARM.attributes
                0x00000758       0x2e _build/nrf52810_xxaa/nrf_sdh_ble.c.o
 .ARM.attributes
                0x00000786       0x2e _build/nrf52810_xxaa/nrf_sdh_soc.c.o
 .ARM.attributes
                0x000007b4       0x2e c:/program files (x86)/gnu tools arm embedded/9 2019-q4-major/bin/../lib/gcc/arm-none-eabi/9.2.1/../../../../arm-none-eabi/lib/thumb/v7e-m/nofp\libc_nano.a(lib_a-ctype_.o)
 .ARM.attributes
                0x000007e2       0x2e c:/program files (x86)/gnu tools arm embedded/9 2019-q4-major/bin/../lib/gcc/arm-none-eabi/9.2.1/../../../../arm-none-eabi/lib/thumb/v7e-m/nofp\libc_nano.a(lib_a-exit.o)
 .ARM.attributes
                0x00000810       0x2e c:/program files (x86)/gnu tools arm embedded/9 2019-q4-major/bin/../lib/gcc/arm-none-eabi/9.2.1/../../../../arm-none-eabi/lib/thumb/v7e-m/nofp\libc_nano.a(lib_a-impure.o)
 .ARM.attributes
                0x0000083e       0x2e c:/program files (x86)/gnu tools arm embedded/9 2019-q4-major/bin/../lib/gcc/arm-none-eabi/9.2.1/../../../../arm-none-eabi/lib/thumb/v7e-m/nofp\libc_nano.a(lib_a-init.o)
 .ARM.attributes
                0x0000086c       0x2e c:/program files (x86)/gnu tools arm embedded/9 2019-q4-major/bin/../lib/gcc/arm-none-eabi/9.2.1/../../../../arm-none-eabi/lib/thumb/v7e-m/nofp\libc_nano.a(lib_a-memcpy-stub.o)
 .ARM.attributes
                0x0000089a       0x2e c:/program files (x86)/gnu tools arm embedded/9 2019-q4-major/bin/../lib/gcc/arm-none-eabi/9.2.1/../../../../arm-none-eabi/lib/thumb/v7e-m/nofp\libc_nano.a(lib_a-memset.o)
 .ARM.attributes
                0x000008c8       0x2e c:/program files (x86)/gnu tools arm embedded/9 2019-q4-major/bin/../lib/gcc/arm-none-eabi/9.2.1/../../../../arm-none-eabi/lib/thumb/v7e-m/nofp\libc_nano.a(lib_a-strcpy.o)
 .ARM.attributes
                0x000008f6       0x17 c:/program files (x86)/gnu tools arm embedded/9 2019-q4-major/bin/../lib/gcc/arm-none-eabi/9.2.1/../../../../arm-none-eabi/lib/thumb/v7e-m/nofp\libc_nano.a(lib_a-strlen.o)
 .ARM.attributes
                0x0000090d       0x2e c:/program files (x86)/gnu tools arm embedded/9 2019-q4-major/bin/../lib/gcc/arm-none-eabi/9.2.1/../../../../arm-none-eabi/lib/thumb/v7e-m/nofp\libnosys.a(_exit.o)
 .ARM.attributes
                0x0000093b       0x2e c:/program files (x86)/gnu tools arm embedded/9 2019-q4-major/bin/../lib/gcc/arm-none-eabi/9.2.1/thumb/v7e-m/nofp/crtend.o
 .ARM.attributes
                0x00000969       0x1e c:/program files (x86)/gnu tools arm embedded/9 2019-q4-major/bin/../lib/gcc/arm-none-eabi/9.2.1/thumb/v7e-m/nofp/crtn.o

.comment        0x00000000       0x79
 .comment       0x00000000       0x79 _build/nrf52810_xxaa/nrf_log_backend_rtt.c.o
                                 0x7a (size before relaxing)
 .comment       0x00000079       0x7a _build/nrf52810_xxaa/nrf_log_backend_serial.c.o
 .comment       0x00000079       0x7a _build/nrf52810_xxaa/nrf_log_backend_uart.c.o
 .comment       0x00000079       0x7a _build/nrf52810_xxaa/nrf_log_default_backends.c.o
 .comment       0x00000079       0x7a _build/nrf52810_xxaa/nrf_log_frontend.c.o
 .comment       0x00000079       0x7a _build/nrf52810_xxaa/nrf_log_str_formatter.c.o
 .comment       0x00000079       0x7a _build/nrf52810_xxaa/app_button.c.o
 .comment       0x00000079       0x7a _build/nrf52810_xxaa/app_error.c.o
 .comment       0x00000079       0x7a _build/nrf52810_xxaa/app_error_weak.c.o
 .comment       0x00000079       0x7a _build/nrf52810_xxaa/app_timer.c.o
 .comment       0x00000079       0x7a _build/nrf52810_xxaa/app_util_platform.c.o
 .comment       0x00000079       0x7a _build/nrf52810_xxaa/nrf_atflags.c.o
 .comment       0x00000079       0x7a _build/nrf52810_xxaa/nrf_atomic.c.o
 .comment       0x00000079       0x7a _build/nrf52810_xxaa/nrf_balloc.c.o
 .comment       0x00000079       0x7a _build/nrf52810_xxaa/nrf_fprintf.c.o
 .comment       0x00000079       0x7a _build/nrf52810_xxaa/nrf_fprintf_format.c.o
 .comment       0x00000079       0x7a _build/nrf52810_xxaa/nrf_memobj.c.o
 .comment       0x00000079       0x7a _build/nrf52810_xxaa/nrf_pwr_mgmt.c.o
 .comment       0x00000079       0x7a _build/nrf52810_xxaa/nrf_section_iter.c.o
 .comment       0x00000079       0x7a _build/nrf52810_xxaa/nrf_strerror.c.o
 .comment       0x00000079       0x7a _build/nrf52810_xxaa/system_nrf52810.c.o
 .comment       0x00000079       0x7a _build/nrf52810_xxaa/boards.c.o
 .comment       0x00000079       0x7a _build/nrf52810_xxaa/nrf_drv_clock.c.o
 .comment       0x00000079       0x7a _build/nrf52810_xxaa/nrf_drv_uart.c.o
 .comment       0x00000079       0x7a _build/nrf52810_xxaa/nrfx_clock.c.o
 .comment       0x00000079       0x7a _build/nrf52810_xxaa/nrfx_gpiote.c.o
 .comment       0x00000079       0x7a _build/nrf52810_xxaa/nrfx_prs.c.o
 .comment       0x00000079       0x7a _build/nrf52810_xxaa/nrfx_uarte.c.o
 .comment       0x00000079       0x7a _build/nrf52810_xxaa/main.c.o
 .comment       0x00000079       0x7a _build/nrf52810_xxaa/SEGGER_RTT.c.o
 .comment       0x00000079       0x7a _build/nrf52810_xxaa/ble_advdata.c.o
 .comment       0x00000079       0x7a _build/nrf52810_xxaa/ble_conn_params.c.o
 .comment       0x00000079       0x7a _build/nrf52810_xxaa/ble_conn_state.c.o
 .comment       0x00000079       0x7a _build/nrf52810_xxaa/ble_srv_common.c.o
 .comment       0x00000079       0x7a _build/nrf52810_xxaa/nrf_ble_gatt.c.o
 .comment       0x00000079       0x7a _build/nrf52810_xxaa/nrf_ble_qwr.c.o
 .comment       0x00000079       0x7a _build/nrf52810_xxaa/ble_lbs.c.o
 .comment       0x00000079       0x7a _build/nrf52810_xxaa/nrf_sdh.c.o
 .comment       0x00000079       0x7a _build/nrf52810_xxaa/nrf_sdh_ble.c.o
 .comment       0x00000079       0x7a _build/nrf52810_xxaa/nrf_sdh_soc.c.o

.debug_line     0x00000000    0x1de6d
 .debug_line    0x00000000       0x89 _build/nrf52810_xxaa/gcc_startup_nrf52810.S.o
 .debug_line    0x00000089      0xb35 _build/nrf52810_xxaa/nrf_log_backend_rtt.c.o
 .debug_line    0x00000bbe      0x90f _build/nrf52810_xxaa/nrf_log_backend_serial.c.o
 .debug_line    0x000014cd      0xbb2 _build/nrf52810_xxaa/nrf_log_backend_uart.c.o
 .debug_line    0x0000207f      0x858 _build/nrf52810_xxaa/nrf_log_default_backends.c.o
 .debug_line    0x000028d7     0x159a _build/nrf52810_xxaa/nrf_log_frontend.c.o
 .debug_line    0x00003e71      0xa09 _build/nrf52810_xxaa/nrf_log_str_formatter.c.o
 .debug_line    0x0000487a      0xb9d _build/nrf52810_xxaa/app_button.c.o
 .debug_line    0x00005417      0x5c2 _build/nrf52810_xxaa/app_error.c.o
 .debug_line    0x000059d9      0x90f _build/nrf52810_xxaa/app_error_weak.c.o
 .debug_line    0x000062e8     0x13ed _build/nrf52810_xxaa/app_timer.c.o
 .debug_line    0x000076d5      0x7fe _build/nrf52810_xxaa/app_util_platform.c.o
 .debug_line    0x00007ed3      0x825 _build/nrf52810_xxaa/nrf_atflags.c.o
 .debug_line    0x000086f8      0x868 _build/nrf52810_xxaa/nrf_atomic.c.o
 .debug_line    0x00008f60      0x910 _build/nrf52810_xxaa/nrf_balloc.c.o
 .debug_line    0x00009870      0x5a6 _build/nrf52810_xxaa/nrf_fprintf.c.o
 .debug_line    0x00009e16      0x9d7 _build/nrf52810_xxaa/nrf_fprintf_format.c.o
 .debug_line    0x0000a7ed      0xa6f _build/nrf52810_xxaa/nrf_memobj.c.o
 .debug_line    0x0000b25c      0xe50 _build/nrf52810_xxaa/nrf_pwr_mgmt.c.o
 .debug_line    0x0000c0ac      0x5c0 _build/nrf52810_xxaa/nrf_section_iter.c.o
 .debug_line    0x0000c66c      0x59a _build/nrf52810_xxaa/nrf_strerror.c.o
 .debug_line    0x0000cc06      0x74f _build/nrf52810_xxaa/system_nrf52810.c.o
 .debug_line    0x0000d355      0xd14 _build/nrf52810_xxaa/boards.c.o
 .debug_line    0x0000e069      0xfcb _build/nrf52810_xxaa/nrf_drv_clock.c.o
 .debug_line    0x0000f034      0x81c _build/nrf52810_xxaa/nrf_drv_uart.c.o
 .debug_line    0x0000f850      0xe4f _build/nrf52810_xxaa/nrfx_clock.c.o
 .debug_line    0x0001069f     0x1dd6 _build/nrf52810_xxaa/nrfx_gpiote.c.o
 .debug_line    0x00012475      0x922 _build/nrf52810_xxaa/nrfx_prs.c.o
 .debug_line    0x00012d97     0x17b4 _build/nrf52810_xxaa/nrfx_uarte.c.o
 .debug_line    0x0001454b     0x138b _build/nrf52810_xxaa/main.c.o
 .debug_line    0x000158d6     0x152d _build/nrf52810_xxaa/SEGGER_RTT.c.o
 .debug_line    0x00016e03     0x10d5 _build/nrf52810_xxaa/ble_advdata.c.o
 .debug_line    0x00017ed8      0xc90 _build/nrf52810_xxaa/ble_conn_params.c.o
 .debug_line    0x00018b68      0xdac _build/nrf52810_xxaa/ble_conn_state.c.o
 .debug_line    0x00019914      0x8bf _build/nrf52810_xxaa/ble_srv_common.c.o
 .debug_line    0x0001a1d3      0xa7b _build/nrf52810_xxaa/nrf_ble_gatt.c.o
 .debug_line    0x0001ac4e      0x84a _build/nrf52810_xxaa/nrf_ble_qwr.c.o
 .debug_line    0x0001b498      0x955 _build/nrf52810_xxaa/ble_lbs.c.o
 .debug_line    0x0001bded      0xd30 _build/nrf52810_xxaa/nrf_sdh.c.o
 .debug_line    0x0001cb1d      0xb56 _build/nrf52810_xxaa/nrf_sdh_ble.c.o
 .debug_line    0x0001d673      0x7fa _build/nrf52810_xxaa/nrf_sdh_soc.c.o

.debug_info     0x00000000    0x42c22
 .debug_info    0x00000000       0x26 _build/nrf52810_xxaa/gcc_startup_nrf52810.S.o
 .debug_info    0x00000026     0x1012 _build/nrf52810_xxaa/nrf_log_backend_rtt.c.o
 .debug_info    0x00001038     0x115d _build/nrf52810_xxaa/nrf_log_backend_serial.c.o
 .debug_info    0x00002195     0x1721 _build/nrf52810_xxaa/nrf_log_backend_uart.c.o
 .debug_info    0x000038b6      0xcec _build/nrf52810_xxaa/nrf_log_default_backends.c.o
 .debug_info    0x000045a2     0x2db4 _build/nrf52810_xxaa/nrf_log_frontend.c.o
 .debug_info    0x00007356     0x1188 _build/nrf52810_xxaa/nrf_log_str_formatter.c.o
 .debug_info    0x000084de     0x1060 _build/nrf52810_xxaa/app_button.c.o
 .debug_info    0x0000953e      0xbac _build/nrf52810_xxaa/app_error.c.o
 .debug_info    0x0000a0ea      0xdde _build/nrf52810_xxaa/app_error_weak.c.o
 .debug_info    0x0000aec8     0x2583 _build/nrf52810_xxaa/app_timer.c.o
 .debug_info    0x0000d44b     0x12b7 _build/nrf52810_xxaa/app_util_platform.c.o
 .debug_info    0x0000e702      0xeb8 _build/nrf52810_xxaa/nrf_atflags.c.o
 .debug_info    0x0000f5ba     0x1240 _build/nrf52810_xxaa/nrf_atomic.c.o
 .debug_info    0x000107fa      0xdaf _build/nrf52810_xxaa/nrf_balloc.c.o
 .debug_info    0x000115a9      0xb51 _build/nrf52810_xxaa/nrf_fprintf.c.o
 .debug_info    0x000120fa     0x1010 _build/nrf52810_xxaa/nrf_fprintf_format.c.o
 .debug_info    0x0001310a     0x12cf _build/nrf52810_xxaa/nrf_memobj.c.o
 .debug_info    0x000143d9     0x1826 _build/nrf52810_xxaa/nrf_pwr_mgmt.c.o
 .debug_info    0x00015bff      0xac1 _build/nrf52810_xxaa/nrf_section_iter.c.o
 .debug_info    0x000166c0      0xafa _build/nrf52810_xxaa/nrf_strerror.c.o
 .debug_info    0x000171ba     0x11bf _build/nrf52810_xxaa/system_nrf52810.c.o
 .debug_info    0x00018379     0x1588 _build/nrf52810_xxaa/boards.c.o
 .debug_info    0x00019901     0x1da1 _build/nrf52810_xxaa/nrf_drv_clock.c.o
 .debug_info    0x0001b6a2     0x1477 _build/nrf52810_xxaa/nrf_drv_uart.c.o
 .debug_info    0x0001cb19     0x1b48 _build/nrf52810_xxaa/nrfx_clock.c.o
 .debug_info    0x0001e661     0x3bee _build/nrf52810_xxaa/nrfx_gpiote.c.o
 .debug_info    0x0002224f      0xc53 _build/nrf52810_xxaa/nrfx_prs.c.o
 .debug_info    0x00022ea2     0x39ca _build/nrf52810_xxaa/nrfx_uarte.c.o
 .debug_info    0x0002686c     0x40bc _build/nrf52810_xxaa/main.c.o
 .debug_info    0x0002a928     0x2064 _build/nrf52810_xxaa/SEGGER_RTT.c.o
 .debug_info    0x0002c98c     0x23cd _build/nrf52810_xxaa/ble_advdata.c.o
 .debug_info    0x0002ed59     0x2cd9 _build/nrf52810_xxaa/ble_conn_params.c.o
 .debug_info    0x00031a32     0x2ca1 _build/nrf52810_xxaa/ble_conn_state.c.o
 .debug_info    0x000346d3     0x164d _build/nrf52810_xxaa/ble_srv_common.c.o
 .debug_info    0x00035d20     0x281a _build/nrf52810_xxaa/nrf_ble_gatt.c.o
 .debug_info    0x0003853a     0x248c _build/nrf52810_xxaa/nrf_ble_qwr.c.o
 .debug_info    0x0003a9c6     0x28fc _build/nrf52810_xxaa/ble_lbs.c.o
 .debug_info    0x0003d2c2     0x1c7a _build/nrf52810_xxaa/nrf_sdh.c.o
 .debug_info    0x0003ef3c     0x2e0a _build/nrf52810_xxaa/nrf_sdh_ble.c.o
 .debug_info    0x00041d46      0xedc _build/nrf52810_xxaa/nrf_sdh_soc.c.o

.debug_abbrev   0x00000000     0x9e26
 .debug_abbrev  0x00000000       0x14 _build/nrf52810_xxaa/gcc_startup_nrf52810.S.o
 .debug_abbrev  0x00000014      0x352 _build/nrf52810_xxaa/nrf_log_backend_rtt.c.o
 .debug_abbrev  0x00000366      0x2cc _build/nrf52810_xxaa/nrf_log_backend_serial.c.o
 .debug_abbrev  0x00000632      0x3c0 _build/nrf52810_xxaa/nrf_log_backend_uart.c.o
 .debug_abbrev  0x000009f2      0x2c3 _build/nrf52810_xxaa/nrf_log_default_backends.c.o
 .debug_abbrev  0x00000cb5      0x664 _build/nrf52810_xxaa/nrf_log_frontend.c.o
 .debug_abbrev  0x00001319      0x33a _build/nrf52810_xxaa/nrf_log_str_formatter.c.o
 .debug_abbrev  0x00001653      0x32b _build/nrf52810_xxaa/app_button.c.o
 .debug_abbrev  0x0000197e      0x276 _build/nrf52810_xxaa/app_error.c.o
 .debug_abbrev  0x00001bf4      0x2e9 _build/nrf52810_xxaa/app_error_weak.c.o
 .debug_abbrev  0x00001edd      0x5c4 _build/nrf52810_xxaa/app_timer.c.o
 .debug_abbrev  0x000024a1      0x3f9 _build/nrf52810_xxaa/app_util_platform.c.o
 .debug_abbrev  0x0000289a      0x34b _build/nrf52810_xxaa/nrf_atflags.c.o
 .debug_abbrev  0x00002be5      0x309 _build/nrf52810_xxaa/nrf_atomic.c.o
 .debug_abbrev  0x00002eee      0x34f _build/nrf52810_xxaa/nrf_balloc.c.o
 .debug_abbrev  0x0000323d      0x27d _build/nrf52810_xxaa/nrf_fprintf.c.o
 .debug_abbrev  0x000034ba      0x3c3 _build/nrf52810_xxaa/nrf_fprintf_format.c.o
 .debug_abbrev  0x0000387d      0x324 _build/nrf52810_xxaa/nrf_memobj.c.o
 .debug_abbrev  0x00003ba1      0x4b5 _build/nrf52810_xxaa/nrf_pwr_mgmt.c.o
 .debug_abbrev  0x00004056      0x206 _build/nrf52810_xxaa/nrf_section_iter.c.o
 .debug_abbrev  0x0000425c      0x250 _build/nrf52810_xxaa/nrf_strerror.c.o
 .debug_abbrev  0x000044ac      0x24a _build/nrf52810_xxaa/system_nrf52810.c.o
 .debug_abbrev  0x000046f6      0x3fc _build/nrf52810_xxaa/boards.c.o
 .debug_abbrev  0x00004af2      0x5f9 _build/nrf52810_xxaa/nrf_drv_clock.c.o
 .debug_abbrev  0x000050eb      0x2a8 _build/nrf52810_xxaa/nrf_drv_uart.c.o
 .debug_abbrev  0x00005393      0x532 _build/nrf52810_xxaa/nrfx_clock.c.o
 .debug_abbrev  0x000058c5      0x68c _build/nrf52810_xxaa/nrfx_gpiote.c.o
 .debug_abbrev  0x00005f51      0x2b3 _build/nrf52810_xxaa/nrfx_prs.c.o
 .debug_abbrev  0x00006204      0x5be _build/nrf52810_xxaa/nrfx_uarte.c.o
 .debug_abbrev  0x000067c2      0x4f7 _build/nrf52810_xxaa/main.c.o
 .debug_abbrev  0x00006cb9      0x3b1 _build/nrf52810_xxaa/SEGGER_RTT.c.o
 .debug_abbrev  0x0000706a      0x4dd _build/nrf52810_xxaa/ble_advdata.c.o
 .debug_abbrev  0x00007547      0x5db _build/nrf52810_xxaa/ble_conn_params.c.o
 .debug_abbrev  0x00007b22      0x57d _build/nrf52810_xxaa/ble_conn_state.c.o
 .debug_abbrev  0x0000809f      0x3a0 _build/nrf52810_xxaa/ble_srv_common.c.o
 .debug_abbrev  0x0000843f      0x476 _build/nrf52810_xxaa/nrf_ble_gatt.c.o
 .debug_abbrev  0x000088b5      0x40f _build/nrf52810_xxaa/nrf_ble_qwr.c.o
 .debug_abbrev  0x00008cc4      0x3ef _build/nrf52810_xxaa/ble_lbs.c.o
 .debug_abbrev  0x000090b3      0x5d8 _build/nrf52810_xxaa/nrf_sdh.c.o
 .debug_abbrev  0x0000968b      0x497 _build/nrf52810_xxaa/nrf_sdh_ble.c.o
 .debug_abbrev  0x00009b22      0x304 _build/nrf52810_xxaa/nrf_sdh_soc.c.o

.debug_aranges  0x00000000      0xf38
 .debug_aranges
                0x00000000       0x20 _build/nrf52810_xxaa/gcc_startup_nrf52810.S.o
 .debug_aranges
                0x00000020       0x38 _build/nrf52810_xxaa/nrf_log_backend_rtt.c.o
 .debug_aranges
                0x00000058       0x20 _build/nrf52810_xxaa/nrf_log_backend_serial.c.o
 .debug_aranges
                0x00000078       0x50 _build/nrf52810_xxaa/nrf_log_backend_uart.c.o
 .debug_aranges
                0x000000c8       0x20 _build/nrf52810_xxaa/nrf_log_default_backends.c.o
 .debug_aranges
                0x000000e8       0xd0 _build/nrf52810_xxaa/nrf_log_frontend.c.o
 .debug_aranges
                0x000001b8       0x40 _build/nrf52810_xxaa/nrf_log_str_formatter.c.o
 .debug_aranges
                0x000001f8       0x48 _build/nrf52810_xxaa/app_button.c.o
 .debug_aranges
                0x00000240       0x28 _build/nrf52810_xxaa/app_error.c.o
 .debug_aranges
                0x00000268       0x20 _build/nrf52810_xxaa/app_error_weak.c.o
 .debug_aranges
                0x00000288       0x90 _build/nrf52810_xxaa/app_timer.c.o
 .debug_aranges
                0x00000318       0x48 _build/nrf52810_xxaa/app_util_platform.c.o
 .debug_aranges
                0x00000360       0x58 _build/nrf52810_xxaa/nrf_atflags.c.o
 .debug_aranges
                0x000003b8       0xb0 _build/nrf52810_xxaa/nrf_atomic.c.o
 .debug_aranges
                0x00000468       0x30 _build/nrf52810_xxaa/nrf_balloc.c.o
 .debug_aranges
                0x00000498       0x28 _build/nrf52810_xxaa/nrf_fprintf.c.o
 .debug_aranges
                0x000004c0       0x30 _build/nrf52810_xxaa/nrf_fprintf_format.c.o
 .debug_aranges
                0x000004f0       0x50 _build/nrf52810_xxaa/nrf_memobj.c.o
 .debug_aranges
                0x00000540       0x48 _build/nrf52810_xxaa/nrf_pwr_mgmt.c.o
 .debug_aranges
                0x00000588       0x28 _build/nrf52810_xxaa/nrf_section_iter.c.o
 .debug_aranges
                0x000005b0       0x28 _build/nrf52810_xxaa/nrf_strerror.c.o
 .debug_aranges
                0x000005d8       0x38 _build/nrf52810_xxaa/system_nrf52810.c.o
 .debug_aranges
                0x00000610       0x78 _build/nrf52810_xxaa/boards.c.o
 .debug_aranges
                0x00000688       0xb0 _build/nrf52810_xxaa/nrf_drv_clock.c.o
 .debug_aranges
                0x00000738       0x28 _build/nrf52810_xxaa/nrf_drv_uart.c.o
 .debug_aranges
                0x00000760       0x80 _build/nrf52810_xxaa/nrfx_clock.c.o
 .debug_aranges
                0x000007e0       0xf8 _build/nrf52810_xxaa/nrfx_gpiote.c.o
 .debug_aranges
                0x000008d8       0x28 _build/nrf52810_xxaa/nrfx_prs.c.o
 .debug_aranges
                0x00000900       0x78 _build/nrf52810_xxaa/nrfx_uarte.c.o
 .debug_aranges
                0x00000978       0x98 _build/nrf52810_xxaa/main.c.o
 .debug_aranges
                0x00000a10      0x108 _build/nrf52810_xxaa/SEGGER_RTT.c.o
 .debug_aranges
                0x00000b18       0x80 _build/nrf52810_xxaa/ble_advdata.c.o
 .debug_aranges
                0x00000b98       0x80 _build/nrf52810_xxaa/ble_conn_params.c.o
 .debug_aranges
                0x00000c18       0xd0 _build/nrf52810_xxaa/ble_conn_state.c.o
 .debug_aranges
                0x00000ce8       0x60 _build/nrf52810_xxaa/ble_srv_common.c.o
 .debug_aranges
                0x00000d48       0x50 _build/nrf52810_xxaa/nrf_ble_gatt.c.o
 .debug_aranges
                0x00000d98       0x48 _build/nrf52810_xxaa/nrf_ble_qwr.c.o
 .debug_aranges
                0x00000de0       0x50 _build/nrf52810_xxaa/ble_lbs.c.o
 .debug_aranges
                0x00000e30       0x90 _build/nrf52810_xxaa/nrf_sdh.c.o
 .debug_aranges
                0x00000ec0       0x50 _build/nrf52810_xxaa/nrf_sdh_ble.c.o
 .debug_aranges
                0x00000f10       0x28 _build/nrf52810_xxaa/nrf_sdh_soc.c.o

.debug_str      0x00000000    0x75ef2
 .debug_str     0x00000000       0xa1 _build/nrf52810_xxaa/gcc_startup_nrf52810.S.o
 .debug_str     0x000000a1    0x5da8d _build/nrf52810_xxaa/nrf_log_backend_rtt.c.o
                              0x5ed20 (size before relaxing)
 .debug_str     0x0005db2e      0x2e1 _build/nrf52810_xxaa/nrf_log_backend_serial.c.o
                              0x5828d (size before relaxing)
 .debug_str     0x0005de0f     0x1270 _build/nrf52810_xxaa/nrf_log_backend_uart.c.o
                              0x5f56b (size before relaxing)
 .debug_str     0x0005f07f      0x157 _build/nrf52810_xxaa/nrf_log_default_backends.c.o
                              0x5810b (size before relaxing)
 .debug_str     0x0005f1d6     0x1377 _build/nrf52810_xxaa/nrf_log_frontend.c.o
                              0x594e1 (size before relaxing)
 .debug_str     0x0006054d      0x69e _build/nrf52810_xxaa/nrf_log_str_formatter.c.o
                              0x586eb (size before relaxing)
 .debug_str     0x00060beb     0x163f _build/nrf52810_xxaa/app_button.c.o
                              0x5c755 (size before relaxing)
 .debug_str     0x0006222a       0xf4 _build/nrf52810_xxaa/app_error.c.o
                              0x48be0 (size before relaxing)
 .debug_str     0x0006231e      0xa20 _build/nrf52810_xxaa/app_error_weak.c.o
                              0x58f99 (size before relaxing)
 .debug_str     0x00062d3e      0xa71 _build/nrf52810_xxaa/app_timer.c.o
                              0x5c052 (size before relaxing)
 .debug_str     0x000637af      0x24e _build/nrf52810_xxaa/app_util_platform.c.o
                              0x49cbb (size before relaxing)
 .debug_str     0x000639fd      0x3c4 _build/nrf52810_xxaa/nrf_atflags.c.o
                              0x53968 (size before relaxing)
 .debug_str     0x00063dc1      0x65b _build/nrf52810_xxaa/nrf_atomic.c.o
                              0x53cc3 (size before relaxing)
 .debug_str     0x0006441c      0x164 _build/nrf52810_xxaa/nrf_balloc.c.o
                              0x58355 (size before relaxing)
 .debug_str     0x00064580      0x144 _build/nrf52810_xxaa/nrf_fprintf.c.o
                              0x5391c (size before relaxing)
 .debug_str     0x000646c4      0x11d _build/nrf52810_xxaa/nrf_fprintf_format.c.o
                              0x53a11 (size before relaxing)
 .debug_str     0x000647e1      0x1a3 _build/nrf52810_xxaa/nrf_memobj.c.o
                              0x56749 (size before relaxing)
 .debug_str     0x00064984     0x165a _build/nrf52810_xxaa/nrf_pwr_mgmt.c.o
                              0x600b9 (size before relaxing)
 .debug_str     0x00065fde       0x54 _build/nrf52810_xxaa/nrf_section_iter.c.o
                              0x53aeb (size before relaxing)
 .debug_str     0x00066032       0xed _build/nrf52810_xxaa/nrf_strerror.c.o
                              0x53688 (size before relaxing)
 .debug_str     0x0006611f      0x3a2 _build/nrf52810_xxaa/system_nrf52810.c.o
                              0x446d4 (size before relaxing)
 .debug_str     0x000664c1     0x148e _build/nrf52810_xxaa/boards.c.o
                              0x5c10e (size before relaxing)
 .debug_str     0x0006794f      0xe49 _build/nrf52810_xxaa/nrf_drv_clock.c.o
                              0x5f3fb (size before relaxing)
 .debug_str     0x00068798      0x15b _build/nrf52810_xxaa/nrf_drv_uart.c.o
                              0x5bf4e (size before relaxing)
 .debug_str     0x000688f3      0x74a _build/nrf52810_xxaa/nrfx_clock.c.o
                              0x5e826 (size before relaxing)
 .debug_str     0x0006903d      0xd36 _build/nrf52810_xxaa/nrfx_gpiote.c.o
                              0x5fb4a (size before relaxing)
 .debug_str     0x00069d73      0x2ce _build/nrf52810_xxaa/nrfx_prs.c.o
                              0x5de1c (size before relaxing)
 .debug_str     0x0006a041      0x9c3 _build/nrf52810_xxaa/nrfx_uarte.c.o
                              0x5f556 (size before relaxing)
 .debug_str     0x0006aa04     0x8726 _build/nrf52810_xxaa/main.c.o
                              0x68f1d (size before relaxing)
 .debug_str     0x0007312a      0x521 _build/nrf52810_xxaa/SEGGER_RTT.c.o
                              0x51071 (size before relaxing)
 .debug_str     0x0007364b      0x556 _build/nrf52810_xxaa/ble_advdata.c.o
                              0x59f84 (size before relaxing)
 .debug_str     0x00073ba1      0x37a _build/nrf52810_xxaa/ble_conn_params.c.o
                              0x5beba (size before relaxing)
 .debug_str     0x00073f1b      0x82f _build/nrf52810_xxaa/ble_conn_state.c.o
                              0x5b49f (size before relaxing)
 .debug_str     0x0007474a      0x47c _build/nrf52810_xxaa/ble_srv_common.c.o
                              0x53191 (size before relaxing)
 .debug_str     0x00074bc6      0x389 _build/nrf52810_xxaa/nrf_ble_gatt.c.o
                              0x5be40 (size before relaxing)
 .debug_str     0x00074f4f      0x21a _build/nrf52810_xxaa/nrf_ble_qwr.c.o
                              0x5a6fe (size before relaxing)
 .debug_str     0x00075169      0x112 _build/nrf52810_xxaa/ble_lbs.c.o
                              0x5ad66 (size before relaxing)
 .debug_str     0x0007527b      0x52a _build/nrf52810_xxaa/nrf_sdh.c.o
                              0x58df4 (size before relaxing)
 .debug_str     0x000757a5      0x5c9 _build/nrf52810_xxaa/nrf_sdh_ble.c.o
                              0x5cf12 (size before relaxing)
 .debug_str     0x00075d6e      0x184 _build/nrf52810_xxaa/nrf_sdh_soc.c.o
                              0x57e50 (size before relaxing)

.debug_loc      0x00000000     0xf952
 .debug_loc     0x00000000      0x1af _build/nrf52810_xxaa/nrf_log_backend_rtt.c.o
 .debug_loc     0x000001af      0x186 _build/nrf52810_xxaa/nrf_log_backend_serial.c.o
 .debug_loc     0x00000335      0x21d _build/nrf52810_xxaa/nrf_log_backend_uart.c.o
 .debug_loc     0x00000552       0x43 _build/nrf52810_xxaa/nrf_log_default_backends.c.o
 .debug_loc     0x00000595     0x1a09 _build/nrf52810_xxaa/nrf_log_frontend.c.o
 .debug_loc     0x00001f9e      0x3bd _build/nrf52810_xxaa/nrf_log_str_formatter.c.o
 .debug_loc     0x0000235b      0x406 _build/nrf52810_xxaa/app_button.c.o
 .debug_loc     0x00002761       0xcd _build/nrf52810_xxaa/app_error.c.o
 .debug_loc     0x0000282e       0x6f _build/nrf52810_xxaa/app_error_weak.c.o
 .debug_loc     0x0000289d      0xcf3 _build/nrf52810_xxaa/app_timer.c.o
 .debug_loc     0x00003590      0x18f _build/nrf52810_xxaa/app_util_platform.c.o
 .debug_loc     0x0000371f      0x442 _build/nrf52810_xxaa/nrf_atflags.c.o
 .debug_loc     0x00003b61      0x45f _build/nrf52810_xxaa/nrf_atomic.c.o
 .debug_loc     0x00003fc0      0x1a6 _build/nrf52810_xxaa/nrf_balloc.c.o
 .debug_loc     0x00004166       0x47 _build/nrf52810_xxaa/nrf_fprintf.c.o
 .debug_loc     0x000041ad      0xa3d _build/nrf52810_xxaa/nrf_fprintf_format.c.o
 .debug_loc     0x00004bea      0xb44 _build/nrf52810_xxaa/nrf_memobj.c.o
 .debug_loc     0x0000572e       0xc5 _build/nrf52810_xxaa/nrf_pwr_mgmt.c.o
 .debug_loc     0x000057f3      0x11b _build/nrf52810_xxaa/nrf_strerror.c.o
 .debug_loc     0x0000590e      0x83d _build/nrf52810_xxaa/boards.c.o
 .debug_loc     0x0000614b      0x541 _build/nrf52810_xxaa/nrf_drv_clock.c.o
 .debug_loc     0x0000668c      0x141 _build/nrf52810_xxaa/nrf_drv_uart.c.o
 .debug_loc     0x000067cd      0x31a _build/nrf52810_xxaa/nrfx_clock.c.o
 .debug_loc     0x00006ae7     0x1d8f _build/nrf52810_xxaa/nrfx_gpiote.c.o
 .debug_loc     0x00008876       0x25 _build/nrf52810_xxaa/nrfx_prs.c.o
 .debug_loc     0x0000889b     0x14e0 _build/nrf52810_xxaa/nrfx_uarte.c.o
 .debug_loc     0x00009d7b      0x85e _build/nrf52810_xxaa/main.c.o
 .debug_loc     0x0000a5d9     0x18be _build/nrf52810_xxaa/SEGGER_RTT.c.o
 .debug_loc     0x0000be97     0x11f6 _build/nrf52810_xxaa/ble_advdata.c.o
 .debug_loc     0x0000d08d      0x9ce _build/nrf52810_xxaa/ble_conn_params.c.o
 .debug_loc     0x0000da5b      0x751 _build/nrf52810_xxaa/ble_conn_state.c.o
 .debug_loc     0x0000e1ac      0x31e _build/nrf52810_xxaa/ble_srv_common.c.o
 .debug_loc     0x0000e4ca      0x6b0 _build/nrf52810_xxaa/nrf_ble_gatt.c.o
 .debug_loc     0x0000eb7a      0x2db _build/nrf52810_xxaa/nrf_ble_qwr.c.o